[1.181s] Invoking command in '/ros2_ws/build/package_name3': PYTHONPATH=/ros2_ws/build/package_name3/prefix_override:/usr/lib/python3/dist-packages/colcon_core/task/python/colcon_distutils_commands:/ros2_ws/install/package_name3/lib/python3.10/site-packages:${PYTHONPATH} /usr/bin/python3 -W ignore:setup.py install is deprecated -W ignore:easy_install command is deprecated setup.py develop --editable --build-directory /ros2_ws/build/package_name3/build --no-deps symlink_data
[1.432s] running develop
[1.521s] running egg_info
[1.522s] creating package_name3.egg-info
[1.522s] writing package_name3.egg-info/PKG-INFO
[1.522s] writing dependency_links to package_name3.egg-info/dependency_links.txt
[1.522s] writing entry points to package_name3.egg-info/entry_points.txt
[1.522s] writing requirements to package_name3.egg-info/requires.txt
[1.522s] writing top-level names to package_name3.egg-info/top_level.txt
[1.523s] writing manifest file 'package_name3.egg-info/SOURCES.txt'
[1.538s] reading manifest file 'package_name3.egg-info/SOURCES.txt'
[1.538s] writing manifest file 'package_name3.egg-info/SOURCES.txt'
[1.538s] running build_ext
[1.538s] Creating /ros2_ws/install/package_name3/lib/python3.10/site-packages/package-name3.egg-link (link to .)
[1.538s] 
[1.538s] Installed /ros2_ws/build/package_name3
[1.538s] running symlink_data
[1.538s] creating /ros2_ws/install/package_name3/share/ament_index
[1.539s] creating /ros2_ws/install/package_name3/share/ament_index/resource_index
[1.539s] creating /ros2_ws/install/package_name3/share/ament_index/resource_index/packages
[1.539s] symbolically linking /ros2_ws/build/package_name3/resource/package_name3 -> /ros2_ws/install/package_name3/share/ament_index/resource_index/packages
[1.539s] symbolically linking /ros2_ws/build/package_name3/package.xml -> /ros2_ws/install/package_name3/share/package_name3
[1.639s] Invoked command in '/ros2_ws/build/package_name3' returned '0': PYTHONPATH=/ros2_ws/build/package_name3/prefix_override:/usr/lib/python3/dist-packages/colcon_core/task/python/colcon_distutils_commands:/ros2_ws/install/package_name3/lib/python3.10/site-packages:${PYTHONPATH} /usr/bin/python3 -W ignore:setup.py install is deprecated -W ignore:easy_install command is deprecated setup.py develop --editable --build-directory /ros2_ws/build/package_name3/build --no-deps symlink_data
