running develop
running egg_info
creating pi_camera.egg-info
writing pi_camera.egg-info/PKG-INFO
writing dependency_links to pi_camera.egg-info/dependency_links.txt
writing entry points to pi_camera.egg-info/entry_points.txt
writing requirements to pi_camera.egg-info/requires.txt
writing top-level names to pi_camera.egg-info/top_level.txt
writing manifest file 'pi_camera.egg-info/SOURCES.txt'
reading manifest file 'pi_camera.egg-info/SOURCES.txt'
writing manifest file 'pi_camera.egg-info/SOURCES.txt'
running build_ext
Creating /ros2_ws/ros/ros2_ws/install/pi_camera/lib/python3.10/site-packages/pi-camera.egg-link (link to .)
Installing pi_camera_node script to /ros2_ws/ros/ros2_ws/install/pi_camera/lib/pi_camera

Installed /ros2_ws/ros/ros2_ws/build/pi_camera
running symlink_data
creating /ros2_ws/ros/ros2_ws/install/pi_camera/share/ament_index
creating /ros2_ws/ros/ros2_ws/install/pi_camera/share/ament_index/resource_index
creating /ros2_ws/ros/ros2_ws/install/pi_camera/share/ament_index/resource_index/packages
symbolically linking /ros2_ws/ros/ros2_ws/build/pi_camera/resource/pi_camera -> /ros2_ws/ros/ros2_ws/install/pi_camera/share/ament_index/resource_index/packages
symbolically linking /ros2_ws/ros/ros2_ws/build/pi_camera/package.xml -> /ros2_ws/ros/ros2_ws/install/pi_camera/share/pi_camera
