[0.570s] Invoking command in '/ros2_ws/ros/ros2_ws/build/pi_camera': PYTHONPATH=/ros2_ws/ros/ros2_ws/build/pi_camera/prefix_override:/usr/lib/python3/dist-packages/colcon_core/task/python/colcon_distutils_commands:/ros2_ws/ros/ros2_ws/install/pi_camera/lib/python3.10/site-packages:${PYTHONPATH} /usr/bin/python3 -W ignore:setup.py install is deprecated -W ignore:easy_install command is deprecated setup.py develop --editable --build-directory /ros2_ws/ros/ros2_ws/build/pi_camera/build --no-deps symlink_data
[0.793s] running develop
[0.878s] running egg_info
[0.878s] creating pi_camera.egg-info
[0.881s] writing pi_camera.egg-info/PKG-INFO
[0.881s] writing dependency_links to pi_camera.egg-info/dependency_links.txt
[0.881s] writing entry points to pi_camera.egg-info/entry_points.txt
[0.881s] writing requirements to pi_camera.egg-info/requires.txt
[0.881s] writing top-level names to pi_camera.egg-info/top_level.txt
[0.881s] writing manifest file 'pi_camera.egg-info/SOURCES.txt'
[0.881s] reading manifest file 'pi_camera.egg-info/SOURCES.txt'
[0.881s] writing manifest file 'pi_camera.egg-info/SOURCES.txt'
[0.883s] running build_ext
[0.883s] Creating /ros2_ws/ros/ros2_ws/install/pi_camera/lib/python3.10/site-packages/pi-camera.egg-link (link to .)
[0.884s] Installing pi_camera_node script to /ros2_ws/ros/ros2_ws/install/pi_camera/lib/pi_camera
[0.884s] 
[0.884s] Installed /ros2_ws/ros/ros2_ws/build/pi_camera
[0.884s] running symlink_data
[0.884s] creating /ros2_ws/ros/ros2_ws/install/pi_camera/share/ament_index
[0.884s] creating /ros2_ws/ros/ros2_ws/install/pi_camera/share/ament_index/resource_index
[0.884s] creating /ros2_ws/ros/ros2_ws/install/pi_camera/share/ament_index/resource_index/packages
[0.885s] symbolically linking /ros2_ws/ros/ros2_ws/build/pi_camera/resource/pi_camera -> /ros2_ws/ros/ros2_ws/install/pi_camera/share/ament_index/resource_index/packages
[0.885s] symbolically linking /ros2_ws/ros/ros2_ws/build/pi_camera/package.xml -> /ros2_ws/ros/ros2_ws/install/pi_camera/share/pi_camera
[0.937s] Invoked command in '/ros2_ws/ros/ros2_ws/build/pi_camera' returned '0': PYTHONPATH=/ros2_ws/ros/ros2_ws/build/pi_camera/prefix_override:/usr/lib/python3/dist-packages/colcon_core/task/python/colcon_distutils_commands:/ros2_ws/ros/ros2_ws/install/pi_camera/lib/python3.10/site-packages:${PYTHONPATH} /usr/bin/python3 -W ignore:setup.py install is deprecated -W ignore:easy_install command is deprecated setup.py develop --editable --build-directory /ros2_ws/ros/ros2_ws/build/pi_camera/build --no-deps symlink_data
