running develop
running egg_info
creating setup_package.egg-info
writing setup_package.egg-info/PKG-INFO
writing dependency_links to setup_package.egg-info/dependency_links.txt
writing entry points to setup_package.egg-info/entry_points.txt
writing requirements to setup_package.egg-info/requires.txt
writing top-level names to setup_package.egg-info/top_level.txt
writing manifest file 'setup_package.egg-info/SOURCES.txt'
reading manifest file 'setup_package.egg-info/SOURCES.txt'
writing manifest file 'setup_package.egg-info/SOURCES.txt'
running build_ext
Creating /ros2_ws/install/setup_package/lib/python3.10/site-packages/setup-package.egg-link (link to .)

Installed /ros2_ws/build/setup_package
running symlink_data
creating /ros2_ws/install/setup_package/share/ament_index
creating /ros2_ws/install/setup_package/share/ament_index/resource_index
creating /ros2_ws/install/setup_package/share/ament_index/resource_index/packages
symbolically linking /ros2_ws/build/setup_package/resource/setup_package -> /ros2_ws/install/setup_package/share/ament_index/resource_index/packages
symbolically linking /ros2_ws/build/setup_package/package.xml -> /ros2_ws/install/setup_package/share/setup_package
