[0.559s] Invoking command in '/ros2_ws/build/setup_package': PYTHONPATH=/ros2_ws/build/setup_package/prefix_override:/usr/lib/python3/dist-packages/colcon_core/task/python/colcon_distutils_commands:/ros2_ws/install/setup_package/lib/python3.10/site-packages:${PYTHONPATH} /usr/bin/python3 -W ignore:setup.py install is deprecated -W ignore:easy_install command is deprecated setup.py develop --editable --build-directory /ros2_ws/build/setup_package/build --no-deps symlink_data
[0.779s] running develop
[0.861s] running egg_info
[0.863s] creating setup_package.egg-info
[0.863s] writing setup_package.egg-info/PKG-INFO
[0.863s] writing dependency_links to setup_package.egg-info/dependency_links.txt
[0.863s] writing entry points to setup_package.egg-info/entry_points.txt
[0.863s] writing requirements to setup_package.egg-info/requires.txt
[0.863s] writing top-level names to setup_package.egg-info/top_level.txt
[0.863s] writing manifest file 'setup_package.egg-info/SOURCES.txt'
[0.864s] reading manifest file 'setup_package.egg-info/SOURCES.txt'
[0.865s] writing manifest file 'setup_package.egg-info/SOURCES.txt'
[0.867s] running build_ext
[0.867s] Creating /ros2_ws/install/setup_package/lib/python3.10/site-packages/setup-package.egg-link (link to .)
[0.867s] 
[0.867s] Installed /ros2_ws/build/setup_package
[0.867s] running symlink_data
[0.867s] creating /ros2_ws/install/setup_package/share/ament_index
[0.867s] creating /ros2_ws/install/setup_package/share/ament_index/resource_index
[0.867s] creating /ros2_ws/install/setup_package/share/ament_index/resource_index/packages
[0.868s] symbolically linking /ros2_ws/build/setup_package/resource/setup_package -> /ros2_ws/install/setup_package/share/ament_index/resource_index/packages
[0.868s] symbolically linking /ros2_ws/build/setup_package/package.xml -> /ros2_ws/install/setup_package/share/setup_package
[0.921s] Invoked command in '/ros2_ws/build/setup_package' returned '0': PYTHONPATH=/ros2_ws/build/setup_package/prefix_override:/usr/lib/python3/dist-packages/colcon_core/task/python/colcon_distutils_commands:/ros2_ws/install/setup_package/lib/python3.10/site-packages:${PYTHONPATH} /usr/bin/python3 -W ignore:setup.py install is deprecated -W ignore:easy_install command is deprecated setup.py develop --editable --build-directory /ros2_ws/build/setup_package/build --no-deps symlink_data
