[0.575s] Invoking command in '/ros2_ws/build/simple_chat': PYTHONPATH=/ros2_ws/build/simple_chat/prefix_override:/usr/lib/python3/dist-packages/colcon_core/task/python/colcon_distutils_commands:/ros2_ws/install/simple_chat/lib/python3.10/site-packages:${PYTHONPATH} /usr/bin/python3 -W ignore:setup.py install is deprecated -W ignore:easy_install command is deprecated setup.py develop --editable --build-directory /ros2_ws/build/simple_chat/build --no-deps symlink_data
[0.794s] running develop
[0.878s] running egg_info
[0.879s] creating simple_chat.egg-info
[0.879s] writing simple_chat.egg-info/PKG-INFO
[0.879s] writing dependency_links to simple_chat.egg-info/dependency_links.txt
[0.879s] writing entry points to simple_chat.egg-info/entry_points.txt
[0.879s] writing requirements to simple_chat.egg-info/requires.txt
[0.879s] writing top-level names to simple_chat.egg-info/top_level.txt
[0.879s] writing manifest file 'simple_chat.egg-info/SOURCES.txt'
[0.880s] reading manifest file 'simple_chat.egg-info/SOURCES.txt'
[0.883s] writing manifest file 'simple_chat.egg-info/SOURCES.txt'
[0.883s] running build_ext
[0.883s] Creating /ros2_ws/install/simple_chat/lib/python3.10/site-packages/simple-chat.egg-link (link to .)
[0.883s] 
[0.883s] Installed /ros2_ws/build/simple_chat
[0.884s] running symlink_data
[0.884s] creating /ros2_ws/install/simple_chat/share/ament_index
[0.884s] creating /ros2_ws/install/simple_chat/share/ament_index/resource_index
[0.884s] creating /ros2_ws/install/simple_chat/share/ament_index/resource_index/packages
[0.884s] symbolically linking /ros2_ws/build/simple_chat/resource/simple_chat -> /ros2_ws/install/simple_chat/share/ament_index/resource_index/packages
[0.884s] symbolically linking /ros2_ws/build/simple_chat/package.xml -> /ros2_ws/install/simple_chat/share/simple_chat
[0.938s] Invoked command in '/ros2_ws/build/simple_chat' returned '0': PYTHONPATH=/ros2_ws/build/simple_chat/prefix_override:/usr/lib/python3/dist-packages/colcon_core/task/python/colcon_distutils_commands:/ros2_ws/install/simple_chat/lib/python3.10/site-packages:${PYTHONPATH} /usr/bin/python3 -W ignore:setup.py install is deprecated -W ignore:easy_install command is deprecated setup.py develop --editable --build-directory /ros2_ws/build/simple_chat/build --no-deps symlink_data
