-- The C compiler identification is GNU 11.4.0
-- The CXX compiler identification is GNU 11.4.0
-- Detecting C compiler ABI info
-- Detecting C compiler ABI info - done
-- Check for working C compiler: /usr/bin/cc - skipped
-- Detecting C compile features
-- Detecting C compile features - done
-- Detecting CXX compiler ABI info
-- Detecting CXX compiler ABI info - done
-- Check for working CXX compiler: /usr/bin/c++ - skipped
-- Detecting CXX compile features
-- Detecting CXX compile features - done
-- Build Type: Release
-- Current CPU architecture: x86_64
-- Using general x86 optimizations: -O3 -march=native -mtune=native -funroll-loops
-- Processor count: 16
-- Multithreading enabled. Cores: 4
-- OpenMP found
-- mimalloc not found, proceeding without it
-- Configuring incomplete, errors occurred!
See also "/home/luna/ros2_ws/build/fast_livo/CMakeFiles/CMakeOutput.log".
