[0mCMake Deprecation Warning at CMakeLists.txt:1 (cmake_minimum_required):
  Compatibility with CMake < 2.8.12 will be removed from a future version of
  CMake.

  Update the VERSION argument <min> value or use a ...<max> suffix to tell
  CMake that the project does not need compatibility with older versions.

[0m
-- The C compiler identification is GNU 11.4.0
-- The CXX compiler identification is GNU 11.4.0
-- Detecting C compiler ABI info
-- Detecting C compiler ABI info - done
-- Check for working C compiler: /usr/bin/cc - skipped
-- Detecting C compile features
-- Detecting C compile features - done
-- Detecting CXX compiler ABI info
-- Detecting CXX compiler ABI info - done
-- Check for working CXX compiler: /usr/bin/c++ - skipped
-- Detecting CXX compile features
-- Detecting CXX compile features - done
-- Build Type: Release
-- Current CPU architecture: x86_64
-- Using general x86 optimizations: -O3 -march=native -mtune=native -funroll-loops
-- Processor count: 16
-- Multithreading enabled. Cores: 4
-- OpenMP found
-- mimalloc not found, proceeding without it
[31mCMake Error at CMakeLists.txt:79 (find_package):
  By not providing "Findcatkin.cmake" in CMAKE_MODULE_PATH this project has
  asked CMake to find a package configuration file provided by "catkin", but
  CMake did not find one.

  Could not find a package configuration file provided by "catkin" with any
  of the following names:

    catkinConfig.cmake
    catkin-config.cmake

  Add the installation prefix of "catkin" to CMAKE_PREFIX_PATH or set
  "catkin_DIR" to a directory containing one of the above files.  If "catkin"
  provides a separate development package or SDK, be sure it has been
  installed.

[0m
-- Configuring incomplete, errors occurred!
See also "/home/luna/ros2_ws/build/fast_livo/CMakeFiles/CMakeOutput.log".
