[0.129s] DEBUG:colcon:Command line arguments: ['/usr/bin/colcon', 'build', '--symlink-install']
[0.129s] DEBUG:colcon:Parsed command line arguments: Namespace(log_base=None, log_level=None, verb_name='build', build_base='build', install_base='install', merge_install=False, symlink_install=True, test_result_base=None, continue_on_error=False, executor='parallel', parallel_workers=4, event_handlers=None, ignore_user_meta=False, metas=['./colcon.meta'], base_paths=['.'], packages_ignore=None, packages_ignore_regex=None, paths=None, packages_up_to=None, packages_up_to_regex=None, packages_above=None, packages_above_and_dependencies=None, packages_above_depth=None, packages_select_by_dep=None, packages_skip_by_dep=None, packages_skip_up_to=None, packages_select_build_failed=False, packages_skip_build_finished=False, packages_select_test_failures=False, packages_skip_test_passed=False, packages_select=None, packages_skip=None, packages_select_regex=None, packages_skip_regex=None, packages_start=None, packages_end=None, cmake_args=None, cmake_target=None, cmake_target_skip_unavailable=False, cmake_clean_cache=False, cmake_clean_first=False, cmake_force_configure=False, ament_cmake_args=None, catkin_cmake_args=None, catkin_skip_building_tests=False, mixin_files=None, mixin=None, verb_parser=<colcon_mixin.mixin.mixin_argument.MixinArgumentDecorator object at 0x7fff2ed35cc0>, verb_extension=<colcon_core.verb.build.BuildVerb object at 0x7fff2ed357e0>, main=<bound method BuildVerb.main of <colcon_core.verb.build.BuildVerb object at 0x7fff2ed357e0>>, mixin_verb=('build',))
[0.250s] Level 1:colcon.colcon_core.package_discovery:discover_packages(colcon_meta) check parameters
[0.251s] INFO:colcon.colcon_metadata.package_discovery.colcon_meta:Using configuration from '/root/.colcon/metadata/default/Gazebo.meta'
[0.252s] INFO:colcon.colcon_metadata.package_discovery.colcon_meta:Using configuration from '/root/.colcon/metadata/default/fastdds.meta'
[0.252s] INFO:colcon.colcon_metadata.package_discovery.colcon_meta:Using configuration from '/root/.colcon/metadata/default/fastrtps.meta'
[0.252s] Level 1:colcon.colcon_core.package_discovery:discover_packages(recursive) check parameters
[0.252s] Level 1:colcon.colcon_core.package_discovery:discover_packages(ignore) check parameters
[0.252s] Level 1:colcon.colcon_core.package_discovery:discover_packages(path) check parameters
[0.252s] Level 1:colcon.colcon_core.package_discovery:discover_packages(colcon_meta) discover
[0.253s] Level 1:colcon.colcon_core.package_discovery:discover_packages(recursive) discover
[0.253s] INFO:colcon.colcon_core.package_discovery:Crawling recursively for packages in '/ros2_ws'
[0.253s] Level 1:colcon.colcon_core.package_identification:_identify(.) by extensions ['ignore', 'ignore_ament_install']
[0.253s] Level 1:colcon.colcon_core.package_identification:_identify(.) by extension 'ignore'
[0.253s] Level 1:colcon.colcon_core.package_identification:_identify(.) by extension 'ignore_ament_install'
[0.253s] Level 1:colcon.colcon_core.package_identification:_identify(.) by extensions ['colcon_pkg']
[0.253s] Level 1:colcon.colcon_core.package_identification:_identify(.) by extension 'colcon_pkg'
[0.253s] Level 1:colcon.colcon_core.package_identification:_identify(.) by extensions ['colcon_meta']
[0.253s] Level 1:colcon.colcon_core.package_identification:_identify(.) by extension 'colcon_meta'
[0.253s] Level 1:colcon.colcon_core.package_identification:_identify(.) by extensions ['ros']
[0.253s] Level 1:colcon.colcon_core.package_identification:_identify(.) by extension 'ros'
[0.268s] Level 1:colcon.colcon_core.package_identification:_identify(.) by extensions ['cmake', 'python']
[0.268s] Level 1:colcon.colcon_core.package_identification:_identify(.) by extension 'cmake'
[0.268s] Level 1:colcon.colcon_core.package_identification:_identify(.) by extension 'python'
[0.268s] Level 1:colcon.colcon_core.package_identification:_identify(.) by extensions ['python_setup_py']
[0.268s] Level 1:colcon.colcon_core.package_identification:_identify(.) by extension 'python_setup_py'
[0.268s] Level 1:colcon.colcon_core.package_identification:_identify(LiDAR_Project) by extensions ['ignore', 'ignore_ament_install']
[0.268s] Level 1:colcon.colcon_core.package_identification:_identify(LiDAR_Project) by extension 'ignore'
[0.268s] Level 1:colcon.colcon_core.package_identification:_identify(LiDAR_Project) by extension 'ignore_ament_install'
[0.268s] Level 1:colcon.colcon_core.package_identification:_identify(LiDAR_Project) by extensions ['colcon_pkg']
[0.268s] Level 1:colcon.colcon_core.package_identification:_identify(LiDAR_Project) by extension 'colcon_pkg'
[0.268s] Level 1:colcon.colcon_core.package_identification:_identify(LiDAR_Project) by extensions ['colcon_meta']
[0.268s] Level 1:colcon.colcon_core.package_identification:_identify(LiDAR_Project) by extension 'colcon_meta'
[0.268s] Level 1:colcon.colcon_core.package_identification:_identify(LiDAR_Project) by extensions ['ros']
[0.268s] Level 1:colcon.colcon_core.package_identification:_identify(LiDAR_Project) by extension 'ros'
[0.268s] Level 1:colcon.colcon_core.package_identification:_identify(LiDAR_Project) by extensions ['cmake', 'python']
[0.268s] Level 1:colcon.colcon_core.package_identification:_identify(LiDAR_Project) by extension 'cmake'
[0.269s] Level 1:colcon.colcon_core.package_identification:_identify(LiDAR_Project) by extension 'python'
[0.269s] Level 1:colcon.colcon_core.package_identification:_identify(LiDAR_Project) by extensions ['python_setup_py']
[0.269s] Level 1:colcon.colcon_core.package_identification:_identify(LiDAR_Project) by extension 'python_setup_py'
[0.269s] Level 1:colcon.colcon_core.package_identification:_identify(build) by extensions ['ignore', 'ignore_ament_install']
[0.269s] Level 1:colcon.colcon_core.package_identification:_identify(build) by extension 'ignore'
[0.269s] Level 1:colcon.colcon_core.package_identification:_identify(build) ignored
[0.269s] Level 1:colcon.colcon_core.package_identification:_identify(install) by extensions ['ignore', 'ignore_ament_install']
[0.269s] Level 1:colcon.colcon_core.package_identification:_identify(install) by extension 'ignore'
[0.269s] Level 1:colcon.colcon_core.package_identification:_identify(install) ignored
[0.269s] Level 1:colcon.colcon_core.package_identification:_identify(log) by extensions ['ignore', 'ignore_ament_install']
[0.269s] Level 1:colcon.colcon_core.package_identification:_identify(log) by extension 'ignore'
[0.269s] Level 1:colcon.colcon_core.package_identification:_identify(log) ignored
[0.269s] Level 1:colcon.colcon_core.package_identification:_identify(rc controller) by extensions ['ignore', 'ignore_ament_install']
[0.269s] Level 1:colcon.colcon_core.package_identification:_identify(rc controller) by extension 'ignore'
[0.269s] Level 1:colcon.colcon_core.package_identification:_identify(rc controller) by extension 'ignore_ament_install'
[0.269s] Level 1:colcon.colcon_core.package_identification:_identify(rc controller) by extensions ['colcon_pkg']
[0.269s] Level 1:colcon.colcon_core.package_identification:_identify(rc controller) by extension 'colcon_pkg'
[0.270s] Level 1:colcon.colcon_core.package_identification:_identify(rc controller) by extensions ['colcon_meta']
[0.270s] Level 1:colcon.colcon_core.package_identification:_identify(rc controller) by extension 'colcon_meta'
[0.270s] Level 1:colcon.colcon_core.package_identification:_identify(rc controller) by extensions ['ros']
[0.270s] Level 1:colcon.colcon_core.package_identification:_identify(rc controller) by extension 'ros'
[0.270s] Level 1:colcon.colcon_core.package_identification:_identify(rc controller) by extensions ['cmake', 'python']
[0.270s] Level 1:colcon.colcon_core.package_identification:_identify(rc controller) by extension 'cmake'
[0.270s] Level 1:colcon.colcon_core.package_identification:_identify(rc controller) by extension 'python'
[0.270s] Level 1:colcon.colcon_core.package_identification:_identify(rc controller) by extensions ['python_setup_py']
[0.270s] Level 1:colcon.colcon_core.package_identification:_identify(rc controller) by extension 'python_setup_py'
[0.270s] Level 1:colcon.colcon_core.package_identification:_identify(rc controller/component_tests) by extensions ['ignore', 'ignore_ament_install']
[0.270s] Level 1:colcon.colcon_core.package_identification:_identify(rc controller/component_tests) by extension 'ignore'
[0.270s] Level 1:colcon.colcon_core.package_identification:_identify(rc controller/component_tests) by extension 'ignore_ament_install'
[0.270s] Level 1:colcon.colcon_core.package_identification:_identify(rc controller/component_tests) by extensions ['colcon_pkg']
[0.270s] Level 1:colcon.colcon_core.package_identification:_identify(rc controller/component_tests) by extension 'colcon_pkg'
[0.270s] Level 1:colcon.colcon_core.package_identification:_identify(rc controller/component_tests) by extensions ['colcon_meta']
[0.270s] Level 1:colcon.colcon_core.package_identification:_identify(rc controller/component_tests) by extension 'colcon_meta'
[0.270s] Level 1:colcon.colcon_core.package_identification:_identify(rc controller/component_tests) by extensions ['ros']
[0.270s] Level 1:colcon.colcon_core.package_identification:_identify(rc controller/component_tests) by extension 'ros'
[0.270s] Level 1:colcon.colcon_core.package_identification:_identify(rc controller/component_tests) by extensions ['cmake', 'python']
[0.270s] Level 1:colcon.colcon_core.package_identification:_identify(rc controller/component_tests) by extension 'cmake'
[0.270s] Level 1:colcon.colcon_core.package_identification:_identify(rc controller/component_tests) by extension 'python'
[0.270s] Level 1:colcon.colcon_core.package_identification:_identify(rc controller/component_tests) by extensions ['python_setup_py']
[0.270s] Level 1:colcon.colcon_core.package_identification:_identify(rc controller/component_tests) by extension 'python_setup_py'
[0.271s] Level 1:colcon.colcon_core.package_identification:_identify(rc controller/component_tests/actuator_test) by extensions ['ignore', 'ignore_ament_install']
[0.271s] Level 1:colcon.colcon_core.package_identification:_identify(rc controller/component_tests/actuator_test) by extension 'ignore'
[0.271s] Level 1:colcon.colcon_core.package_identification:_identify(rc controller/component_tests/actuator_test) by extension 'ignore_ament_install'
[0.271s] Level 1:colcon.colcon_core.package_identification:_identify(rc controller/component_tests/actuator_test) by extensions ['colcon_pkg']
[0.271s] Level 1:colcon.colcon_core.package_identification:_identify(rc controller/component_tests/actuator_test) by extension 'colcon_pkg'
[0.271s] Level 1:colcon.colcon_core.package_identification:_identify(rc controller/component_tests/actuator_test) by extensions ['colcon_meta']
[0.271s] Level 1:colcon.colcon_core.package_identification:_identify(rc controller/component_tests/actuator_test) by extension 'colcon_meta'
[0.271s] Level 1:colcon.colcon_core.package_identification:_identify(rc controller/component_tests/actuator_test) by extensions ['ros']
[0.271s] Level 1:colcon.colcon_core.package_identification:_identify(rc controller/component_tests/actuator_test) by extension 'ros'
[0.271s] Level 1:colcon.colcon_core.package_identification:_identify(rc controller/component_tests/actuator_test) by extensions ['cmake', 'python']
[0.271s] Level 1:colcon.colcon_core.package_identification:_identify(rc controller/component_tests/actuator_test) by extension 'cmake'
[0.271s] Level 1:colcon.colcon_core.package_identification:_identify(rc controller/component_tests/actuator_test) by extension 'python'
[0.271s] Level 1:colcon.colcon_core.package_identification:_identify(rc controller/component_tests/actuator_test) by extensions ['python_setup_py']
[0.271s] Level 1:colcon.colcon_core.package_identification:_identify(rc controller/component_tests/actuator_test) by extension 'python_setup_py'
[0.271s] Level 1:colcon.colcon_core.package_identification:_identify(rc controller/component_tests/actuator_test_pwm) by extensions ['ignore', 'ignore_ament_install']
[0.271s] Level 1:colcon.colcon_core.package_identification:_identify(rc controller/component_tests/actuator_test_pwm) by extension 'ignore'
[0.271s] Level 1:colcon.colcon_core.package_identification:_identify(rc controller/component_tests/actuator_test_pwm) by extension 'ignore_ament_install'
[0.271s] Level 1:colcon.colcon_core.package_identification:_identify(rc controller/component_tests/actuator_test_pwm) by extensions ['colcon_pkg']
[0.271s] Level 1:colcon.colcon_core.package_identification:_identify(rc controller/component_tests/actuator_test_pwm) by extension 'colcon_pkg'
[0.271s] Level 1:colcon.colcon_core.package_identification:_identify(rc controller/component_tests/actuator_test_pwm) by extensions ['colcon_meta']
[0.271s] Level 1:colcon.colcon_core.package_identification:_identify(rc controller/component_tests/actuator_test_pwm) by extension 'colcon_meta'
[0.271s] Level 1:colcon.colcon_core.package_identification:_identify(rc controller/component_tests/actuator_test_pwm) by extensions ['ros']
[0.271s] Level 1:colcon.colcon_core.package_identification:_identify(rc controller/component_tests/actuator_test_pwm) by extension 'ros'
[0.272s] Level 1:colcon.colcon_core.package_identification:_identify(rc controller/component_tests/actuator_test_pwm) by extensions ['cmake', 'python']
[0.272s] Level 1:colcon.colcon_core.package_identification:_identify(rc controller/component_tests/actuator_test_pwm) by extension 'cmake'
[0.272s] Level 1:colcon.colcon_core.package_identification:_identify(rc controller/component_tests/actuator_test_pwm) by extension 'python'
[0.272s] Level 1:colcon.colcon_core.package_identification:_identify(rc controller/component_tests/actuator_test_pwm) by extensions ['python_setup_py']
[0.272s] Level 1:colcon.colcon_core.package_identification:_identify(rc controller/component_tests/actuator_test_pwm) by extension 'python_setup_py'
[0.272s] Level 1:colcon.colcon_core.package_identification:_identify(rc controller/component_tests/motors_test) by extensions ['ignore', 'ignore_ament_install']
[0.272s] Level 1:colcon.colcon_core.package_identification:_identify(rc controller/component_tests/motors_test) by extension 'ignore'
[0.272s] Level 1:colcon.colcon_core.package_identification:_identify(rc controller/component_tests/motors_test) by extension 'ignore_ament_install'
[0.272s] Level 1:colcon.colcon_core.package_identification:_identify(rc controller/component_tests/motors_test) by extensions ['colcon_pkg']
[0.272s] Level 1:colcon.colcon_core.package_identification:_identify(rc controller/component_tests/motors_test) by extension 'colcon_pkg'
[0.272s] Level 1:colcon.colcon_core.package_identification:_identify(rc controller/component_tests/motors_test) by extensions ['colcon_meta']
[0.272s] Level 1:colcon.colcon_core.package_identification:_identify(rc controller/component_tests/motors_test) by extension 'colcon_meta'
[0.272s] Level 1:colcon.colcon_core.package_identification:_identify(rc controller/component_tests/motors_test) by extensions ['ros']
[0.272s] Level 1:colcon.colcon_core.package_identification:_identify(rc controller/component_tests/motors_test) by extension 'ros'
[0.272s] Level 1:colcon.colcon_core.package_identification:_identify(rc controller/component_tests/motors_test) by extensions ['cmake', 'python']
[0.272s] Level 1:colcon.colcon_core.package_identification:_identify(rc controller/component_tests/motors_test) by extension 'cmake'
[0.272s] Level 1:colcon.colcon_core.package_identification:_identify(rc controller/component_tests/motors_test) by extension 'python'
[0.272s] Level 1:colcon.colcon_core.package_identification:_identify(rc controller/component_tests/motors_test) by extensions ['python_setup_py']
[0.272s] Level 1:colcon.colcon_core.package_identification:_identify(rc controller/component_tests/motors_test) by extension 'python_setup_py'
[0.272s] Level 1:colcon.colcon_core.package_identification:_identify(rc controller/component_tests/servo_test) by extensions ['ignore', 'ignore_ament_install']
[0.272s] Level 1:colcon.colcon_core.package_identification:_identify(rc controller/component_tests/servo_test) by extension 'ignore'
[0.272s] Level 1:colcon.colcon_core.package_identification:_identify(rc controller/component_tests/servo_test) by extension 'ignore_ament_install'
[0.272s] Level 1:colcon.colcon_core.package_identification:_identify(rc controller/component_tests/servo_test) by extensions ['colcon_pkg']
[0.272s] Level 1:colcon.colcon_core.package_identification:_identify(rc controller/component_tests/servo_test) by extension 'colcon_pkg'
[0.273s] Level 1:colcon.colcon_core.package_identification:_identify(rc controller/component_tests/servo_test) by extensions ['colcon_meta']
[0.273s] Level 1:colcon.colcon_core.package_identification:_identify(rc controller/component_tests/servo_test) by extension 'colcon_meta'
[0.273s] Level 1:colcon.colcon_core.package_identification:_identify(rc controller/component_tests/servo_test) by extensions ['ros']
[0.273s] Level 1:colcon.colcon_core.package_identification:_identify(rc controller/component_tests/servo_test) by extension 'ros'
[0.273s] Level 1:colcon.colcon_core.package_identification:_identify(rc controller/component_tests/servo_test) by extensions ['cmake', 'python']
[0.273s] Level 1:colcon.colcon_core.package_identification:_identify(rc controller/component_tests/servo_test) by extension 'cmake'
[0.273s] Level 1:colcon.colcon_core.package_identification:_identify(rc controller/component_tests/servo_test) by extension 'python'
[0.273s] Level 1:colcon.colcon_core.package_identification:_identify(rc controller/component_tests/servo_test) by extensions ['python_setup_py']
[0.273s] Level 1:colcon.colcon_core.package_identification:_identify(rc controller/component_tests/servo_test) by extension 'python_setup_py'
[0.273s] Level 1:colcon.colcon_core.package_identification:_identify(rc controller/documents) by extensions ['ignore', 'ignore_ament_install']
[0.273s] Level 1:colcon.colcon_core.package_identification:_identify(rc controller/documents) by extension 'ignore'
[0.273s] Level 1:colcon.colcon_core.package_identification:_identify(rc controller/documents) by extension 'ignore_ament_install'
[0.273s] Level 1:colcon.colcon_core.package_identification:_identify(rc controller/documents) by extensions ['colcon_pkg']
[0.273s] Level 1:colcon.colcon_core.package_identification:_identify(rc controller/documents) by extension 'colcon_pkg'
[0.273s] Level 1:colcon.colcon_core.package_identification:_identify(rc controller/documents) by extensions ['colcon_meta']
[0.273s] Level 1:colcon.colcon_core.package_identification:_identify(rc controller/documents) by extension 'colcon_meta'
[0.273s] Level 1:colcon.colcon_core.package_identification:_identify(rc controller/documents) by extensions ['ros']
[0.273s] Level 1:colcon.colcon_core.package_identification:_identify(rc controller/documents) by extension 'ros'
[0.273s] Level 1:colcon.colcon_core.package_identification:_identify(rc controller/documents) by extensions ['cmake', 'python']
[0.273s] Level 1:colcon.colcon_core.package_identification:_identify(rc controller/documents) by extension 'cmake'
[0.273s] Level 1:colcon.colcon_core.package_identification:_identify(rc controller/documents) by extension 'python'
[0.273s] Level 1:colcon.colcon_core.package_identification:_identify(rc controller/documents) by extensions ['python_setup_py']
[0.273s] Level 1:colcon.colcon_core.package_identification:_identify(rc controller/documents) by extension 'python_setup_py'
[0.273s] Level 1:colcon.colcon_core.package_identification:_identify(rc controller/documents/actuator) by extensions ['ignore', 'ignore_ament_install']
[0.274s] Level 1:colcon.colcon_core.package_identification:_identify(rc controller/documents/actuator) by extension 'ignore'
[0.274s] Level 1:colcon.colcon_core.package_identification:_identify(rc controller/documents/actuator) by extension 'ignore_ament_install'
[0.274s] Level 1:colcon.colcon_core.package_identification:_identify(rc controller/documents/actuator) by extensions ['colcon_pkg']
[0.274s] Level 1:colcon.colcon_core.package_identification:_identify(rc controller/documents/actuator) by extension 'colcon_pkg'
[0.274s] Level 1:colcon.colcon_core.package_identification:_identify(rc controller/documents/actuator) by extensions ['colcon_meta']
[0.274s] Level 1:colcon.colcon_core.package_identification:_identify(rc controller/documents/actuator) by extension 'colcon_meta'
[0.274s] Level 1:colcon.colcon_core.package_identification:_identify(rc controller/documents/actuator) by extensions ['ros']
[0.274s] Level 1:colcon.colcon_core.package_identification:_identify(rc controller/documents/actuator) by extension 'ros'
[0.274s] Level 1:colcon.colcon_core.package_identification:_identify(rc controller/documents/actuator) by extensions ['cmake', 'python']
[0.274s] Level 1:colcon.colcon_core.package_identification:_identify(rc controller/documents/actuator) by extension 'cmake'
[0.274s] Level 1:colcon.colcon_core.package_identification:_identify(rc controller/documents/actuator) by extension 'python'
[0.274s] Level 1:colcon.colcon_core.package_identification:_identify(rc controller/documents/actuator) by extensions ['python_setup_py']
[0.274s] Level 1:colcon.colcon_core.package_identification:_identify(rc controller/documents/actuator) by extension 'python_setup_py'
[0.274s] Level 1:colcon.colcon_core.package_identification:_identify(rc controller/documents/actuator/images) by extensions ['ignore', 'ignore_ament_install']
[0.274s] Level 1:colcon.colcon_core.package_identification:_identify(rc controller/documents/actuator/images) by extension 'ignore'
[0.274s] Level 1:colcon.colcon_core.package_identification:_identify(rc controller/documents/actuator/images) by extension 'ignore_ament_install'
[0.274s] Level 1:colcon.colcon_core.package_identification:_identify(rc controller/documents/actuator/images) by extensions ['colcon_pkg']
[0.274s] Level 1:colcon.colcon_core.package_identification:_identify(rc controller/documents/actuator/images) by extension 'colcon_pkg'
[0.274s] Level 1:colcon.colcon_core.package_identification:_identify(rc controller/documents/actuator/images) by extensions ['colcon_meta']
[0.274s] Level 1:colcon.colcon_core.package_identification:_identify(rc controller/documents/actuator/images) by extension 'colcon_meta'
[0.274s] Level 1:colcon.colcon_core.package_identification:_identify(rc controller/documents/actuator/images) by extensions ['ros']
[0.274s] Level 1:colcon.colcon_core.package_identification:_identify(rc controller/documents/actuator/images) by extension 'ros'
[0.274s] Level 1:colcon.colcon_core.package_identification:_identify(rc controller/documents/actuator/images) by extensions ['cmake', 'python']
[0.274s] Level 1:colcon.colcon_core.package_identification:_identify(rc controller/documents/actuator/images) by extension 'cmake'
[0.275s] Level 1:colcon.colcon_core.package_identification:_identify(rc controller/documents/actuator/images) by extension 'python'
[0.275s] Level 1:colcon.colcon_core.package_identification:_identify(rc controller/documents/actuator/images) by extensions ['python_setup_py']
[0.275s] Level 1:colcon.colcon_core.package_identification:_identify(rc controller/documents/actuator/images) by extension 'python_setup_py'
[0.275s] Level 1:colcon.colcon_core.package_identification:_identify(rc controller/documents/motor) by extensions ['ignore', 'ignore_ament_install']
[0.275s] Level 1:colcon.colcon_core.package_identification:_identify(rc controller/documents/motor) by extension 'ignore'
[0.275s] Level 1:colcon.colcon_core.package_identification:_identify(rc controller/documents/motor) by extension 'ignore_ament_install'
[0.275s] Level 1:colcon.colcon_core.package_identification:_identify(rc controller/documents/motor) by extensions ['colcon_pkg']
[0.275s] Level 1:colcon.colcon_core.package_identification:_identify(rc controller/documents/motor) by extension 'colcon_pkg'
[0.275s] Level 1:colcon.colcon_core.package_identification:_identify(rc controller/documents/motor) by extensions ['colcon_meta']
[0.275s] Level 1:colcon.colcon_core.package_identification:_identify(rc controller/documents/motor) by extension 'colcon_meta'
[0.275s] Level 1:colcon.colcon_core.package_identification:_identify(rc controller/documents/motor) by extensions ['ros']
[0.275s] Level 1:colcon.colcon_core.package_identification:_identify(rc controller/documents/motor) by extension 'ros'
[0.275s] Level 1:colcon.colcon_core.package_identification:_identify(rc controller/documents/motor) by extensions ['cmake', 'python']
[0.275s] Level 1:colcon.colcon_core.package_identification:_identify(rc controller/documents/motor) by extension 'cmake'
[0.275s] Level 1:colcon.colcon_core.package_identification:_identify(rc controller/documents/motor) by extension 'python'
[0.275s] Level 1:colcon.colcon_core.package_identification:_identify(rc controller/documents/motor) by extensions ['python_setup_py']
[0.275s] Level 1:colcon.colcon_core.package_identification:_identify(rc controller/documents/motor) by extension 'python_setup_py'
[0.275s] Level 1:colcon.colcon_core.package_identification:_identify(rc controller/documents/wiring) by extensions ['ignore', 'ignore_ament_install']
[0.275s] Level 1:colcon.colcon_core.package_identification:_identify(rc controller/documents/wiring) by extension 'ignore'
[0.275s] Level 1:colcon.colcon_core.package_identification:_identify(rc controller/documents/wiring) by extension 'ignore_ament_install'
[0.275s] Level 1:colcon.colcon_core.package_identification:_identify(rc controller/documents/wiring) by extensions ['colcon_pkg']
[0.275s] Level 1:colcon.colcon_core.package_identification:_identify(rc controller/documents/wiring) by extension 'colcon_pkg'
[0.275s] Level 1:colcon.colcon_core.package_identification:_identify(rc controller/documents/wiring) by extensions ['colcon_meta']
[0.275s] Level 1:colcon.colcon_core.package_identification:_identify(rc controller/documents/wiring) by extension 'colcon_meta'
[0.275s] Level 1:colcon.colcon_core.package_identification:_identify(rc controller/documents/wiring) by extensions ['ros']
[0.276s] Level 1:colcon.colcon_core.package_identification:_identify(rc controller/documents/wiring) by extension 'ros'
[0.276s] Level 1:colcon.colcon_core.package_identification:_identify(rc controller/documents/wiring) by extensions ['cmake', 'python']
[0.276s] Level 1:colcon.colcon_core.package_identification:_identify(rc controller/documents/wiring) by extension 'cmake'
[0.276s] Level 1:colcon.colcon_core.package_identification:_identify(rc controller/documents/wiring) by extension 'python'
[0.276s] Level 1:colcon.colcon_core.package_identification:_identify(rc controller/documents/wiring) by extensions ['python_setup_py']
[0.276s] Level 1:colcon.colcon_core.package_identification:_identify(rc controller/documents/wiring) by extension 'python_setup_py'
[0.276s] Level 1:colcon.colcon_core.package_identification:_identify(rc controller/system_control) by extensions ['ignore', 'ignore_ament_install']
[0.276s] Level 1:colcon.colcon_core.package_identification:_identify(rc controller/system_control) by extension 'ignore'
[0.276s] Level 1:colcon.colcon_core.package_identification:_identify(rc controller/system_control) by extension 'ignore_ament_install'
[0.276s] Level 1:colcon.colcon_core.package_identification:_identify(rc controller/system_control) by extensions ['colcon_pkg']
[0.276s] Level 1:colcon.colcon_core.package_identification:_identify(rc controller/system_control) by extension 'colcon_pkg'
[0.276s] Level 1:colcon.colcon_core.package_identification:_identify(rc controller/system_control) by extensions ['colcon_meta']
[0.276s] Level 1:colcon.colcon_core.package_identification:_identify(rc controller/system_control) by extension 'colcon_meta'
[0.276s] Level 1:colcon.colcon_core.package_identification:_identify(rc controller/system_control) by extensions ['ros']
[0.276s] Level 1:colcon.colcon_core.package_identification:_identify(rc controller/system_control) by extension 'ros'
[0.276s] Level 1:colcon.colcon_core.package_identification:_identify(rc controller/system_control) by extensions ['cmake', 'python']
[0.276s] Level 1:colcon.colcon_core.package_identification:_identify(rc controller/system_control) by extension 'cmake'
[0.276s] Level 1:colcon.colcon_core.package_identification:_identify(rc controller/system_control) by extension 'python'
[0.276s] Level 1:colcon.colcon_core.package_identification:_identify(rc controller/system_control) by extensions ['python_setup_py']
[0.276s] Level 1:colcon.colcon_core.package_identification:_identify(rc controller/system_control) by extension 'python_setup_py'
[0.276s] Level 1:colcon.colcon_core.package_identification:_identify(ros) by extensions ['ignore', 'ignore_ament_install']
[0.276s] Level 1:colcon.colcon_core.package_identification:_identify(ros) by extension 'ignore'
[0.276s] Level 1:colcon.colcon_core.package_identification:_identify(ros) by extension 'ignore_ament_install'
[0.276s] Level 1:colcon.colcon_core.package_identification:_identify(ros) by extensions ['colcon_pkg']
[0.277s] Level 1:colcon.colcon_core.package_identification:_identify(ros) by extension 'colcon_pkg'
[0.277s] Level 1:colcon.colcon_core.package_identification:_identify(ros) by extensions ['colcon_meta']
[0.277s] Level 1:colcon.colcon_core.package_identification:_identify(ros) by extension 'colcon_meta'
[0.277s] Level 1:colcon.colcon_core.package_identification:_identify(ros) by extensions ['ros']
[0.277s] Level 1:colcon.colcon_core.package_identification:_identify(ros) by extension 'ros'
[0.277s] Level 1:colcon.colcon_core.package_identification:_identify(ros) by extensions ['cmake', 'python']
[0.277s] Level 1:colcon.colcon_core.package_identification:_identify(ros) by extension 'cmake'
[0.277s] Level 1:colcon.colcon_core.package_identification:_identify(ros) by extension 'python'
[0.277s] Level 1:colcon.colcon_core.package_identification:_identify(ros) by extensions ['python_setup_py']
[0.277s] Level 1:colcon.colcon_core.package_identification:_identify(ros) by extension 'python_setup_py'
[0.277s] Level 1:colcon.colcon_core.package_identification:_identify(ros/guides-documents) by extensions ['ignore', 'ignore_ament_install']
[0.277s] Level 1:colcon.colcon_core.package_identification:_identify(ros/guides-documents) by extension 'ignore'
[0.277s] Level 1:colcon.colcon_core.package_identification:_identify(ros/guides-documents) by extension 'ignore_ament_install'
[0.277s] Level 1:colcon.colcon_core.package_identification:_identify(ros/guides-documents) by extensions ['colcon_pkg']
[0.277s] Level 1:colcon.colcon_core.package_identification:_identify(ros/guides-documents) by extension 'colcon_pkg'
[0.277s] Level 1:colcon.colcon_core.package_identification:_identify(ros/guides-documents) by extensions ['colcon_meta']
[0.277s] Level 1:colcon.colcon_core.package_identification:_identify(ros/guides-documents) by extension 'colcon_meta'
[0.277s] Level 1:colcon.colcon_core.package_identification:_identify(ros/guides-documents) by extensions ['ros']
[0.277s] Level 1:colcon.colcon_core.package_identification:_identify(ros/guides-documents) by extension 'ros'
[0.277s] Level 1:colcon.colcon_core.package_identification:_identify(ros/guides-documents) by extensions ['cmake', 'python']
[0.277s] Level 1:colcon.colcon_core.package_identification:_identify(ros/guides-documents) by extension 'cmake'
[0.277s] Level 1:colcon.colcon_core.package_identification:_identify(ros/guides-documents) by extension 'python'
[0.277s] Level 1:colcon.colcon_core.package_identification:_identify(ros/guides-documents) by extensions ['python_setup_py']
[0.277s] Level 1:colcon.colcon_core.package_identification:_identify(ros/guides-documents) by extension 'python_setup_py'
[0.277s] Level 1:colcon.colcon_core.package_identification:_identify(ros/guides-documents/ros setup) by extensions ['ignore', 'ignore_ament_install']
[0.278s] Level 1:colcon.colcon_core.package_identification:_identify(ros/guides-documents/ros setup) by extension 'ignore'
[0.278s] Level 1:colcon.colcon_core.package_identification:_identify(ros/guides-documents/ros setup) by extension 'ignore_ament_install'
[0.278s] Level 1:colcon.colcon_core.package_identification:_identify(ros/guides-documents/ros setup) by extensions ['colcon_pkg']
[0.278s] Level 1:colcon.colcon_core.package_identification:_identify(ros/guides-documents/ros setup) by extension 'colcon_pkg'
[0.278s] Level 1:colcon.colcon_core.package_identification:_identify(ros/guides-documents/ros setup) by extensions ['colcon_meta']
[0.278s] Level 1:colcon.colcon_core.package_identification:_identify(ros/guides-documents/ros setup) by extension 'colcon_meta'
[0.278s] Level 1:colcon.colcon_core.package_identification:_identify(ros/guides-documents/ros setup) by extensions ['ros']
[0.278s] Level 1:colcon.colcon_core.package_identification:_identify(ros/guides-documents/ros setup) by extension 'ros'
[0.278s] Level 1:colcon.colcon_core.package_identification:_identify(ros/guides-documents/ros setup) by extensions ['cmake', 'python']
[0.278s] Level 1:colcon.colcon_core.package_identification:_identify(ros/guides-documents/ros setup) by extension 'cmake'
[0.278s] Level 1:colcon.colcon_core.package_identification:_identify(ros/guides-documents/ros setup) by extension 'python'
[0.278s] Level 1:colcon.colcon_core.package_identification:_identify(ros/guides-documents/ros setup) by extensions ['python_setup_py']
[0.278s] Level 1:colcon.colcon_core.package_identification:_identify(ros/guides-documents/ros setup) by extension 'python_setup_py'
[0.278s] Level 1:colcon.colcon_core.package_identification:_identify(ros/guides-documents/ros setup/ros2_ws) by extensions ['ignore', 'ignore_ament_install']
[0.278s] Level 1:colcon.colcon_core.package_identification:_identify(ros/guides-documents/ros setup/ros2_ws) by extension 'ignore'
[0.278s] Level 1:colcon.colcon_core.package_identification:_identify(ros/guides-documents/ros setup/ros2_ws) by extension 'ignore_ament_install'
[0.278s] Level 1:colcon.colcon_core.package_identification:_identify(ros/guides-documents/ros setup/ros2_ws) by extensions ['colcon_pkg']
[0.278s] Level 1:colcon.colcon_core.package_identification:_identify(ros/guides-documents/ros setup/ros2_ws) by extension 'colcon_pkg'
[0.278s] Level 1:colcon.colcon_core.package_identification:_identify(ros/guides-documents/ros setup/ros2_ws) by extensions ['colcon_meta']
[0.278s] Level 1:colcon.colcon_core.package_identification:_identify(ros/guides-documents/ros setup/ros2_ws) by extension 'colcon_meta'
[0.278s] Level 1:colcon.colcon_core.package_identification:_identify(ros/guides-documents/ros setup/ros2_ws) by extensions ['ros']
[0.278s] Level 1:colcon.colcon_core.package_identification:_identify(ros/guides-documents/ros setup/ros2_ws) by extension 'ros'
[0.278s] Level 1:colcon.colcon_core.package_identification:_identify(ros/guides-documents/ros setup/ros2_ws) by extensions ['cmake', 'python']
[0.278s] Level 1:colcon.colcon_core.package_identification:_identify(ros/guides-documents/ros setup/ros2_ws) by extension 'cmake'
[0.279s] Level 1:colcon.colcon_core.package_identification:_identify(ros/guides-documents/ros setup/ros2_ws) by extension 'python'
[0.279s] Level 1:colcon.colcon_core.package_identification:_identify(ros/guides-documents/ros setup/ros2_ws) by extensions ['python_setup_py']
[0.279s] Level 1:colcon.colcon_core.package_identification:_identify(ros/guides-documents/ros setup/ros2_ws) by extension 'python_setup_py'
[0.279s] Level 1:colcon.colcon_core.package_identification:_identify(ros/guides-documents/using_ros) by extensions ['ignore', 'ignore_ament_install']
[0.279s] Level 1:colcon.colcon_core.package_identification:_identify(ros/guides-documents/using_ros) by extension 'ignore'
[0.279s] Level 1:colcon.colcon_core.package_identification:_identify(ros/guides-documents/using_ros) by extension 'ignore_ament_install'
[0.279s] Level 1:colcon.colcon_core.package_identification:_identify(ros/guides-documents/using_ros) by extensions ['colcon_pkg']
[0.279s] Level 1:colcon.colcon_core.package_identification:_identify(ros/guides-documents/using_ros) by extension 'colcon_pkg'
[0.279s] Level 1:colcon.colcon_core.package_identification:_identify(ros/guides-documents/using_ros) by extensions ['colcon_meta']
[0.279s] Level 1:colcon.colcon_core.package_identification:_identify(ros/guides-documents/using_ros) by extension 'colcon_meta'
[0.279s] Level 1:colcon.colcon_core.package_identification:_identify(ros/guides-documents/using_ros) by extensions ['ros']
[0.279s] Level 1:colcon.colcon_core.package_identification:_identify(ros/guides-documents/using_ros) by extension 'ros'
[0.279s] Level 1:colcon.colcon_core.package_identification:_identify(ros/guides-documents/using_ros) by extensions ['cmake', 'python']
[0.279s] Level 1:colcon.colcon_core.package_identification:_identify(ros/guides-documents/using_ros) by extension 'cmake'
[0.279s] Level 1:colcon.colcon_core.package_identification:_identify(ros/guides-documents/using_ros) by extension 'python'
[0.279s] Level 1:colcon.colcon_core.package_identification:_identify(ros/guides-documents/using_ros) by extensions ['python_setup_py']
[0.279s] Level 1:colcon.colcon_core.package_identification:_identify(ros/guides-documents/using_ros) by extension 'python_setup_py'
[0.279s] Level 1:colcon.colcon_core.package_identification:_identify(ros/ros2_ws) by extensions ['ignore', 'ignore_ament_install']
[0.279s] Level 1:colcon.colcon_core.package_identification:_identify(ros/ros2_ws) by extension 'ignore'
[0.279s] Level 1:colcon.colcon_core.package_identification:_identify(ros/ros2_ws) by extension 'ignore_ament_install'
[0.279s] Level 1:colcon.colcon_core.package_identification:_identify(ros/ros2_ws) by extensions ['colcon_pkg']
[0.279s] Level 1:colcon.colcon_core.package_identification:_identify(ros/ros2_ws) by extension 'colcon_pkg'
[0.279s] Level 1:colcon.colcon_core.package_identification:_identify(ros/ros2_ws) by extensions ['colcon_meta']
[0.279s] Level 1:colcon.colcon_core.package_identification:_identify(ros/ros2_ws) by extension 'colcon_meta'
[0.280s] Level 1:colcon.colcon_core.package_identification:_identify(ros/ros2_ws) by extensions ['ros']
[0.280s] Level 1:colcon.colcon_core.package_identification:_identify(ros/ros2_ws) by extension 'ros'
[0.280s] Level 1:colcon.colcon_core.package_identification:_identify(ros/ros2_ws) by extensions ['cmake', 'python']
[0.280s] Level 1:colcon.colcon_core.package_identification:_identify(ros/ros2_ws) by extension 'cmake'
[0.280s] Level 1:colcon.colcon_core.package_identification:_identify(ros/ros2_ws) by extension 'python'
[0.280s] Level 1:colcon.colcon_core.package_identification:_identify(ros/ros2_ws) by extensions ['python_setup_py']
[0.280s] Level 1:colcon.colcon_core.package_identification:_identify(ros/ros2_ws) by extension 'python_setup_py'
[0.280s] Level 1:colcon.colcon_core.package_identification:_identify(ros/ros2_ws/src) by extensions ['ignore', 'ignore_ament_install']
[0.280s] Level 1:colcon.colcon_core.package_identification:_identify(ros/ros2_ws/src) by extension 'ignore'
[0.280s] Level 1:colcon.colcon_core.package_identification:_identify(ros/ros2_ws/src) by extension 'ignore_ament_install'
[0.280s] Level 1:colcon.colcon_core.package_identification:_identify(ros/ros2_ws/src) by extensions ['colcon_pkg']
[0.280s] Level 1:colcon.colcon_core.package_identification:_identify(ros/ros2_ws/src) by extension 'colcon_pkg'
[0.280s] Level 1:colcon.colcon_core.package_identification:_identify(ros/ros2_ws/src) by extensions ['colcon_meta']
[0.280s] Level 1:colcon.colcon_core.package_identification:_identify(ros/ros2_ws/src) by extension 'colcon_meta'
[0.280s] Level 1:colcon.colcon_core.package_identification:_identify(ros/ros2_ws/src) by extensions ['ros']
[0.280s] Level 1:colcon.colcon_core.package_identification:_identify(ros/ros2_ws/src) by extension 'ros'
[0.280s] Level 1:colcon.colcon_core.package_identification:_identify(ros/ros2_ws/src) by extensions ['cmake', 'python']
[0.280s] Level 1:colcon.colcon_core.package_identification:_identify(ros/ros2_ws/src) by extension 'cmake'
[0.280s] Level 1:colcon.colcon_core.package_identification:_identify(ros/ros2_ws/src) by extension 'python'
[0.280s] Level 1:colcon.colcon_core.package_identification:_identify(ros/ros2_ws/src) by extensions ['python_setup_py']
[0.280s] Level 1:colcon.colcon_core.package_identification:_identify(ros/ros2_ws/src) by extension 'python_setup_py'
[0.280s] Level 1:colcon.colcon_core.package_identification:_identify(ros/ros2_ws/src/setup_package) by extensions ['ignore', 'ignore_ament_install']
[0.280s] Level 1:colcon.colcon_core.package_identification:_identify(ros/ros2_ws/src/setup_package) by extension 'ignore'
[0.281s] Level 1:colcon.colcon_core.package_identification:_identify(ros/ros2_ws/src/setup_package) by extension 'ignore_ament_install'
[0.281s] Level 1:colcon.colcon_core.package_identification:_identify(ros/ros2_ws/src/setup_package) by extensions ['colcon_pkg']
[0.281s] Level 1:colcon.colcon_core.package_identification:_identify(ros/ros2_ws/src/setup_package) by extension 'colcon_pkg'
[0.281s] Level 1:colcon.colcon_core.package_identification:_identify(ros/ros2_ws/src/setup_package) by extensions ['colcon_meta']
[0.281s] Level 1:colcon.colcon_core.package_identification:_identify(ros/ros2_ws/src/setup_package) by extension 'colcon_meta'
[0.281s] Level 1:colcon.colcon_core.package_identification:_identify(ros/ros2_ws/src/setup_package) by extensions ['ros']
[0.281s] Level 1:colcon.colcon_core.package_identification:_identify(ros/ros2_ws/src/setup_package) by extension 'ros'
[0.284s] DEBUG:colcon.colcon_core.package_identification:Package 'ros/ros2_ws/src/setup_package' with type 'ros.ament_python' and name 'setup_package'
[0.284s] Level 1:colcon.colcon_core.package_identification:_identify(serial_connection) by extensions ['ignore', 'ignore_ament_install']
[0.284s] Level 1:colcon.colcon_core.package_identification:_identify(serial_connection) by extension 'ignore'
[0.284s] Level 1:colcon.colcon_core.package_identification:_identify(serial_connection) by extension 'ignore_ament_install'
[0.284s] Level 1:colcon.colcon_core.package_identification:_identify(serial_connection) by extensions ['colcon_pkg']
[0.284s] Level 1:colcon.colcon_core.package_identification:_identify(serial_connection) by extension 'colcon_pkg'
[0.284s] Level 1:colcon.colcon_core.package_identification:_identify(serial_connection) by extensions ['colcon_meta']
[0.284s] Level 1:colcon.colcon_core.package_identification:_identify(serial_connection) by extension 'colcon_meta'
[0.284s] Level 1:colcon.colcon_core.package_identification:_identify(serial_connection) by extensions ['ros']
[0.284s] Level 1:colcon.colcon_core.package_identification:_identify(serial_connection) by extension 'ros'
[0.284s] Level 1:colcon.colcon_core.package_identification:_identify(serial_connection) by extensions ['cmake', 'python']
[0.284s] Level 1:colcon.colcon_core.package_identification:_identify(serial_connection) by extension 'cmake'
[0.284s] Level 1:colcon.colcon_core.package_identification:_identify(serial_connection) by extension 'python'
[0.284s] Level 1:colcon.colcon_core.package_identification:_identify(serial_connection) by extensions ['python_setup_py']
[0.284s] Level 1:colcon.colcon_core.package_identification:_identify(serial_connection) by extension 'python_setup_py'
[0.284s] Level 1:colcon.colcon_core.package_identification:_identify(serial_connection/recieve_message) by extensions ['ignore', 'ignore_ament_install']
[0.284s] Level 1:colcon.colcon_core.package_identification:_identify(serial_connection/recieve_message) by extension 'ignore'
[0.285s] Level 1:colcon.colcon_core.package_identification:_identify(serial_connection/recieve_message) by extension 'ignore_ament_install'
[0.285s] Level 1:colcon.colcon_core.package_identification:_identify(serial_connection/recieve_message) by extensions ['colcon_pkg']
[0.285s] Level 1:colcon.colcon_core.package_identification:_identify(serial_connection/recieve_message) by extension 'colcon_pkg'
[0.285s] Level 1:colcon.colcon_core.package_identification:_identify(serial_connection/recieve_message) by extensions ['colcon_meta']
[0.285s] Level 1:colcon.colcon_core.package_identification:_identify(serial_connection/recieve_message) by extension 'colcon_meta'
[0.285s] Level 1:colcon.colcon_core.package_identification:_identify(serial_connection/recieve_message) by extensions ['ros']
[0.285s] Level 1:colcon.colcon_core.package_identification:_identify(serial_connection/recieve_message) by extension 'ros'
[0.285s] Level 1:colcon.colcon_core.package_identification:_identify(serial_connection/recieve_message) by extensions ['cmake', 'python']
[0.285s] Level 1:colcon.colcon_core.package_identification:_identify(serial_connection/recieve_message) by extension 'cmake'
[0.285s] Level 1:colcon.colcon_core.package_identification:_identify(serial_connection/recieve_message) by extension 'python'
[0.285s] Level 1:colcon.colcon_core.package_identification:_identify(serial_connection/recieve_message) by extensions ['python_setup_py']
[0.285s] Level 1:colcon.colcon_core.package_identification:_identify(serial_connection/recieve_message) by extension 'python_setup_py'
[0.285s] Level 1:colcon.colcon_core.package_identification:_identify(src) by extensions ['ignore', 'ignore_ament_install']
[0.285s] Level 1:colcon.colcon_core.package_identification:_identify(src) by extension 'ignore'
[0.285s] Level 1:colcon.colcon_core.package_identification:_identify(src) by extension 'ignore_ament_install'
[0.285s] Level 1:colcon.colcon_core.package_identification:_identify(src) by extensions ['colcon_pkg']
[0.285s] Level 1:colcon.colcon_core.package_identification:_identify(src) by extension 'colcon_pkg'
[0.285s] Level 1:colcon.colcon_core.package_identification:_identify(src) by extensions ['colcon_meta']
[0.285s] Level 1:colcon.colcon_core.package_identification:_identify(src) by extension 'colcon_meta'
[0.285s] Level 1:colcon.colcon_core.package_identification:_identify(src) by extensions ['ros']
[0.285s] Level 1:colcon.colcon_core.package_identification:_identify(src) by extension 'ros'
[0.285s] Level 1:colcon.colcon_core.package_identification:_identify(src) by extensions ['cmake', 'python']
[0.285s] Level 1:colcon.colcon_core.package_identification:_identify(src) by extension 'cmake'
[0.285s] Level 1:colcon.colcon_core.package_identification:_identify(src) by extension 'python'
[0.285s] Level 1:colcon.colcon_core.package_identification:_identify(src) by extensions ['python_setup_py']
[0.285s] Level 1:colcon.colcon_core.package_identification:_identify(src) by extension 'python_setup_py'
[0.286s] Level 1:colcon.colcon_core.package_identification:_identify(src/setup_package) by extensions ['ignore', 'ignore_ament_install']
[0.286s] Level 1:colcon.colcon_core.package_identification:_identify(src/setup_package) by extension 'ignore'
[0.286s] Level 1:colcon.colcon_core.package_identification:_identify(src/setup_package) by extension 'ignore_ament_install'
[0.286s] Level 1:colcon.colcon_core.package_identification:_identify(src/setup_package) by extensions ['colcon_pkg']
[0.286s] Level 1:colcon.colcon_core.package_identification:_identify(src/setup_package) by extension 'colcon_pkg'
[0.286s] Level 1:colcon.colcon_core.package_identification:_identify(src/setup_package) by extensions ['colcon_meta']
[0.286s] Level 1:colcon.colcon_core.package_identification:_identify(src/setup_package) by extension 'colcon_meta'
[0.286s] Level 1:colcon.colcon_core.package_identification:_identify(src/setup_package) by extensions ['ros']
[0.286s] Level 1:colcon.colcon_core.package_identification:_identify(src/setup_package) by extension 'ros'
[0.287s] DEBUG:colcon.colcon_core.package_identification:Package 'src/setup_package' with type 'ros.ament_python' and name 'setup_package'
[0.287s] Level 1:colcon.colcon_core.package_discovery:discover_packages(recursive) using defaults
[0.287s] Level 1:colcon.colcon_core.package_discovery:discover_packages(ignore) discover
[0.287s] Level 1:colcon.colcon_core.package_discovery:discover_packages(ignore) using defaults
[0.287s] Level 1:colcon.colcon_core.package_discovery:discover_packages(path) discover
[0.287s] Level 1:colcon.colcon_core.package_discovery:discover_packages(path) using defaults
[0.311s] ERROR:colcon:colcon build: Duplicate package names not supported:
- setup_package:
  - ros/ros2_ws/src/setup_package
  - src/setup_package
