[0.138s] DEBUG:colcon:Command line arguments: ['/usr/bin/colcon', 'build', '--symlink-install']
[0.138s] DEBUG:colcon:Parsed command line arguments: Namespace(log_base=None, log_level=None, verb_name='build', build_base='build', install_base='install', merge_install=False, symlink_install=True, test_result_base=None, continue_on_error=False, executor='parallel', parallel_workers=4, event_handlers=None, ignore_user_meta=False, metas=['./colcon.meta'], base_paths=['.'], packages_ignore=None, packages_ignore_regex=None, paths=None, packages_up_to=None, packages_up_to_regex=None, packages_above=None, packages_above_and_dependencies=None, packages_above_depth=None, packages_select_by_dep=None, packages_skip_by_dep=None, packages_skip_up_to=None, packages_select_build_failed=False, packages_skip_build_finished=False, packages_select_test_failures=False, packages_skip_test_passed=False, packages_select=None, packages_skip=None, packages_select_regex=None, packages_skip_regex=None, packages_start=None, packages_end=None, cmake_args=None, cmake_target=None, cmake_target_skip_unavailable=False, cmake_clean_cache=False, cmake_clean_first=False, cmake_force_configure=False, ament_cmake_args=None, catkin_cmake_args=None, catkin_skip_building_tests=False, mixin_files=None, mixin=None, verb_parser=<colcon_mixin.mixin.mixin_argument.MixinArgumentDecorator object at 0x7fff9078e350>, verb_extension=<colcon_core.verb.build.BuildVerb object at 0x7fff9078dde0>, main=<bound method BuildVerb.main of <colcon_core.verb.build.BuildVerb object at 0x7fff9078dde0>>, mixin_verb=('build',))
[0.265s] Level 1:colcon.colcon_core.package_discovery:discover_packages(colcon_meta) check parameters
[0.266s] INFO:colcon.colcon_metadata.package_discovery.colcon_meta:Using configuration from '/root/.colcon/metadata/default/Gazebo.meta'
[0.266s] INFO:colcon.colcon_metadata.package_discovery.colcon_meta:Using configuration from '/root/.colcon/metadata/default/fastdds.meta'
[0.267s] INFO:colcon.colcon_metadata.package_discovery.colcon_meta:Using configuration from '/root/.colcon/metadata/default/fastrtps.meta'
[0.267s] Level 1:colcon.colcon_core.package_discovery:discover_packages(recursive) check parameters
[0.267s] Level 1:colcon.colcon_core.package_discovery:discover_packages(ignore) check parameters
[0.267s] Level 1:colcon.colcon_core.package_discovery:discover_packages(path) check parameters
[0.267s] Level 1:colcon.colcon_core.package_discovery:discover_packages(colcon_meta) discover
[0.267s] Level 1:colcon.colcon_core.package_discovery:discover_packages(recursive) discover
[0.267s] INFO:colcon.colcon_core.package_discovery:Crawling recursively for packages in '/ros2_ws'
[0.267s] Level 1:colcon.colcon_core.package_identification:_identify(.) by extensions ['ignore', 'ignore_ament_install']
[0.267s] Level 1:colcon.colcon_core.package_identification:_identify(.) by extension 'ignore'
[0.267s] Level 1:colcon.colcon_core.package_identification:_identify(.) by extension 'ignore_ament_install'
[0.267s] Level 1:colcon.colcon_core.package_identification:_identify(.) by extensions ['colcon_pkg']
[0.267s] Level 1:colcon.colcon_core.package_identification:_identify(.) by extension 'colcon_pkg'
[0.267s] Level 1:colcon.colcon_core.package_identification:_identify(.) by extensions ['colcon_meta']
[0.267s] Level 1:colcon.colcon_core.package_identification:_identify(.) by extension 'colcon_meta'
[0.267s] Level 1:colcon.colcon_core.package_identification:_identify(.) by extensions ['ros']
[0.267s] Level 1:colcon.colcon_core.package_identification:_identify(.) by extension 'ros'
[0.282s] Level 1:colcon.colcon_core.package_identification:_identify(.) by extensions ['cmake', 'python']
[0.282s] Level 1:colcon.colcon_core.package_identification:_identify(.) by extension 'cmake'
[0.282s] Level 1:colcon.colcon_core.package_identification:_identify(.) by extension 'python'
[0.282s] Level 1:colcon.colcon_core.package_identification:_identify(.) by extensions ['python_setup_py']
[0.282s] Level 1:colcon.colcon_core.package_identification:_identify(.) by extension 'python_setup_py'
[0.282s] Level 1:colcon.colcon_core.package_identification:_identify(LiDAR_Project) by extensions ['ignore', 'ignore_ament_install']
[0.282s] Level 1:colcon.colcon_core.package_identification:_identify(LiDAR_Project) by extension 'ignore'
[0.283s] Level 1:colcon.colcon_core.package_identification:_identify(LiDAR_Project) by extension 'ignore_ament_install'
[0.283s] Level 1:colcon.colcon_core.package_identification:_identify(LiDAR_Project) by extensions ['colcon_pkg']
[0.283s] Level 1:colcon.colcon_core.package_identification:_identify(LiDAR_Project) by extension 'colcon_pkg'
[0.283s] Level 1:colcon.colcon_core.package_identification:_identify(LiDAR_Project) by extensions ['colcon_meta']
[0.283s] Level 1:colcon.colcon_core.package_identification:_identify(LiDAR_Project) by extension 'colcon_meta'
[0.283s] Level 1:colcon.colcon_core.package_identification:_identify(LiDAR_Project) by extensions ['ros']
[0.283s] Level 1:colcon.colcon_core.package_identification:_identify(LiDAR_Project) by extension 'ros'
[0.283s] Level 1:colcon.colcon_core.package_identification:_identify(LiDAR_Project) by extensions ['cmake', 'python']
[0.283s] Level 1:colcon.colcon_core.package_identification:_identify(LiDAR_Project) by extension 'cmake'
[0.283s] Level 1:colcon.colcon_core.package_identification:_identify(LiDAR_Project) by extension 'python'
[0.283s] Level 1:colcon.colcon_core.package_identification:_identify(LiDAR_Project) by extensions ['python_setup_py']
[0.283s] Level 1:colcon.colcon_core.package_identification:_identify(LiDAR_Project) by extension 'python_setup_py'
[0.283s] Level 1:colcon.colcon_core.package_identification:_identify(build) by extensions ['ignore', 'ignore_ament_install']
[0.283s] Level 1:colcon.colcon_core.package_identification:_identify(build) by extension 'ignore'
[0.283s] Level 1:colcon.colcon_core.package_identification:_identify(build) ignored
[0.283s] Level 1:colcon.colcon_core.package_identification:_identify(install) by extensions ['ignore', 'ignore_ament_install']
[0.283s] Level 1:colcon.colcon_core.package_identification:_identify(install) by extension 'ignore'
[0.283s] Level 1:colcon.colcon_core.package_identification:_identify(install) ignored
[0.283s] Level 1:colcon.colcon_core.package_identification:_identify(log) by extensions ['ignore', 'ignore_ament_install']
[0.284s] Level 1:colcon.colcon_core.package_identification:_identify(log) by extension 'ignore'
[0.284s] Level 1:colcon.colcon_core.package_identification:_identify(log) ignored
[0.284s] Level 1:colcon.colcon_core.package_identification:_identify(rc controller) by extensions ['ignore', 'ignore_ament_install']
[0.284s] Level 1:colcon.colcon_core.package_identification:_identify(rc controller) by extension 'ignore'
[0.284s] Level 1:colcon.colcon_core.package_identification:_identify(rc controller) by extension 'ignore_ament_install'
[0.284s] Level 1:colcon.colcon_core.package_identification:_identify(rc controller) by extensions ['colcon_pkg']
[0.284s] Level 1:colcon.colcon_core.package_identification:_identify(rc controller) by extension 'colcon_pkg'
[0.284s] Level 1:colcon.colcon_core.package_identification:_identify(rc controller) by extensions ['colcon_meta']
[0.284s] Level 1:colcon.colcon_core.package_identification:_identify(rc controller) by extension 'colcon_meta'
[0.284s] Level 1:colcon.colcon_core.package_identification:_identify(rc controller) by extensions ['ros']
[0.284s] Level 1:colcon.colcon_core.package_identification:_identify(rc controller) by extension 'ros'
[0.284s] Level 1:colcon.colcon_core.package_identification:_identify(rc controller) by extensions ['cmake', 'python']
[0.284s] Level 1:colcon.colcon_core.package_identification:_identify(rc controller) by extension 'cmake'
[0.284s] Level 1:colcon.colcon_core.package_identification:_identify(rc controller) by extension 'python'
[0.284s] Level 1:colcon.colcon_core.package_identification:_identify(rc controller) by extensions ['python_setup_py']
[0.284s] Level 1:colcon.colcon_core.package_identification:_identify(rc controller) by extension 'python_setup_py'
[0.284s] Level 1:colcon.colcon_core.package_identification:_identify(rc controller/component_tests) by extensions ['ignore', 'ignore_ament_install']
[0.284s] Level 1:colcon.colcon_core.package_identification:_identify(rc controller/component_tests) by extension 'ignore'
[0.284s] Level 1:colcon.colcon_core.package_identification:_identify(rc controller/component_tests) by extension 'ignore_ament_install'
[0.284s] Level 1:colcon.colcon_core.package_identification:_identify(rc controller/component_tests) by extensions ['colcon_pkg']
[0.284s] Level 1:colcon.colcon_core.package_identification:_identify(rc controller/component_tests) by extension 'colcon_pkg'
[0.284s] Level 1:colcon.colcon_core.package_identification:_identify(rc controller/component_tests) by extensions ['colcon_meta']
[0.285s] Level 1:colcon.colcon_core.package_identification:_identify(rc controller/component_tests) by extension 'colcon_meta'
[0.285s] Level 1:colcon.colcon_core.package_identification:_identify(rc controller/component_tests) by extensions ['ros']
[0.285s] Level 1:colcon.colcon_core.package_identification:_identify(rc controller/component_tests) by extension 'ros'
[0.285s] Level 1:colcon.colcon_core.package_identification:_identify(rc controller/component_tests) by extensions ['cmake', 'python']
[0.285s] Level 1:colcon.colcon_core.package_identification:_identify(rc controller/component_tests) by extension 'cmake'
[0.285s] Level 1:colcon.colcon_core.package_identification:_identify(rc controller/component_tests) by extension 'python'
[0.285s] Level 1:colcon.colcon_core.package_identification:_identify(rc controller/component_tests) by extensions ['python_setup_py']
[0.285s] Level 1:colcon.colcon_core.package_identification:_identify(rc controller/component_tests) by extension 'python_setup_py'
[0.285s] Level 1:colcon.colcon_core.package_identification:_identify(rc controller/component_tests/actuator_test) by extensions ['ignore', 'ignore_ament_install']
[0.285s] Level 1:colcon.colcon_core.package_identification:_identify(rc controller/component_tests/actuator_test) by extension 'ignore'
[0.285s] Level 1:colcon.colcon_core.package_identification:_identify(rc controller/component_tests/actuator_test) by extension 'ignore_ament_install'
[0.285s] Level 1:colcon.colcon_core.package_identification:_identify(rc controller/component_tests/actuator_test) by extensions ['colcon_pkg']
[0.285s] Level 1:colcon.colcon_core.package_identification:_identify(rc controller/component_tests/actuator_test) by extension 'colcon_pkg'
[0.285s] Level 1:colcon.colcon_core.package_identification:_identify(rc controller/component_tests/actuator_test) by extensions ['colcon_meta']
[0.285s] Level 1:colcon.colcon_core.package_identification:_identify(rc controller/component_tests/actuator_test) by extension 'colcon_meta'
[0.285s] Level 1:colcon.colcon_core.package_identification:_identify(rc controller/component_tests/actuator_test) by extensions ['ros']
[0.285s] Level 1:colcon.colcon_core.package_identification:_identify(rc controller/component_tests/actuator_test) by extension 'ros'
[0.285s] Level 1:colcon.colcon_core.package_identification:_identify(rc controller/component_tests/actuator_test) by extensions ['cmake', 'python']
[0.285s] Level 1:colcon.colcon_core.package_identification:_identify(rc controller/component_tests/actuator_test) by extension 'cmake'
[0.285s] Level 1:colcon.colcon_core.package_identification:_identify(rc controller/component_tests/actuator_test) by extension 'python'
[0.285s] Level 1:colcon.colcon_core.package_identification:_identify(rc controller/component_tests/actuator_test) by extensions ['python_setup_py']
[0.285s] Level 1:colcon.colcon_core.package_identification:_identify(rc controller/component_tests/actuator_test) by extension 'python_setup_py'
[0.285s] Level 1:colcon.colcon_core.package_identification:_identify(rc controller/component_tests/actuator_test_pwm) by extensions ['ignore', 'ignore_ament_install']
[0.286s] Level 1:colcon.colcon_core.package_identification:_identify(rc controller/component_tests/actuator_test_pwm) by extension 'ignore'
[0.286s] Level 1:colcon.colcon_core.package_identification:_identify(rc controller/component_tests/actuator_test_pwm) by extension 'ignore_ament_install'
[0.286s] Level 1:colcon.colcon_core.package_identification:_identify(rc controller/component_tests/actuator_test_pwm) by extensions ['colcon_pkg']
[0.286s] Level 1:colcon.colcon_core.package_identification:_identify(rc controller/component_tests/actuator_test_pwm) by extension 'colcon_pkg'
[0.286s] Level 1:colcon.colcon_core.package_identification:_identify(rc controller/component_tests/actuator_test_pwm) by extensions ['colcon_meta']
[0.286s] Level 1:colcon.colcon_core.package_identification:_identify(rc controller/component_tests/actuator_test_pwm) by extension 'colcon_meta'
[0.286s] Level 1:colcon.colcon_core.package_identification:_identify(rc controller/component_tests/actuator_test_pwm) by extensions ['ros']
[0.286s] Level 1:colcon.colcon_core.package_identification:_identify(rc controller/component_tests/actuator_test_pwm) by extension 'ros'
[0.286s] Level 1:colcon.colcon_core.package_identification:_identify(rc controller/component_tests/actuator_test_pwm) by extensions ['cmake', 'python']
[0.286s] Level 1:colcon.colcon_core.package_identification:_identify(rc controller/component_tests/actuator_test_pwm) by extension 'cmake'
[0.286s] Level 1:colcon.colcon_core.package_identification:_identify(rc controller/component_tests/actuator_test_pwm) by extension 'python'
[0.286s] Level 1:colcon.colcon_core.package_identification:_identify(rc controller/component_tests/actuator_test_pwm) by extensions ['python_setup_py']
[0.286s] Level 1:colcon.colcon_core.package_identification:_identify(rc controller/component_tests/actuator_test_pwm) by extension 'python_setup_py'
[0.286s] Level 1:colcon.colcon_core.package_identification:_identify(rc controller/component_tests/motors_test) by extensions ['ignore', 'ignore_ament_install']
[0.286s] Level 1:colcon.colcon_core.package_identification:_identify(rc controller/component_tests/motors_test) by extension 'ignore'
[0.286s] Level 1:colcon.colcon_core.package_identification:_identify(rc controller/component_tests/motors_test) by extension 'ignore_ament_install'
[0.286s] Level 1:colcon.colcon_core.package_identification:_identify(rc controller/component_tests/motors_test) by extensions ['colcon_pkg']
[0.286s] Level 1:colcon.colcon_core.package_identification:_identify(rc controller/component_tests/motors_test) by extension 'colcon_pkg'
[0.286s] Level 1:colcon.colcon_core.package_identification:_identify(rc controller/component_tests/motors_test) by extensions ['colcon_meta']
[0.286s] Level 1:colcon.colcon_core.package_identification:_identify(rc controller/component_tests/motors_test) by extension 'colcon_meta'
[0.286s] Level 1:colcon.colcon_core.package_identification:_identify(rc controller/component_tests/motors_test) by extensions ['ros']
[0.286s] Level 1:colcon.colcon_core.package_identification:_identify(rc controller/component_tests/motors_test) by extension 'ros'
[0.286s] Level 1:colcon.colcon_core.package_identification:_identify(rc controller/component_tests/motors_test) by extensions ['cmake', 'python']
[0.286s] Level 1:colcon.colcon_core.package_identification:_identify(rc controller/component_tests/motors_test) by extension 'cmake'
[0.287s] Level 1:colcon.colcon_core.package_identification:_identify(rc controller/component_tests/motors_test) by extension 'python'
[0.287s] Level 1:colcon.colcon_core.package_identification:_identify(rc controller/component_tests/motors_test) by extensions ['python_setup_py']
[0.287s] Level 1:colcon.colcon_core.package_identification:_identify(rc controller/component_tests/motors_test) by extension 'python_setup_py'
[0.287s] Level 1:colcon.colcon_core.package_identification:_identify(rc controller/component_tests/servo_test) by extensions ['ignore', 'ignore_ament_install']
[0.287s] Level 1:colcon.colcon_core.package_identification:_identify(rc controller/component_tests/servo_test) by extension 'ignore'
[0.287s] Level 1:colcon.colcon_core.package_identification:_identify(rc controller/component_tests/servo_test) by extension 'ignore_ament_install'
[0.287s] Level 1:colcon.colcon_core.package_identification:_identify(rc controller/component_tests/servo_test) by extensions ['colcon_pkg']
[0.287s] Level 1:colcon.colcon_core.package_identification:_identify(rc controller/component_tests/servo_test) by extension 'colcon_pkg'
[0.287s] Level 1:colcon.colcon_core.package_identification:_identify(rc controller/component_tests/servo_test) by extensions ['colcon_meta']
[0.287s] Level 1:colcon.colcon_core.package_identification:_identify(rc controller/component_tests/servo_test) by extension 'colcon_meta'
[0.287s] Level 1:colcon.colcon_core.package_identification:_identify(rc controller/component_tests/servo_test) by extensions ['ros']
[0.287s] Level 1:colcon.colcon_core.package_identification:_identify(rc controller/component_tests/servo_test) by extension 'ros'
[0.287s] Level 1:colcon.colcon_core.package_identification:_identify(rc controller/component_tests/servo_test) by extensions ['cmake', 'python']
[0.287s] Level 1:colcon.colcon_core.package_identification:_identify(rc controller/component_tests/servo_test) by extension 'cmake'
[0.287s] Level 1:colcon.colcon_core.package_identification:_identify(rc controller/component_tests/servo_test) by extension 'python'
[0.287s] Level 1:colcon.colcon_core.package_identification:_identify(rc controller/component_tests/servo_test) by extensions ['python_setup_py']
[0.287s] Level 1:colcon.colcon_core.package_identification:_identify(rc controller/component_tests/servo_test) by extension 'python_setup_py'
[0.287s] Level 1:colcon.colcon_core.package_identification:_identify(rc controller/documents) by extensions ['ignore', 'ignore_ament_install']
[0.287s] Level 1:colcon.colcon_core.package_identification:_identify(rc controller/documents) by extension 'ignore'
[0.287s] Level 1:colcon.colcon_core.package_identification:_identify(rc controller/documents) by extension 'ignore_ament_install'
[0.287s] Level 1:colcon.colcon_core.package_identification:_identify(rc controller/documents) by extensions ['colcon_pkg']
[0.287s] Level 1:colcon.colcon_core.package_identification:_identify(rc controller/documents) by extension 'colcon_pkg'
[0.287s] Level 1:colcon.colcon_core.package_identification:_identify(rc controller/documents) by extensions ['colcon_meta']
[0.288s] Level 1:colcon.colcon_core.package_identification:_identify(rc controller/documents) by extension 'colcon_meta'
[0.288s] Level 1:colcon.colcon_core.package_identification:_identify(rc controller/documents) by extensions ['ros']
[0.288s] Level 1:colcon.colcon_core.package_identification:_identify(rc controller/documents) by extension 'ros'
[0.288s] Level 1:colcon.colcon_core.package_identification:_identify(rc controller/documents) by extensions ['cmake', 'python']
[0.288s] Level 1:colcon.colcon_core.package_identification:_identify(rc controller/documents) by extension 'cmake'
[0.288s] Level 1:colcon.colcon_core.package_identification:_identify(rc controller/documents) by extension 'python'
[0.288s] Level 1:colcon.colcon_core.package_identification:_identify(rc controller/documents) by extensions ['python_setup_py']
[0.288s] Level 1:colcon.colcon_core.package_identification:_identify(rc controller/documents) by extension 'python_setup_py'
[0.288s] Level 1:colcon.colcon_core.package_identification:_identify(rc controller/documents/actuator) by extensions ['ignore', 'ignore_ament_install']
[0.288s] Level 1:colcon.colcon_core.package_identification:_identify(rc controller/documents/actuator) by extension 'ignore'
[0.288s] Level 1:colcon.colcon_core.package_identification:_identify(rc controller/documents/actuator) by extension 'ignore_ament_install'
[0.288s] Level 1:colcon.colcon_core.package_identification:_identify(rc controller/documents/actuator) by extensions ['colcon_pkg']
[0.288s] Level 1:colcon.colcon_core.package_identification:_identify(rc controller/documents/actuator) by extension 'colcon_pkg'
[0.288s] Level 1:colcon.colcon_core.package_identification:_identify(rc controller/documents/actuator) by extensions ['colcon_meta']
[0.288s] Level 1:colcon.colcon_core.package_identification:_identify(rc controller/documents/actuator) by extension 'colcon_meta'
[0.288s] Level 1:colcon.colcon_core.package_identification:_identify(rc controller/documents/actuator) by extensions ['ros']
[0.288s] Level 1:colcon.colcon_core.package_identification:_identify(rc controller/documents/actuator) by extension 'ros'
[0.288s] Level 1:colcon.colcon_core.package_identification:_identify(rc controller/documents/actuator) by extensions ['cmake', 'python']
[0.288s] Level 1:colcon.colcon_core.package_identification:_identify(rc controller/documents/actuator) by extension 'cmake'
[0.289s] Level 1:colcon.colcon_core.package_identification:_identify(rc controller/documents/actuator) by extension 'python'
[0.289s] Level 1:colcon.colcon_core.package_identification:_identify(rc controller/documents/actuator) by extensions ['python_setup_py']
[0.289s] Level 1:colcon.colcon_core.package_identification:_identify(rc controller/documents/actuator) by extension 'python_setup_py'
[0.289s] Level 1:colcon.colcon_core.package_identification:_identify(rc controller/documents/actuator/images) by extensions ['ignore', 'ignore_ament_install']
[0.289s] Level 1:colcon.colcon_core.package_identification:_identify(rc controller/documents/actuator/images) by extension 'ignore'
[0.289s] Level 1:colcon.colcon_core.package_identification:_identify(rc controller/documents/actuator/images) by extension 'ignore_ament_install'
[0.289s] Level 1:colcon.colcon_core.package_identification:_identify(rc controller/documents/actuator/images) by extensions ['colcon_pkg']
[0.289s] Level 1:colcon.colcon_core.package_identification:_identify(rc controller/documents/actuator/images) by extension 'colcon_pkg'
[0.289s] Level 1:colcon.colcon_core.package_identification:_identify(rc controller/documents/actuator/images) by extensions ['colcon_meta']
[0.289s] Level 1:colcon.colcon_core.package_identification:_identify(rc controller/documents/actuator/images) by extension 'colcon_meta'
[0.289s] Level 1:colcon.colcon_core.package_identification:_identify(rc controller/documents/actuator/images) by extensions ['ros']
[0.289s] Level 1:colcon.colcon_core.package_identification:_identify(rc controller/documents/actuator/images) by extension 'ros'
[0.289s] Level 1:colcon.colcon_core.package_identification:_identify(rc controller/documents/actuator/images) by extensions ['cmake', 'python']
[0.289s] Level 1:colcon.colcon_core.package_identification:_identify(rc controller/documents/actuator/images) by extension 'cmake'
[0.289s] Level 1:colcon.colcon_core.package_identification:_identify(rc controller/documents/actuator/images) by extension 'python'
[0.289s] Level 1:colcon.colcon_core.package_identification:_identify(rc controller/documents/actuator/images) by extensions ['python_setup_py']
[0.289s] Level 1:colcon.colcon_core.package_identification:_identify(rc controller/documents/actuator/images) by extension 'python_setup_py'
[0.289s] Level 1:colcon.colcon_core.package_identification:_identify(rc controller/documents/motor) by extensions ['ignore', 'ignore_ament_install']
[0.289s] Level 1:colcon.colcon_core.package_identification:_identify(rc controller/documents/motor) by extension 'ignore'
[0.289s] Level 1:colcon.colcon_core.package_identification:_identify(rc controller/documents/motor) by extension 'ignore_ament_install'
[0.289s] Level 1:colcon.colcon_core.package_identification:_identify(rc controller/documents/motor) by extensions ['colcon_pkg']
[0.289s] Level 1:colcon.colcon_core.package_identification:_identify(rc controller/documents/motor) by extension 'colcon_pkg'
[0.290s] Level 1:colcon.colcon_core.package_identification:_identify(rc controller/documents/motor) by extensions ['colcon_meta']
[0.290s] Level 1:colcon.colcon_core.package_identification:_identify(rc controller/documents/motor) by extension 'colcon_meta'
[0.290s] Level 1:colcon.colcon_core.package_identification:_identify(rc controller/documents/motor) by extensions ['ros']
[0.290s] Level 1:colcon.colcon_core.package_identification:_identify(rc controller/documents/motor) by extension 'ros'
[0.290s] Level 1:colcon.colcon_core.package_identification:_identify(rc controller/documents/motor) by extensions ['cmake', 'python']
[0.290s] Level 1:colcon.colcon_core.package_identification:_identify(rc controller/documents/motor) by extension 'cmake'
[0.290s] Level 1:colcon.colcon_core.package_identification:_identify(rc controller/documents/motor) by extension 'python'
[0.290s] Level 1:colcon.colcon_core.package_identification:_identify(rc controller/documents/motor) by extensions ['python_setup_py']
[0.290s] Level 1:colcon.colcon_core.package_identification:_identify(rc controller/documents/motor) by extension 'python_setup_py'
[0.290s] Level 1:colcon.colcon_core.package_identification:_identify(rc controller/documents/wiring) by extensions ['ignore', 'ignore_ament_install']
[0.290s] Level 1:colcon.colcon_core.package_identification:_identify(rc controller/documents/wiring) by extension 'ignore'
[0.290s] Level 1:colcon.colcon_core.package_identification:_identify(rc controller/documents/wiring) by extension 'ignore_ament_install'
[0.290s] Level 1:colcon.colcon_core.package_identification:_identify(rc controller/documents/wiring) by extensions ['colcon_pkg']
[0.290s] Level 1:colcon.colcon_core.package_identification:_identify(rc controller/documents/wiring) by extension 'colcon_pkg'
[0.290s] Level 1:colcon.colcon_core.package_identification:_identify(rc controller/documents/wiring) by extensions ['colcon_meta']
[0.290s] Level 1:colcon.colcon_core.package_identification:_identify(rc controller/documents/wiring) by extension 'colcon_meta'
[0.290s] Level 1:colcon.colcon_core.package_identification:_identify(rc controller/documents/wiring) by extensions ['ros']
[0.290s] Level 1:colcon.colcon_core.package_identification:_identify(rc controller/documents/wiring) by extension 'ros'
[0.290s] Level 1:colcon.colcon_core.package_identification:_identify(rc controller/documents/wiring) by extensions ['cmake', 'python']
[0.290s] Level 1:colcon.colcon_core.package_identification:_identify(rc controller/documents/wiring) by extension 'cmake'
[0.290s] Level 1:colcon.colcon_core.package_identification:_identify(rc controller/documents/wiring) by extension 'python'
[0.290s] Level 1:colcon.colcon_core.package_identification:_identify(rc controller/documents/wiring) by extensions ['python_setup_py']
[0.290s] Level 1:colcon.colcon_core.package_identification:_identify(rc controller/documents/wiring) by extension 'python_setup_py'
[0.290s] Level 1:colcon.colcon_core.package_identification:_identify(rc controller/system_control) by extensions ['ignore', 'ignore_ament_install']
[0.291s] Level 1:colcon.colcon_core.package_identification:_identify(rc controller/system_control) by extension 'ignore'
[0.291s] Level 1:colcon.colcon_core.package_identification:_identify(rc controller/system_control) by extension 'ignore_ament_install'
[0.291s] Level 1:colcon.colcon_core.package_identification:_identify(rc controller/system_control) by extensions ['colcon_pkg']
[0.291s] Level 1:colcon.colcon_core.package_identification:_identify(rc controller/system_control) by extension 'colcon_pkg'
[0.291s] Level 1:colcon.colcon_core.package_identification:_identify(rc controller/system_control) by extensions ['colcon_meta']
[0.291s] Level 1:colcon.colcon_core.package_identification:_identify(rc controller/system_control) by extension 'colcon_meta'
[0.291s] Level 1:colcon.colcon_core.package_identification:_identify(rc controller/system_control) by extensions ['ros']
[0.291s] Level 1:colcon.colcon_core.package_identification:_identify(rc controller/system_control) by extension 'ros'
[0.291s] Level 1:colcon.colcon_core.package_identification:_identify(rc controller/system_control) by extensions ['cmake', 'python']
[0.291s] Level 1:colcon.colcon_core.package_identification:_identify(rc controller/system_control) by extension 'cmake'
[0.291s] Level 1:colcon.colcon_core.package_identification:_identify(rc controller/system_control) by extension 'python'
[0.291s] Level 1:colcon.colcon_core.package_identification:_identify(rc controller/system_control) by extensions ['python_setup_py']
[0.291s] Level 1:colcon.colcon_core.package_identification:_identify(rc controller/system_control) by extension 'python_setup_py'
[0.291s] Level 1:colcon.colcon_core.package_identification:_identify(ros) by extensions ['ignore', 'ignore_ament_install']
[0.291s] Level 1:colcon.colcon_core.package_identification:_identify(ros) by extension 'ignore'
[0.291s] Level 1:colcon.colcon_core.package_identification:_identify(ros) by extension 'ignore_ament_install'
[0.291s] Level 1:colcon.colcon_core.package_identification:_identify(ros) by extensions ['colcon_pkg']
[0.291s] Level 1:colcon.colcon_core.package_identification:_identify(ros) by extension 'colcon_pkg'
[0.291s] Level 1:colcon.colcon_core.package_identification:_identify(ros) by extensions ['colcon_meta']
[0.291s] Level 1:colcon.colcon_core.package_identification:_identify(ros) by extension 'colcon_meta'
[0.291s] Level 1:colcon.colcon_core.package_identification:_identify(ros) by extensions ['ros']
[0.291s] Level 1:colcon.colcon_core.package_identification:_identify(ros) by extension 'ros'
[0.291s] Level 1:colcon.colcon_core.package_identification:_identify(ros) by extensions ['cmake', 'python']
[0.291s] Level 1:colcon.colcon_core.package_identification:_identify(ros) by extension 'cmake'
[0.291s] Level 1:colcon.colcon_core.package_identification:_identify(ros) by extension 'python'
[0.292s] Level 1:colcon.colcon_core.package_identification:_identify(ros) by extensions ['python_setup_py']
[0.292s] Level 1:colcon.colcon_core.package_identification:_identify(ros) by extension 'python_setup_py'
[0.292s] Level 1:colcon.colcon_core.package_identification:_identify(ros/guides-documents) by extensions ['ignore', 'ignore_ament_install']
[0.292s] Level 1:colcon.colcon_core.package_identification:_identify(ros/guides-documents) by extension 'ignore'
[0.292s] Level 1:colcon.colcon_core.package_identification:_identify(ros/guides-documents) by extension 'ignore_ament_install'
[0.292s] Level 1:colcon.colcon_core.package_identification:_identify(ros/guides-documents) by extensions ['colcon_pkg']
[0.292s] Level 1:colcon.colcon_core.package_identification:_identify(ros/guides-documents) by extension 'colcon_pkg'
[0.292s] Level 1:colcon.colcon_core.package_identification:_identify(ros/guides-documents) by extensions ['colcon_meta']
[0.292s] Level 1:colcon.colcon_core.package_identification:_identify(ros/guides-documents) by extension 'colcon_meta'
[0.292s] Level 1:colcon.colcon_core.package_identification:_identify(ros/guides-documents) by extensions ['ros']
[0.292s] Level 1:colcon.colcon_core.package_identification:_identify(ros/guides-documents) by extension 'ros'
[0.292s] Level 1:colcon.colcon_core.package_identification:_identify(ros/guides-documents) by extensions ['cmake', 'python']
[0.292s] Level 1:colcon.colcon_core.package_identification:_identify(ros/guides-documents) by extension 'cmake'
[0.292s] Level 1:colcon.colcon_core.package_identification:_identify(ros/guides-documents) by extension 'python'
[0.292s] Level 1:colcon.colcon_core.package_identification:_identify(ros/guides-documents) by extensions ['python_setup_py']
[0.292s] Level 1:colcon.colcon_core.package_identification:_identify(ros/guides-documents) by extension 'python_setup_py'
[0.292s] Level 1:colcon.colcon_core.package_identification:_identify(ros/guides-documents/github_setup) by extensions ['ignore', 'ignore_ament_install']
[0.292s] Level 1:colcon.colcon_core.package_identification:_identify(ros/guides-documents/github_setup) by extension 'ignore'
[0.292s] Level 1:colcon.colcon_core.package_identification:_identify(ros/guides-documents/github_setup) by extension 'ignore_ament_install'
[0.292s] Level 1:colcon.colcon_core.package_identification:_identify(ros/guides-documents/github_setup) by extensions ['colcon_pkg']
[0.292s] Level 1:colcon.colcon_core.package_identification:_identify(ros/guides-documents/github_setup) by extension 'colcon_pkg'
[0.292s] Level 1:colcon.colcon_core.package_identification:_identify(ros/guides-documents/github_setup) by extensions ['colcon_meta']
[0.292s] Level 1:colcon.colcon_core.package_identification:_identify(ros/guides-documents/github_setup) by extension 'colcon_meta'
[0.293s] Level 1:colcon.colcon_core.package_identification:_identify(ros/guides-documents/github_setup) by extensions ['ros']
[0.293s] Level 1:colcon.colcon_core.package_identification:_identify(ros/guides-documents/github_setup) by extension 'ros'
[0.293s] Level 1:colcon.colcon_core.package_identification:_identify(ros/guides-documents/github_setup) by extensions ['cmake', 'python']
[0.293s] Level 1:colcon.colcon_core.package_identification:_identify(ros/guides-documents/github_setup) by extension 'cmake'
[0.293s] Level 1:colcon.colcon_core.package_identification:_identify(ros/guides-documents/github_setup) by extension 'python'
[0.293s] Level 1:colcon.colcon_core.package_identification:_identify(ros/guides-documents/github_setup) by extensions ['python_setup_py']
[0.293s] Level 1:colcon.colcon_core.package_identification:_identify(ros/guides-documents/github_setup) by extension 'python_setup_py'
[0.293s] Level 1:colcon.colcon_core.package_identification:_identify(ros/guides-documents/ros setup) by extensions ['ignore', 'ignore_ament_install']
[0.293s] Level 1:colcon.colcon_core.package_identification:_identify(ros/guides-documents/ros setup) by extension 'ignore'
[0.293s] Level 1:colcon.colcon_core.package_identification:_identify(ros/guides-documents/ros setup) by extension 'ignore_ament_install'
[0.293s] Level 1:colcon.colcon_core.package_identification:_identify(ros/guides-documents/ros setup) by extensions ['colcon_pkg']
[0.293s] Level 1:colcon.colcon_core.package_identification:_identify(ros/guides-documents/ros setup) by extension 'colcon_pkg'
[0.293s] Level 1:colcon.colcon_core.package_identification:_identify(ros/guides-documents/ros setup) by extensions ['colcon_meta']
[0.293s] Level 1:colcon.colcon_core.package_identification:_identify(ros/guides-documents/ros setup) by extension 'colcon_meta'
[0.293s] Level 1:colcon.colcon_core.package_identification:_identify(ros/guides-documents/ros setup) by extensions ['ros']
[0.293s] Level 1:colcon.colcon_core.package_identification:_identify(ros/guides-documents/ros setup) by extension 'ros'
[0.293s] Level 1:colcon.colcon_core.package_identification:_identify(ros/guides-documents/ros setup) by extensions ['cmake', 'python']
[0.293s] Level 1:colcon.colcon_core.package_identification:_identify(ros/guides-documents/ros setup) by extension 'cmake'
[0.293s] Level 1:colcon.colcon_core.package_identification:_identify(ros/guides-documents/ros setup) by extension 'python'
[0.293s] Level 1:colcon.colcon_core.package_identification:_identify(ros/guides-documents/ros setup) by extensions ['python_setup_py']
[0.293s] Level 1:colcon.colcon_core.package_identification:_identify(ros/guides-documents/ros setup) by extension 'python_setup_py'
[0.293s] Level 1:colcon.colcon_core.package_identification:_identify(ros/guides-documents/ros setup/ros2_ws) by extensions ['ignore', 'ignore_ament_install']
[0.294s] Level 1:colcon.colcon_core.package_identification:_identify(ros/guides-documents/ros setup/ros2_ws) by extension 'ignore'
[0.294s] Level 1:colcon.colcon_core.package_identification:_identify(ros/guides-documents/ros setup/ros2_ws) by extension 'ignore_ament_install'
[0.294s] Level 1:colcon.colcon_core.package_identification:_identify(ros/guides-documents/ros setup/ros2_ws) by extensions ['colcon_pkg']
[0.294s] Level 1:colcon.colcon_core.package_identification:_identify(ros/guides-documents/ros setup/ros2_ws) by extension 'colcon_pkg'
[0.294s] Level 1:colcon.colcon_core.package_identification:_identify(ros/guides-documents/ros setup/ros2_ws) by extensions ['colcon_meta']
[0.294s] Level 1:colcon.colcon_core.package_identification:_identify(ros/guides-documents/ros setup/ros2_ws) by extension 'colcon_meta'
[0.294s] Level 1:colcon.colcon_core.package_identification:_identify(ros/guides-documents/ros setup/ros2_ws) by extensions ['ros']
[0.294s] Level 1:colcon.colcon_core.package_identification:_identify(ros/guides-documents/ros setup/ros2_ws) by extension 'ros'
[0.294s] Level 1:colcon.colcon_core.package_identification:_identify(ros/guides-documents/ros setup/ros2_ws) by extensions ['cmake', 'python']
[0.294s] Level 1:colcon.colcon_core.package_identification:_identify(ros/guides-documents/ros setup/ros2_ws) by extension 'cmake'
[0.294s] Level 1:colcon.colcon_core.package_identification:_identify(ros/guides-documents/ros setup/ros2_ws) by extension 'python'
[0.294s] Level 1:colcon.colcon_core.package_identification:_identify(ros/guides-documents/ros setup/ros2_ws) by extensions ['python_setup_py']
[0.294s] Level 1:colcon.colcon_core.package_identification:_identify(ros/guides-documents/ros setup/ros2_ws) by extension 'python_setup_py'
[0.294s] Level 1:colcon.colcon_core.package_identification:_identify(ros/guides-documents/using_ros) by extensions ['ignore', 'ignore_ament_install']
[0.294s] Level 1:colcon.colcon_core.package_identification:_identify(ros/guides-documents/using_ros) by extension 'ignore'
[0.294s] Level 1:colcon.colcon_core.package_identification:_identify(ros/guides-documents/using_ros) by extension 'ignore_ament_install'
[0.294s] Level 1:colcon.colcon_core.package_identification:_identify(ros/guides-documents/using_ros) by extensions ['colcon_pkg']
[0.294s] Level 1:colcon.colcon_core.package_identification:_identify(ros/guides-documents/using_ros) by extension 'colcon_pkg'
[0.294s] Level 1:colcon.colcon_core.package_identification:_identify(ros/guides-documents/using_ros) by extensions ['colcon_meta']
[0.294s] Level 1:colcon.colcon_core.package_identification:_identify(ros/guides-documents/using_ros) by extension 'colcon_meta'
[0.294s] Level 1:colcon.colcon_core.package_identification:_identify(ros/guides-documents/using_ros) by extensions ['ros']
[0.294s] Level 1:colcon.colcon_core.package_identification:_identify(ros/guides-documents/using_ros) by extension 'ros'
[0.294s] Level 1:colcon.colcon_core.package_identification:_identify(ros/guides-documents/using_ros) by extensions ['cmake', 'python']
[0.294s] Level 1:colcon.colcon_core.package_identification:_identify(ros/guides-documents/using_ros) by extension 'cmake'
[0.294s] Level 1:colcon.colcon_core.package_identification:_identify(ros/guides-documents/using_ros) by extension 'python'
[0.295s] Level 1:colcon.colcon_core.package_identification:_identify(ros/guides-documents/using_ros) by extensions ['python_setup_py']
[0.295s] Level 1:colcon.colcon_core.package_identification:_identify(ros/guides-documents/using_ros) by extension 'python_setup_py'
[0.295s] Level 1:colcon.colcon_core.package_identification:_identify(ros/ros2_ws) by extensions ['ignore', 'ignore_ament_install']
[0.295s] Level 1:colcon.colcon_core.package_identification:_identify(ros/ros2_ws) by extension 'ignore'
[0.295s] Level 1:colcon.colcon_core.package_identification:_identify(ros/ros2_ws) by extension 'ignore_ament_install'
[0.295s] Level 1:colcon.colcon_core.package_identification:_identify(ros/ros2_ws) by extensions ['colcon_pkg']
[0.295s] Level 1:colcon.colcon_core.package_identification:_identify(ros/ros2_ws) by extension 'colcon_pkg'
[0.295s] Level 1:colcon.colcon_core.package_identification:_identify(ros/ros2_ws) by extensions ['colcon_meta']
[0.295s] Level 1:colcon.colcon_core.package_identification:_identify(ros/ros2_ws) by extension 'colcon_meta'
[0.295s] Level 1:colcon.colcon_core.package_identification:_identify(ros/ros2_ws) by extensions ['ros']
[0.295s] Level 1:colcon.colcon_core.package_identification:_identify(ros/ros2_ws) by extension 'ros'
[0.295s] Level 1:colcon.colcon_core.package_identification:_identify(ros/ros2_ws) by extensions ['cmake', 'python']
[0.295s] Level 1:colcon.colcon_core.package_identification:_identify(ros/ros2_ws) by extension 'cmake'
[0.295s] Level 1:colcon.colcon_core.package_identification:_identify(ros/ros2_ws) by extension 'python'
[0.295s] Level 1:colcon.colcon_core.package_identification:_identify(ros/ros2_ws) by extensions ['python_setup_py']
[0.295s] Level 1:colcon.colcon_core.package_identification:_identify(ros/ros2_ws) by extension 'python_setup_py'
[0.295s] Level 1:colcon.colcon_core.package_identification:_identify(ros/ros2_ws/build) by extensions ['ignore', 'ignore_ament_install']
[0.295s] Level 1:colcon.colcon_core.package_identification:_identify(ros/ros2_ws/build) by extension 'ignore'
[0.295s] Level 1:colcon.colcon_core.package_identification:_identify(ros/ros2_ws/build) ignored
[0.295s] Level 1:colcon.colcon_core.package_identification:_identify(ros/ros2_ws/install) by extensions ['ignore', 'ignore_ament_install']
[0.295s] Level 1:colcon.colcon_core.package_identification:_identify(ros/ros2_ws/install) by extension 'ignore'
[0.295s] Level 1:colcon.colcon_core.package_identification:_identify(ros/ros2_ws/install) ignored
[0.296s] Level 1:colcon.colcon_core.package_identification:_identify(ros/ros2_ws/log) by extensions ['ignore', 'ignore_ament_install']
[0.296s] Level 1:colcon.colcon_core.package_identification:_identify(ros/ros2_ws/log) by extension 'ignore'
[0.296s] Level 1:colcon.colcon_core.package_identification:_identify(ros/ros2_ws/log) ignored
[0.296s] Level 1:colcon.colcon_core.package_identification:_identify(ros/ros2_ws/src) by extensions ['ignore', 'ignore_ament_install']
[0.296s] Level 1:colcon.colcon_core.package_identification:_identify(ros/ros2_ws/src) by extension 'ignore'
[0.296s] Level 1:colcon.colcon_core.package_identification:_identify(ros/ros2_ws/src) by extension 'ignore_ament_install'
[0.296s] Level 1:colcon.colcon_core.package_identification:_identify(ros/ros2_ws/src) by extensions ['colcon_pkg']
[0.296s] Level 1:colcon.colcon_core.package_identification:_identify(ros/ros2_ws/src) by extension 'colcon_pkg'
[0.296s] Level 1:colcon.colcon_core.package_identification:_identify(ros/ros2_ws/src) by extensions ['colcon_meta']
[0.296s] Level 1:colcon.colcon_core.package_identification:_identify(ros/ros2_ws/src) by extension 'colcon_meta'
[0.296s] Level 1:colcon.colcon_core.package_identification:_identify(ros/ros2_ws/src) by extensions ['ros']
[0.296s] Level 1:colcon.colcon_core.package_identification:_identify(ros/ros2_ws/src) by extension 'ros'
[0.296s] Level 1:colcon.colcon_core.package_identification:_identify(ros/ros2_ws/src) by extensions ['cmake', 'python']
[0.296s] Level 1:colcon.colcon_core.package_identification:_identify(ros/ros2_ws/src) by extension 'cmake'
[0.296s] Level 1:colcon.colcon_core.package_identification:_identify(ros/ros2_ws/src) by extension 'python'
[0.296s] Level 1:colcon.colcon_core.package_identification:_identify(ros/ros2_ws/src) by extensions ['python_setup_py']
[0.296s] Level 1:colcon.colcon_core.package_identification:_identify(ros/ros2_ws/src) by extension 'python_setup_py'
[0.296s] Level 1:colcon.colcon_core.package_identification:_identify(ros/ros2_ws/src/pi_camera) by extensions ['ignore', 'ignore_ament_install']
[0.296s] Level 1:colcon.colcon_core.package_identification:_identify(ros/ros2_ws/src/pi_camera) by extension 'ignore'
[0.296s] Level 1:colcon.colcon_core.package_identification:_identify(ros/ros2_ws/src/pi_camera) by extension 'ignore_ament_install'
[0.297s] Level 1:colcon.colcon_core.package_identification:_identify(ros/ros2_ws/src/pi_camera) by extensions ['colcon_pkg']
[0.297s] Level 1:colcon.colcon_core.package_identification:_identify(ros/ros2_ws/src/pi_camera) by extension 'colcon_pkg'
[0.297s] Level 1:colcon.colcon_core.package_identification:_identify(ros/ros2_ws/src/pi_camera) by extensions ['colcon_meta']
[0.297s] Level 1:colcon.colcon_core.package_identification:_identify(ros/ros2_ws/src/pi_camera) by extension 'colcon_meta'
[0.297s] Level 1:colcon.colcon_core.package_identification:_identify(ros/ros2_ws/src/pi_camera) by extensions ['ros']
[0.297s] Level 1:colcon.colcon_core.package_identification:_identify(ros/ros2_ws/src/pi_camera) by extension 'ros'
[0.299s] DEBUG:colcon.colcon_core.package_identification:Failed to parse potential ROS package manifest in'ros/ros2_ws/src/pi_camera': Error(s) in package 'ros/ros2_ws/src/pi_camera/package.xml':
Error(s):
- The generic dependency on 'rclpy' is redundant with: exec_depend
[0.299s] Level 1:colcon.colcon_core.package_identification:_identify(ros/ros2_ws/src/pi_camera) by extensions ['cmake', 'python']
[0.299s] Level 1:colcon.colcon_core.package_identification:_identify(ros/ros2_ws/src/pi_camera) by extension 'cmake'
[0.299s] Level 1:colcon.colcon_core.package_identification:_identify(ros/ros2_ws/src/pi_camera) by extension 'python'
[0.299s] DEBUG:colcon.colcon_core.package_identification:Python package in 'ros/ros2_ws/src/pi_camera' passes arguments to the setup() function which requires a different identification extension than 'python'
[0.299s] Level 1:colcon.colcon_core.package_identification:_identify(ros/ros2_ws/src/pi_camera) by extensions ['python_setup_py']
[0.299s] Level 1:colcon.colcon_core.package_identification:_identify(ros/ros2_ws/src/pi_camera) by extension 'python_setup_py'
[0.531s] DEBUG:colcon.colcon_core.package_identification:Package 'ros/ros2_ws/src/pi_camera' with type 'python' and name 'pi_camera'
[0.532s] Level 1:colcon.colcon_core.package_identification:_identify(ros/ros2_ws/src/simple_chat) by extensions ['ignore', 'ignore_ament_install']
[0.532s] Level 1:colcon.colcon_core.package_identification:_identify(ros/ros2_ws/src/simple_chat) by extension 'ignore'
[0.532s] Level 1:colcon.colcon_core.package_identification:_identify(ros/ros2_ws/src/simple_chat) by extension 'ignore_ament_install'
[0.532s] Level 1:colcon.colcon_core.package_identification:_identify(ros/ros2_ws/src/simple_chat) by extensions ['colcon_pkg']
[0.532s] Level 1:colcon.colcon_core.package_identification:_identify(ros/ros2_ws/src/simple_chat) by extension 'colcon_pkg'
[0.532s] Level 1:colcon.colcon_core.package_identification:_identify(ros/ros2_ws/src/simple_chat) by extensions ['colcon_meta']
[0.532s] Level 1:colcon.colcon_core.package_identification:_identify(ros/ros2_ws/src/simple_chat) by extension 'colcon_meta'
[0.532s] Level 1:colcon.colcon_core.package_identification:_identify(ros/ros2_ws/src/simple_chat) by extensions ['ros']
[0.532s] Level 1:colcon.colcon_core.package_identification:_identify(ros/ros2_ws/src/simple_chat) by extension 'ros'
[0.533s] DEBUG:colcon.colcon_core.package_identification:Package 'ros/ros2_ws/src/simple_chat' with type 'ros.catkin' and name 'simple_chat'
[0.534s] Level 1:colcon.colcon_core.package_identification:_identify(serial_connection) by extensions ['ignore', 'ignore_ament_install']
[0.534s] Level 1:colcon.colcon_core.package_identification:_identify(serial_connection) by extension 'ignore'
[0.534s] Level 1:colcon.colcon_core.package_identification:_identify(serial_connection) by extension 'ignore_ament_install'
[0.534s] Level 1:colcon.colcon_core.package_identification:_identify(serial_connection) by extensions ['colcon_pkg']
[0.534s] Level 1:colcon.colcon_core.package_identification:_identify(serial_connection) by extension 'colcon_pkg'
[0.534s] Level 1:colcon.colcon_core.package_identification:_identify(serial_connection) by extensions ['colcon_meta']
[0.534s] Level 1:colcon.colcon_core.package_identification:_identify(serial_connection) by extension 'colcon_meta'
[0.534s] Level 1:colcon.colcon_core.package_identification:_identify(serial_connection) by extensions ['ros']
[0.534s] Level 1:colcon.colcon_core.package_identification:_identify(serial_connection) by extension 'ros'
[0.534s] Level 1:colcon.colcon_core.package_identification:_identify(serial_connection) by extensions ['cmake', 'python']
[0.534s] Level 1:colcon.colcon_core.package_identification:_identify(serial_connection) by extension 'cmake'
[0.534s] Level 1:colcon.colcon_core.package_identification:_identify(serial_connection) by extension 'python'
[0.534s] Level 1:colcon.colcon_core.package_identification:_identify(serial_connection) by extensions ['python_setup_py']
[0.534s] Level 1:colcon.colcon_core.package_identification:_identify(serial_connection) by extension 'python_setup_py'
[0.534s] Level 1:colcon.colcon_core.package_identification:_identify(serial_connection/recieve_message) by extensions ['ignore', 'ignore_ament_install']
[0.534s] Level 1:colcon.colcon_core.package_identification:_identify(serial_connection/recieve_message) by extension 'ignore'
[0.534s] Level 1:colcon.colcon_core.package_identification:_identify(serial_connection/recieve_message) by extension 'ignore_ament_install'
[0.534s] Level 1:colcon.colcon_core.package_identification:_identify(serial_connection/recieve_message) by extensions ['colcon_pkg']
[0.534s] Level 1:colcon.colcon_core.package_identification:_identify(serial_connection/recieve_message) by extension 'colcon_pkg'
[0.534s] Level 1:colcon.colcon_core.package_identification:_identify(serial_connection/recieve_message) by extensions ['colcon_meta']
[0.534s] Level 1:colcon.colcon_core.package_identification:_identify(serial_connection/recieve_message) by extension 'colcon_meta'
[0.535s] Level 1:colcon.colcon_core.package_identification:_identify(serial_connection/recieve_message) by extensions ['ros']
[0.535s] Level 1:colcon.colcon_core.package_identification:_identify(serial_connection/recieve_message) by extension 'ros'
[0.535s] Level 1:colcon.colcon_core.package_identification:_identify(serial_connection/recieve_message) by extensions ['cmake', 'python']
[0.535s] Level 1:colcon.colcon_core.package_identification:_identify(serial_connection/recieve_message) by extension 'cmake'
[0.535s] Level 1:colcon.colcon_core.package_identification:_identify(serial_connection/recieve_message) by extension 'python'
[0.535s] Level 1:colcon.colcon_core.package_identification:_identify(serial_connection/recieve_message) by extensions ['python_setup_py']
[0.535s] Level 1:colcon.colcon_core.package_identification:_identify(serial_connection/recieve_message) by extension 'python_setup_py'
[0.535s] Level 1:colcon.colcon_core.package_discovery:discover_packages(recursive) using defaults
[0.535s] Level 1:colcon.colcon_core.package_discovery:discover_packages(ignore) discover
[0.535s] Level 1:colcon.colcon_core.package_discovery:discover_packages(ignore) using defaults
[0.535s] Level 1:colcon.colcon_core.package_discovery:discover_packages(path) discover
[0.535s] Level 1:colcon.colcon_core.package_discovery:discover_packages(path) using defaults
[0.560s] Level 5:colcon.colcon_core.verb:set package 'pi_camera' build argument 'cmake_args' from command line to 'None'
[0.560s] Level 5:colcon.colcon_core.verb:set package 'pi_camera' build argument 'cmake_target' from command line to 'None'
[0.560s] Level 5:colcon.colcon_core.verb:set package 'pi_camera' build argument 'cmake_target_skip_unavailable' from command line to 'False'
[0.560s] Level 5:colcon.colcon_core.verb:set package 'pi_camera' build argument 'cmake_clean_cache' from command line to 'False'
[0.560s] Level 5:colcon.colcon_core.verb:set package 'pi_camera' build argument 'cmake_clean_first' from command line to 'False'
[0.560s] Level 5:colcon.colcon_core.verb:set package 'pi_camera' build argument 'cmake_force_configure' from command line to 'False'
[0.560s] Level 5:colcon.colcon_core.verb:set package 'pi_camera' build argument 'ament_cmake_args' from command line to 'None'
[0.560s] Level 5:colcon.colcon_core.verb:set package 'pi_camera' build argument 'catkin_cmake_args' from command line to 'None'
[0.560s] Level 5:colcon.colcon_core.verb:set package 'pi_camera' build argument 'catkin_skip_building_tests' from command line to 'False'
[0.560s] DEBUG:colcon.colcon_core.verb:Building package 'pi_camera' with the following arguments: {'ament_cmake_args': None, 'build_base': '/ros2_ws/build/pi_camera', 'catkin_cmake_args': None, 'catkin_skip_building_tests': False, 'cmake_args': None, 'cmake_clean_cache': False, 'cmake_clean_first': False, 'cmake_force_configure': False, 'cmake_target': None, 'cmake_target_skip_unavailable': False, 'install_base': '/ros2_ws/install/pi_camera', 'merge_install': False, 'path': '/ros2_ws/ros/ros2_ws/src/pi_camera', 'symlink_install': True, 'test_result_base': None}
[0.561s] Level 5:colcon.colcon_core.verb:set package 'simple_chat' build argument 'cmake_args' from command line to 'None'
[0.561s] Level 5:colcon.colcon_core.verb:set package 'simple_chat' build argument 'cmake_target' from command line to 'None'
[0.561s] Level 5:colcon.colcon_core.verb:set package 'simple_chat' build argument 'cmake_target_skip_unavailable' from command line to 'False'
[0.561s] Level 5:colcon.colcon_core.verb:set package 'simple_chat' build argument 'cmake_clean_cache' from command line to 'False'
[0.561s] Level 5:colcon.colcon_core.verb:set package 'simple_chat' build argument 'cmake_clean_first' from command line to 'False'
[0.561s] Level 5:colcon.colcon_core.verb:set package 'simple_chat' build argument 'cmake_force_configure' from command line to 'False'
[0.561s] Level 5:colcon.colcon_core.verb:set package 'simple_chat' build argument 'ament_cmake_args' from command line to 'None'
[0.561s] Level 5:colcon.colcon_core.verb:set package 'simple_chat' build argument 'catkin_cmake_args' from command line to 'None'
[0.561s] Level 5:colcon.colcon_core.verb:set package 'simple_chat' build argument 'catkin_skip_building_tests' from command line to 'False'
[0.561s] DEBUG:colcon.colcon_core.verb:Building package 'simple_chat' with the following arguments: {'ament_cmake_args': None, 'build_base': '/ros2_ws/build/simple_chat', 'catkin_cmake_args': None, 'catkin_skip_building_tests': False, 'cmake_args': None, 'cmake_clean_cache': False, 'cmake_clean_first': False, 'cmake_force_configure': False, 'cmake_target': None, 'cmake_target_skip_unavailable': False, 'install_base': '/ros2_ws/install/simple_chat', 'merge_install': False, 'path': '/ros2_ws/ros/ros2_ws/src/simple_chat', 'symlink_install': True, 'test_result_base': None}
[0.561s] INFO:colcon.colcon_core.executor:Executing jobs using 'parallel' executor
[0.562s] DEBUG:colcon.colcon_parallel_executor.executor.parallel:run_until_complete
[0.562s] INFO:colcon.colcon_core.task.python.build:Building Python package in '/ros2_ws/ros/ros2_ws/src/pi_camera'
[0.565s] INFO:colcon.colcon_core.plugin_system:Skipping extension 'colcon_core.shell.bat': Not used on non-Windows systems
[0.565s] INFO:colcon.colcon_core.shell:Skip shell extension 'powershell' for command environment: Not usable outside of PowerShell
[0.565s] DEBUG:colcon.colcon_core.shell:Skip shell extension 'dsv' for command environment
[0.570s] INFO:colcon.colcon_ros.task.catkin.build:Building ROS package in '/ros2_ws/ros/ros2_ws/src/simple_chat' with build type 'catkin'
[0.570s] INFO:colcon.colcon_cmake.task.cmake.build:Building CMake package in '/ros2_ws/ros/ros2_ws/src/simple_chat'
[0.570s] INFO:colcon.colcon_core.shell:Skip shell extension 'powershell' for command environment: Not usable outside of PowerShell
[0.570s] DEBUG:colcon.colcon_core.shell:Skip shell extension 'dsv' for command environment
[0.815s] DEBUG:colcon.colcon_core.event_handler.log_command:Invoking command in '/ros2_ws/build/simple_chat': /usr/bin/cmake /ros2_ws/ros/ros2_ws/src/simple_chat -DCATKIN_INSTALL_INTO_PREFIX_ROOT=0 -DCATKIN_SYMLINK_INSTALL=ON -DCMAKE_INSTALL_PREFIX=/ros2_ws/install/simple_chat
[0.828s] Level 1:colcon.colcon_core.environment:create_environment_scripts_only(simple_chat)
[0.828s] DEBUG:colcon.colcon_core.event_handler.log_command:Invoked command in '/ros2_ws/build/simple_chat' returned '1': /usr/bin/cmake /ros2_ws/ros/ros2_ws/src/simple_chat -DCATKIN_INSTALL_INTO_PREFIX_ROOT=0 -DCATKIN_SYMLINK_INSTALL=ON -DCMAKE_INSTALL_PREFIX=/ros2_ws/install/simple_chat
[0.831s] Level 1:colcon.colcon_core.environment:checking '/ros2_ws/install/simple_chat' for CMake module files
[0.832s] Level 1:colcon.colcon_core.environment:checking '/ros2_ws/install/simple_chat' for CMake config files
[0.832s] Level 1:colcon.colcon_core.environment:checking '/ros2_ws/install/simple_chat/lib'
[0.833s] Level 1:colcon.colcon_core.environment:checking '/ros2_ws/install/simple_chat/bin'
[0.833s] Level 1:colcon.colcon_core.environment:checking '/ros2_ws/install/simple_chat/lib/pkgconfig/simple_chat.pc'
[0.833s] Level 1:colcon.colcon_core.environment:checking '/ros2_ws/install/simple_chat/lib/python3.10/site-packages'
[0.833s] Level 1:colcon.colcon_core.shell:create_environment_hook('simple_chat', 'pythonpath')
[0.833s] INFO:colcon.colcon_core.shell:Creating environment hook '/ros2_ws/install/simple_chat/share/simple_chat/hook/pythonpath.ps1'
[0.834s] INFO:colcon.colcon_core.shell:Creating environment descriptor '/ros2_ws/install/simple_chat/share/simple_chat/hook/pythonpath.dsv'
[0.844s] INFO:colcon.colcon_core.shell:Creating environment hook '/ros2_ws/install/simple_chat/share/simple_chat/hook/pythonpath.sh'
[0.852s] Level 1:colcon.colcon_core.environment:checking '/ros2_ws/install/simple_chat/bin'
[0.852s] INFO:colcon.colcon_core.shell:Creating package script '/ros2_ws/install/simple_chat/share/simple_chat/package.ps1'
[0.862s] INFO:colcon.colcon_core.shell:Creating package descriptor '/ros2_ws/install/simple_chat/share/simple_chat/package.dsv'
[0.873s] INFO:colcon.colcon_core.shell:Creating package script '/ros2_ws/install/simple_chat/share/simple_chat/package.sh'
[0.882s] INFO:colcon.colcon_core.shell:Creating package script '/ros2_ws/install/simple_chat/share/simple_chat/package.bash'
[0.892s] INFO:colcon.colcon_core.shell:Creating package script '/ros2_ws/install/simple_chat/share/simple_chat/package.zsh'
[0.903s] Level 1:colcon.colcon_core.environment:create_file_with_runtime_dependencies(/ros2_ws/install/simple_chat/share/colcon-core/packages/simple_chat)
[1.179s] DEBUG:colcon.colcon_parallel_executor.executor.parallel:closing loop
[1.179s] DEBUG:colcon.colcon_parallel_executor.executor.parallel:loop closed
[1.179s] DEBUG:colcon.colcon_parallel_executor.executor.parallel:run_until_complete finished with '1'
[1.179s] DEBUG:colcon.colcon_core.event_reactor:joining thread
[1.185s] INFO:colcon.colcon_core.plugin_system:Skipping extension 'colcon_notification.desktop_notification.notify_send': Could not find 'notify-send'
[1.186s] INFO:colcon.colcon_core.plugin_system:Skipping extension 'colcon_notification.desktop_notification.terminal_notifier': Not used on non-Darwin systems
[1.186s] INFO:colcon.colcon_core.plugin_system:Skipping extension 'colcon_notification.desktop_notification.win32': Not used on non-Windows systems
[1.186s] INFO:colcon.colcon_notification.desktop_notification:Sending desktop notification using 'notify2'
[1.186s] DEBUG:colcon.colcon_notification.desktop_notification.notify2:Failed to initialize notify2: org.freedesktop.DBus.Error.NotSupported: Unable to autolaunch a dbus-daemon without a $DISPLAY for X11
[1.186s] DEBUG:colcon.colcon_core.event_reactor:joined thread
[1.186s] INFO:colcon.colcon_core.shell:Creating prefix script '/ros2_ws/install/local_setup.ps1'
[1.188s] INFO:colcon.colcon_core.shell:Creating prefix util module '/ros2_ws/install/_local_setup_util_ps1.py'
[1.196s] INFO:colcon.colcon_core.shell:Creating prefix chain script '/ros2_ws/install/setup.ps1'
[1.210s] INFO:colcon.colcon_core.shell:Creating prefix script '/ros2_ws/install/local_setup.sh'
[1.220s] INFO:colcon.colcon_core.shell:Creating prefix util module '/ros2_ws/install/_local_setup_util_sh.py'
[1.229s] INFO:colcon.colcon_core.shell:Creating prefix chain script '/ros2_ws/install/setup.sh'
[1.241s] INFO:colcon.colcon_core.shell:Creating prefix script '/ros2_ws/install/local_setup.bash'
[1.251s] INFO:colcon.colcon_core.shell:Creating prefix chain script '/ros2_ws/install/setup.bash'
[1.260s] INFO:colcon.colcon_core.shell:Creating prefix script '/ros2_ws/install/local_setup.zsh'
[1.270s] INFO:colcon.colcon_core.shell:Creating prefix chain script '/ros2_ws/install/setup.zsh'
