[0.127s] DEBUG:colcon:Command line arguments: ['/usr/bin/colcon', 'build', '--symlink-install']
[0.128s] DEBUG:colcon:Parsed command line arguments: Namespace(log_base=None, log_level=None, verb_name='build', build_base='build', install_base='install', merge_install=False, symlink_install=True, test_result_base=None, continue_on_error=False, executor='parallel', parallel_workers=4, event_handlers=None, ignore_user_meta=False, metas=['./colcon.meta'], base_paths=['.'], packages_ignore=None, packages_ignore_regex=None, paths=None, packages_up_to=None, packages_up_to_regex=None, packages_above=None, packages_above_and_dependencies=None, packages_above_depth=None, packages_select_by_dep=None, packages_skip_by_dep=None, packages_skip_up_to=None, packages_select_build_failed=False, packages_skip_build_finished=False, packages_select_test_failures=False, packages_skip_test_passed=False, packages_select=None, packages_skip=None, packages_select_regex=None, packages_skip_regex=None, packages_start=None, packages_end=None, cmake_args=None, cmake_target=None, cmake_target_skip_unavailable=False, cmake_clean_cache=False, cmake_clean_first=False, cmake_force_configure=False, ament_cmake_args=None, catkin_cmake_args=None, catkin_skip_building_tests=False, mixin_files=None, mixin=None, verb_parser=<colcon_mixin.mixin.mixin_argument.MixinArgumentDecorator object at 0x7fff5b9c5cc0>, verb_extension=<colcon_core.verb.build.BuildVerb object at 0x7fff5b9c57e0>, main=<bound method BuildVerb.main of <colcon_core.verb.build.BuildVerb object at 0x7fff5b9c57e0>>, mixin_verb=('build',))
[0.248s] Level 1:colcon.colcon_core.package_discovery:discover_packages(colcon_meta) check parameters
[0.249s] INFO:colcon.colcon_metadata.package_discovery.colcon_meta:Using configuration from '/root/.colcon/metadata/default/Gazebo.meta'
[0.249s] INFO:colcon.colcon_metadata.package_discovery.colcon_meta:Using configuration from '/root/.colcon/metadata/default/fastdds.meta'
[0.250s] INFO:colcon.colcon_metadata.package_discovery.colcon_meta:Using configuration from '/root/.colcon/metadata/default/fastrtps.meta'
[0.250s] Level 1:colcon.colcon_core.package_discovery:discover_packages(recursive) check parameters
[0.250s] Level 1:colcon.colcon_core.package_discovery:discover_packages(ignore) check parameters
[0.250s] Level 1:colcon.colcon_core.package_discovery:discover_packages(path) check parameters
[0.250s] Level 1:colcon.colcon_core.package_discovery:discover_packages(colcon_meta) discover
[0.250s] Level 1:colcon.colcon_core.package_discovery:discover_packages(recursive) discover
[0.250s] INFO:colcon.colcon_core.package_discovery:Crawling recursively for packages in '/ros2_ws'
[0.250s] Level 1:colcon.colcon_core.package_identification:_identify(.) by extensions ['ignore', 'ignore_ament_install']
[0.250s] Level 1:colcon.colcon_core.package_identification:_identify(.) by extension 'ignore'
[0.250s] Level 1:colcon.colcon_core.package_identification:_identify(.) by extension 'ignore_ament_install'
[0.250s] Level 1:colcon.colcon_core.package_identification:_identify(.) by extensions ['colcon_pkg']
[0.250s] Level 1:colcon.colcon_core.package_identification:_identify(.) by extension 'colcon_pkg'
[0.250s] Level 1:colcon.colcon_core.package_identification:_identify(.) by extensions ['colcon_meta']
[0.251s] Level 1:colcon.colcon_core.package_identification:_identify(.) by extension 'colcon_meta'
[0.251s] Level 1:colcon.colcon_core.package_identification:_identify(.) by extensions ['ros']
[0.251s] Level 1:colcon.colcon_core.package_identification:_identify(.) by extension 'ros'
[0.264s] Level 1:colcon.colcon_core.package_identification:_identify(.) by extensions ['cmake', 'python']
[0.265s] Level 1:colcon.colcon_core.package_identification:_identify(.) by extension 'cmake'
[0.265s] Level 1:colcon.colcon_core.package_identification:_identify(.) by extension 'python'
[0.265s] Level 1:colcon.colcon_core.package_identification:_identify(.) by extensions ['python_setup_py']
[0.265s] Level 1:colcon.colcon_core.package_identification:_identify(.) by extension 'python_setup_py'
[0.265s] Level 1:colcon.colcon_core.package_identification:_identify(LiDAR_Project) by extensions ['ignore', 'ignore_ament_install']
[0.265s] Level 1:colcon.colcon_core.package_identification:_identify(LiDAR_Project) by extension 'ignore'
[0.265s] Level 1:colcon.colcon_core.package_identification:_identify(LiDAR_Project) by extension 'ignore_ament_install'
[0.265s] Level 1:colcon.colcon_core.package_identification:_identify(LiDAR_Project) by extensions ['colcon_pkg']
[0.265s] Level 1:colcon.colcon_core.package_identification:_identify(LiDAR_Project) by extension 'colcon_pkg'
[0.265s] Level 1:colcon.colcon_core.package_identification:_identify(LiDAR_Project) by extensions ['colcon_meta']
[0.265s] Level 1:colcon.colcon_core.package_identification:_identify(LiDAR_Project) by extension 'colcon_meta'
[0.265s] Level 1:colcon.colcon_core.package_identification:_identify(LiDAR_Project) by extensions ['ros']
[0.265s] Level 1:colcon.colcon_core.package_identification:_identify(LiDAR_Project) by extension 'ros'
[0.265s] Level 1:colcon.colcon_core.package_identification:_identify(LiDAR_Project) by extensions ['cmake', 'python']
[0.265s] Level 1:colcon.colcon_core.package_identification:_identify(LiDAR_Project) by extension 'cmake'
[0.265s] Level 1:colcon.colcon_core.package_identification:_identify(LiDAR_Project) by extension 'python'
[0.265s] Level 1:colcon.colcon_core.package_identification:_identify(LiDAR_Project) by extensions ['python_setup_py']
[0.265s] Level 1:colcon.colcon_core.package_identification:_identify(LiDAR_Project) by extension 'python_setup_py'
[0.266s] Level 1:colcon.colcon_core.package_identification:_identify(build) by extensions ['ignore', 'ignore_ament_install']
[0.266s] Level 1:colcon.colcon_core.package_identification:_identify(build) by extension 'ignore'
[0.266s] Level 1:colcon.colcon_core.package_identification:_identify(build) ignored
[0.266s] Level 1:colcon.colcon_core.package_identification:_identify(install) by extensions ['ignore', 'ignore_ament_install']
[0.266s] Level 1:colcon.colcon_core.package_identification:_identify(install) by extension 'ignore'
[0.266s] Level 1:colcon.colcon_core.package_identification:_identify(install) ignored
[0.266s] Level 1:colcon.colcon_core.package_identification:_identify(log) by extensions ['ignore', 'ignore_ament_install']
[0.266s] Level 1:colcon.colcon_core.package_identification:_identify(log) by extension 'ignore'
[0.266s] Level 1:colcon.colcon_core.package_identification:_identify(log) ignored
[0.266s] Level 1:colcon.colcon_core.package_identification:_identify(rc controller) by extensions ['ignore', 'ignore_ament_install']
[0.266s] Level 1:colcon.colcon_core.package_identification:_identify(rc controller) by extension 'ignore'
[0.266s] Level 1:colcon.colcon_core.package_identification:_identify(rc controller) by extension 'ignore_ament_install'
[0.266s] Level 1:colcon.colcon_core.package_identification:_identify(rc controller) by extensions ['colcon_pkg']
[0.266s] Level 1:colcon.colcon_core.package_identification:_identify(rc controller) by extension 'colcon_pkg'
[0.266s] Level 1:colcon.colcon_core.package_identification:_identify(rc controller) by extensions ['colcon_meta']
[0.266s] Level 1:colcon.colcon_core.package_identification:_identify(rc controller) by extension 'colcon_meta'
[0.266s] Level 1:colcon.colcon_core.package_identification:_identify(rc controller) by extensions ['ros']
[0.266s] Level 1:colcon.colcon_core.package_identification:_identify(rc controller) by extension 'ros'
[0.267s] Level 1:colcon.colcon_core.package_identification:_identify(rc controller) by extensions ['cmake', 'python']
[0.267s] Level 1:colcon.colcon_core.package_identification:_identify(rc controller) by extension 'cmake'
[0.267s] Level 1:colcon.colcon_core.package_identification:_identify(rc controller) by extension 'python'
[0.267s] Level 1:colcon.colcon_core.package_identification:_identify(rc controller) by extensions ['python_setup_py']
[0.267s] Level 1:colcon.colcon_core.package_identification:_identify(rc controller) by extension 'python_setup_py'
[0.267s] Level 1:colcon.colcon_core.package_identification:_identify(rc controller/component_tests) by extensions ['ignore', 'ignore_ament_install']
[0.267s] Level 1:colcon.colcon_core.package_identification:_identify(rc controller/component_tests) by extension 'ignore'
[0.267s] Level 1:colcon.colcon_core.package_identification:_identify(rc controller/component_tests) by extension 'ignore_ament_install'
[0.267s] Level 1:colcon.colcon_core.package_identification:_identify(rc controller/component_tests) by extensions ['colcon_pkg']
[0.267s] Level 1:colcon.colcon_core.package_identification:_identify(rc controller/component_tests) by extension 'colcon_pkg'
[0.267s] Level 1:colcon.colcon_core.package_identification:_identify(rc controller/component_tests) by extensions ['colcon_meta']
[0.267s] Level 1:colcon.colcon_core.package_identification:_identify(rc controller/component_tests) by extension 'colcon_meta'
[0.267s] Level 1:colcon.colcon_core.package_identification:_identify(rc controller/component_tests) by extensions ['ros']
[0.267s] Level 1:colcon.colcon_core.package_identification:_identify(rc controller/component_tests) by extension 'ros'
[0.267s] Level 1:colcon.colcon_core.package_identification:_identify(rc controller/component_tests) by extensions ['cmake', 'python']
[0.267s] Level 1:colcon.colcon_core.package_identification:_identify(rc controller/component_tests) by extension 'cmake'
[0.267s] Level 1:colcon.colcon_core.package_identification:_identify(rc controller/component_tests) by extension 'python'
[0.267s] Level 1:colcon.colcon_core.package_identification:_identify(rc controller/component_tests) by extensions ['python_setup_py']
[0.267s] Level 1:colcon.colcon_core.package_identification:_identify(rc controller/component_tests) by extension 'python_setup_py'
[0.267s] Level 1:colcon.colcon_core.package_identification:_identify(rc controller/component_tests/actuator_test) by extensions ['ignore', 'ignore_ament_install']
[0.267s] Level 1:colcon.colcon_core.package_identification:_identify(rc controller/component_tests/actuator_test) by extension 'ignore'
[0.267s] Level 1:colcon.colcon_core.package_identification:_identify(rc controller/component_tests/actuator_test) by extension 'ignore_ament_install'
[0.267s] Level 1:colcon.colcon_core.package_identification:_identify(rc controller/component_tests/actuator_test) by extensions ['colcon_pkg']
[0.268s] Level 1:colcon.colcon_core.package_identification:_identify(rc controller/component_tests/actuator_test) by extension 'colcon_pkg'
[0.268s] Level 1:colcon.colcon_core.package_identification:_identify(rc controller/component_tests/actuator_test) by extensions ['colcon_meta']
[0.268s] Level 1:colcon.colcon_core.package_identification:_identify(rc controller/component_tests/actuator_test) by extension 'colcon_meta'
[0.268s] Level 1:colcon.colcon_core.package_identification:_identify(rc controller/component_tests/actuator_test) by extensions ['ros']
[0.268s] Level 1:colcon.colcon_core.package_identification:_identify(rc controller/component_tests/actuator_test) by extension 'ros'
[0.268s] Level 1:colcon.colcon_core.package_identification:_identify(rc controller/component_tests/actuator_test) by extensions ['cmake', 'python']
[0.268s] Level 1:colcon.colcon_core.package_identification:_identify(rc controller/component_tests/actuator_test) by extension 'cmake'
[0.268s] Level 1:colcon.colcon_core.package_identification:_identify(rc controller/component_tests/actuator_test) by extension 'python'
[0.268s] Level 1:colcon.colcon_core.package_identification:_identify(rc controller/component_tests/actuator_test) by extensions ['python_setup_py']
[0.268s] Level 1:colcon.colcon_core.package_identification:_identify(rc controller/component_tests/actuator_test) by extension 'python_setup_py'
[0.268s] Level 1:colcon.colcon_core.package_identification:_identify(rc controller/component_tests/actuator_test_pwm) by extensions ['ignore', 'ignore_ament_install']
[0.268s] Level 1:colcon.colcon_core.package_identification:_identify(rc controller/component_tests/actuator_test_pwm) by extension 'ignore'
[0.268s] Level 1:colcon.colcon_core.package_identification:_identify(rc controller/component_tests/actuator_test_pwm) by extension 'ignore_ament_install'
[0.268s] Level 1:colcon.colcon_core.package_identification:_identify(rc controller/component_tests/actuator_test_pwm) by extensions ['colcon_pkg']
[0.268s] Level 1:colcon.colcon_core.package_identification:_identify(rc controller/component_tests/actuator_test_pwm) by extension 'colcon_pkg'
[0.268s] Level 1:colcon.colcon_core.package_identification:_identify(rc controller/component_tests/actuator_test_pwm) by extensions ['colcon_meta']
[0.268s] Level 1:colcon.colcon_core.package_identification:_identify(rc controller/component_tests/actuator_test_pwm) by extension 'colcon_meta'
[0.268s] Level 1:colcon.colcon_core.package_identification:_identify(rc controller/component_tests/actuator_test_pwm) by extensions ['ros']
[0.268s] Level 1:colcon.colcon_core.package_identification:_identify(rc controller/component_tests/actuator_test_pwm) by extension 'ros'
[0.268s] Level 1:colcon.colcon_core.package_identification:_identify(rc controller/component_tests/actuator_test_pwm) by extensions ['cmake', 'python']
[0.268s] Level 1:colcon.colcon_core.package_identification:_identify(rc controller/component_tests/actuator_test_pwm) by extension 'cmake'
[0.268s] Level 1:colcon.colcon_core.package_identification:_identify(rc controller/component_tests/actuator_test_pwm) by extension 'python'
[0.268s] Level 1:colcon.colcon_core.package_identification:_identify(rc controller/component_tests/actuator_test_pwm) by extensions ['python_setup_py']
[0.268s] Level 1:colcon.colcon_core.package_identification:_identify(rc controller/component_tests/actuator_test_pwm) by extension 'python_setup_py'
[0.268s] Level 1:colcon.colcon_core.package_identification:_identify(rc controller/component_tests/motors_test) by extensions ['ignore', 'ignore_ament_install']
[0.269s] Level 1:colcon.colcon_core.package_identification:_identify(rc controller/component_tests/motors_test) by extension 'ignore'
[0.269s] Level 1:colcon.colcon_core.package_identification:_identify(rc controller/component_tests/motors_test) by extension 'ignore_ament_install'
[0.269s] Level 1:colcon.colcon_core.package_identification:_identify(rc controller/component_tests/motors_test) by extensions ['colcon_pkg']
[0.269s] Level 1:colcon.colcon_core.package_identification:_identify(rc controller/component_tests/motors_test) by extension 'colcon_pkg'
[0.269s] Level 1:colcon.colcon_core.package_identification:_identify(rc controller/component_tests/motors_test) by extensions ['colcon_meta']
[0.269s] Level 1:colcon.colcon_core.package_identification:_identify(rc controller/component_tests/motors_test) by extension 'colcon_meta'
[0.269s] Level 1:colcon.colcon_core.package_identification:_identify(rc controller/component_tests/motors_test) by extensions ['ros']
[0.269s] Level 1:colcon.colcon_core.package_identification:_identify(rc controller/component_tests/motors_test) by extension 'ros'
[0.269s] Level 1:colcon.colcon_core.package_identification:_identify(rc controller/component_tests/motors_test) by extensions ['cmake', 'python']
[0.269s] Level 1:colcon.colcon_core.package_identification:_identify(rc controller/component_tests/motors_test) by extension 'cmake'
[0.269s] Level 1:colcon.colcon_core.package_identification:_identify(rc controller/component_tests/motors_test) by extension 'python'
[0.269s] Level 1:colcon.colcon_core.package_identification:_identify(rc controller/component_tests/motors_test) by extensions ['python_setup_py']
[0.269s] Level 1:colcon.colcon_core.package_identification:_identify(rc controller/component_tests/motors_test) by extension 'python_setup_py'
[0.269s] Level 1:colcon.colcon_core.package_identification:_identify(rc controller/component_tests/servo_test) by extensions ['ignore', 'ignore_ament_install']
[0.269s] Level 1:colcon.colcon_core.package_identification:_identify(rc controller/component_tests/servo_test) by extension 'ignore'
[0.269s] Level 1:colcon.colcon_core.package_identification:_identify(rc controller/component_tests/servo_test) by extension 'ignore_ament_install'
[0.269s] Level 1:colcon.colcon_core.package_identification:_identify(rc controller/component_tests/servo_test) by extensions ['colcon_pkg']
[0.269s] Level 1:colcon.colcon_core.package_identification:_identify(rc controller/component_tests/servo_test) by extension 'colcon_pkg'
[0.269s] Level 1:colcon.colcon_core.package_identification:_identify(rc controller/component_tests/servo_test) by extensions ['colcon_meta']
[0.269s] Level 1:colcon.colcon_core.package_identification:_identify(rc controller/component_tests/servo_test) by extension 'colcon_meta'
[0.269s] Level 1:colcon.colcon_core.package_identification:_identify(rc controller/component_tests/servo_test) by extensions ['ros']
[0.269s] Level 1:colcon.colcon_core.package_identification:_identify(rc controller/component_tests/servo_test) by extension 'ros'
[0.269s] Level 1:colcon.colcon_core.package_identification:_identify(rc controller/component_tests/servo_test) by extensions ['cmake', 'python']
[0.269s] Level 1:colcon.colcon_core.package_identification:_identify(rc controller/component_tests/servo_test) by extension 'cmake'
[0.270s] Level 1:colcon.colcon_core.package_identification:_identify(rc controller/component_tests/servo_test) by extension 'python'
[0.270s] Level 1:colcon.colcon_core.package_identification:_identify(rc controller/component_tests/servo_test) by extensions ['python_setup_py']
[0.270s] Level 1:colcon.colcon_core.package_identification:_identify(rc controller/component_tests/servo_test) by extension 'python_setup_py'
[0.270s] Level 1:colcon.colcon_core.package_identification:_identify(rc controller/documents) by extensions ['ignore', 'ignore_ament_install']
[0.270s] Level 1:colcon.colcon_core.package_identification:_identify(rc controller/documents) by extension 'ignore'
[0.270s] Level 1:colcon.colcon_core.package_identification:_identify(rc controller/documents) by extension 'ignore_ament_install'
[0.270s] Level 1:colcon.colcon_core.package_identification:_identify(rc controller/documents) by extensions ['colcon_pkg']
[0.270s] Level 1:colcon.colcon_core.package_identification:_identify(rc controller/documents) by extension 'colcon_pkg'
[0.270s] Level 1:colcon.colcon_core.package_identification:_identify(rc controller/documents) by extensions ['colcon_meta']
[0.270s] Level 1:colcon.colcon_core.package_identification:_identify(rc controller/documents) by extension 'colcon_meta'
[0.270s] Level 1:colcon.colcon_core.package_identification:_identify(rc controller/documents) by extensions ['ros']
[0.270s] Level 1:colcon.colcon_core.package_identification:_identify(rc controller/documents) by extension 'ros'
[0.270s] Level 1:colcon.colcon_core.package_identification:_identify(rc controller/documents) by extensions ['cmake', 'python']
[0.270s] Level 1:colcon.colcon_core.package_identification:_identify(rc controller/documents) by extension 'cmake'
[0.270s] Level 1:colcon.colcon_core.package_identification:_identify(rc controller/documents) by extension 'python'
[0.270s] Level 1:colcon.colcon_core.package_identification:_identify(rc controller/documents) by extensions ['python_setup_py']
[0.270s] Level 1:colcon.colcon_core.package_identification:_identify(rc controller/documents) by extension 'python_setup_py'
[0.270s] Level 1:colcon.colcon_core.package_identification:_identify(rc controller/documents/actuator) by extensions ['ignore', 'ignore_ament_install']
[0.270s] Level 1:colcon.colcon_core.package_identification:_identify(rc controller/documents/actuator) by extension 'ignore'
[0.270s] Level 1:colcon.colcon_core.package_identification:_identify(rc controller/documents/actuator) by extension 'ignore_ament_install'
[0.270s] Level 1:colcon.colcon_core.package_identification:_identify(rc controller/documents/actuator) by extensions ['colcon_pkg']
[0.270s] Level 1:colcon.colcon_core.package_identification:_identify(rc controller/documents/actuator) by extension 'colcon_pkg'
[0.270s] Level 1:colcon.colcon_core.package_identification:_identify(rc controller/documents/actuator) by extensions ['colcon_meta']
[0.270s] Level 1:colcon.colcon_core.package_identification:_identify(rc controller/documents/actuator) by extension 'colcon_meta'
[0.271s] Level 1:colcon.colcon_core.package_identification:_identify(rc controller/documents/actuator) by extensions ['ros']
[0.271s] Level 1:colcon.colcon_core.package_identification:_identify(rc controller/documents/actuator) by extension 'ros'
[0.271s] Level 1:colcon.colcon_core.package_identification:_identify(rc controller/documents/actuator) by extensions ['cmake', 'python']
[0.271s] Level 1:colcon.colcon_core.package_identification:_identify(rc controller/documents/actuator) by extension 'cmake'
[0.271s] Level 1:colcon.colcon_core.package_identification:_identify(rc controller/documents/actuator) by extension 'python'
[0.271s] Level 1:colcon.colcon_core.package_identification:_identify(rc controller/documents/actuator) by extensions ['python_setup_py']
[0.271s] Level 1:colcon.colcon_core.package_identification:_identify(rc controller/documents/actuator) by extension 'python_setup_py'
[0.271s] Level 1:colcon.colcon_core.package_identification:_identify(rc controller/documents/actuator/images) by extensions ['ignore', 'ignore_ament_install']
[0.271s] Level 1:colcon.colcon_core.package_identification:_identify(rc controller/documents/actuator/images) by extension 'ignore'
[0.271s] Level 1:colcon.colcon_core.package_identification:_identify(rc controller/documents/actuator/images) by extension 'ignore_ament_install'
[0.271s] Level 1:colcon.colcon_core.package_identification:_identify(rc controller/documents/actuator/images) by extensions ['colcon_pkg']
[0.271s] Level 1:colcon.colcon_core.package_identification:_identify(rc controller/documents/actuator/images) by extension 'colcon_pkg'
[0.271s] Level 1:colcon.colcon_core.package_identification:_identify(rc controller/documents/actuator/images) by extensions ['colcon_meta']
[0.271s] Level 1:colcon.colcon_core.package_identification:_identify(rc controller/documents/actuator/images) by extension 'colcon_meta'
[0.271s] Level 1:colcon.colcon_core.package_identification:_identify(rc controller/documents/actuator/images) by extensions ['ros']
[0.271s] Level 1:colcon.colcon_core.package_identification:_identify(rc controller/documents/actuator/images) by extension 'ros'
[0.271s] Level 1:colcon.colcon_core.package_identification:_identify(rc controller/documents/actuator/images) by extensions ['cmake', 'python']
[0.271s] Level 1:colcon.colcon_core.package_identification:_identify(rc controller/documents/actuator/images) by extension 'cmake'
[0.271s] Level 1:colcon.colcon_core.package_identification:_identify(rc controller/documents/actuator/images) by extension 'python'
[0.271s] Level 1:colcon.colcon_core.package_identification:_identify(rc controller/documents/actuator/images) by extensions ['python_setup_py']
[0.271s] Level 1:colcon.colcon_core.package_identification:_identify(rc controller/documents/actuator/images) by extension 'python_setup_py'
[0.271s] Level 1:colcon.colcon_core.package_identification:_identify(rc controller/documents/motor) by extensions ['ignore', 'ignore_ament_install']
[0.271s] Level 1:colcon.colcon_core.package_identification:_identify(rc controller/documents/motor) by extension 'ignore'
[0.272s] Level 1:colcon.colcon_core.package_identification:_identify(rc controller/documents/motor) by extension 'ignore_ament_install'
[0.272s] Level 1:colcon.colcon_core.package_identification:_identify(rc controller/documents/motor) by extensions ['colcon_pkg']
[0.272s] Level 1:colcon.colcon_core.package_identification:_identify(rc controller/documents/motor) by extension 'colcon_pkg'
[0.272s] Level 1:colcon.colcon_core.package_identification:_identify(rc controller/documents/motor) by extensions ['colcon_meta']
[0.272s] Level 1:colcon.colcon_core.package_identification:_identify(rc controller/documents/motor) by extension 'colcon_meta'
[0.272s] Level 1:colcon.colcon_core.package_identification:_identify(rc controller/documents/motor) by extensions ['ros']
[0.272s] Level 1:colcon.colcon_core.package_identification:_identify(rc controller/documents/motor) by extension 'ros'
[0.272s] Level 1:colcon.colcon_core.package_identification:_identify(rc controller/documents/motor) by extensions ['cmake', 'python']
[0.272s] Level 1:colcon.colcon_core.package_identification:_identify(rc controller/documents/motor) by extension 'cmake'
[0.272s] Level 1:colcon.colcon_core.package_identification:_identify(rc controller/documents/motor) by extension 'python'
[0.272s] Level 1:colcon.colcon_core.package_identification:_identify(rc controller/documents/motor) by extensions ['python_setup_py']
[0.272s] Level 1:colcon.colcon_core.package_identification:_identify(rc controller/documents/motor) by extension 'python_setup_py'
[0.272s] Level 1:colcon.colcon_core.package_identification:_identify(rc controller/documents/wiring) by extensions ['ignore', 'ignore_ament_install']
[0.272s] Level 1:colcon.colcon_core.package_identification:_identify(rc controller/documents/wiring) by extension 'ignore'
[0.272s] Level 1:colcon.colcon_core.package_identification:_identify(rc controller/documents/wiring) by extension 'ignore_ament_install'
[0.272s] Level 1:colcon.colcon_core.package_identification:_identify(rc controller/documents/wiring) by extensions ['colcon_pkg']
[0.272s] Level 1:colcon.colcon_core.package_identification:_identify(rc controller/documents/wiring) by extension 'colcon_pkg'
[0.272s] Level 1:colcon.colcon_core.package_identification:_identify(rc controller/documents/wiring) by extensions ['colcon_meta']
[0.272s] Level 1:colcon.colcon_core.package_identification:_identify(rc controller/documents/wiring) by extension 'colcon_meta'
[0.272s] Level 1:colcon.colcon_core.package_identification:_identify(rc controller/documents/wiring) by extensions ['ros']
[0.272s] Level 1:colcon.colcon_core.package_identification:_identify(rc controller/documents/wiring) by extension 'ros'
[0.272s] Level 1:colcon.colcon_core.package_identification:_identify(rc controller/documents/wiring) by extensions ['cmake', 'python']
[0.272s] Level 1:colcon.colcon_core.package_identification:_identify(rc controller/documents/wiring) by extension 'cmake'
[0.272s] Level 1:colcon.colcon_core.package_identification:_identify(rc controller/documents/wiring) by extension 'python'
[0.272s] Level 1:colcon.colcon_core.package_identification:_identify(rc controller/documents/wiring) by extensions ['python_setup_py']
[0.272s] Level 1:colcon.colcon_core.package_identification:_identify(rc controller/documents/wiring) by extension 'python_setup_py'
[0.273s] Level 1:colcon.colcon_core.package_identification:_identify(rc controller/system_control) by extensions ['ignore', 'ignore_ament_install']
[0.273s] Level 1:colcon.colcon_core.package_identification:_identify(rc controller/system_control) by extension 'ignore'
[0.273s] Level 1:colcon.colcon_core.package_identification:_identify(rc controller/system_control) by extension 'ignore_ament_install'
[0.273s] Level 1:colcon.colcon_core.package_identification:_identify(rc controller/system_control) by extensions ['colcon_pkg']
[0.273s] Level 1:colcon.colcon_core.package_identification:_identify(rc controller/system_control) by extension 'colcon_pkg'
[0.273s] Level 1:colcon.colcon_core.package_identification:_identify(rc controller/system_control) by extensions ['colcon_meta']
[0.273s] Level 1:colcon.colcon_core.package_identification:_identify(rc controller/system_control) by extension 'colcon_meta'
[0.273s] Level 1:colcon.colcon_core.package_identification:_identify(rc controller/system_control) by extensions ['ros']
[0.273s] Level 1:colcon.colcon_core.package_identification:_identify(rc controller/system_control) by extension 'ros'
[0.273s] Level 1:colcon.colcon_core.package_identification:_identify(rc controller/system_control) by extensions ['cmake', 'python']
[0.273s] Level 1:colcon.colcon_core.package_identification:_identify(rc controller/system_control) by extension 'cmake'
[0.273s] Level 1:colcon.colcon_core.package_identification:_identify(rc controller/system_control) by extension 'python'
[0.273s] Level 1:colcon.colcon_core.package_identification:_identify(rc controller/system_control) by extensions ['python_setup_py']
[0.273s] Level 1:colcon.colcon_core.package_identification:_identify(rc controller/system_control) by extension 'python_setup_py'
[0.273s] Level 1:colcon.colcon_core.package_identification:_identify(ros) by extensions ['ignore', 'ignore_ament_install']
[0.273s] Level 1:colcon.colcon_core.package_identification:_identify(ros) by extension 'ignore'
[0.273s] Level 1:colcon.colcon_core.package_identification:_identify(ros) by extension 'ignore_ament_install'
[0.273s] Level 1:colcon.colcon_core.package_identification:_identify(ros) by extensions ['colcon_pkg']
[0.273s] Level 1:colcon.colcon_core.package_identification:_identify(ros) by extension 'colcon_pkg'
[0.273s] Level 1:colcon.colcon_core.package_identification:_identify(ros) by extensions ['colcon_meta']
[0.273s] Level 1:colcon.colcon_core.package_identification:_identify(ros) by extension 'colcon_meta'
[0.273s] Level 1:colcon.colcon_core.package_identification:_identify(ros) by extensions ['ros']
[0.273s] Level 1:colcon.colcon_core.package_identification:_identify(ros) by extension 'ros'
[0.273s] Level 1:colcon.colcon_core.package_identification:_identify(ros) by extensions ['cmake', 'python']
[0.274s] Level 1:colcon.colcon_core.package_identification:_identify(ros) by extension 'cmake'
[0.274s] Level 1:colcon.colcon_core.package_identification:_identify(ros) by extension 'python'
[0.274s] Level 1:colcon.colcon_core.package_identification:_identify(ros) by extensions ['python_setup_py']
[0.274s] Level 1:colcon.colcon_core.package_identification:_identify(ros) by extension 'python_setup_py'
[0.274s] Level 1:colcon.colcon_core.package_identification:_identify(ros/guides-documents) by extensions ['ignore', 'ignore_ament_install']
[0.274s] Level 1:colcon.colcon_core.package_identification:_identify(ros/guides-documents) by extension 'ignore'
[0.274s] Level 1:colcon.colcon_core.package_identification:_identify(ros/guides-documents) by extension 'ignore_ament_install'
[0.274s] Level 1:colcon.colcon_core.package_identification:_identify(ros/guides-documents) by extensions ['colcon_pkg']
[0.274s] Level 1:colcon.colcon_core.package_identification:_identify(ros/guides-documents) by extension 'colcon_pkg'
[0.274s] Level 1:colcon.colcon_core.package_identification:_identify(ros/guides-documents) by extensions ['colcon_meta']
[0.274s] Level 1:colcon.colcon_core.package_identification:_identify(ros/guides-documents) by extension 'colcon_meta'
[0.274s] Level 1:colcon.colcon_core.package_identification:_identify(ros/guides-documents) by extensions ['ros']
[0.274s] Level 1:colcon.colcon_core.package_identification:_identify(ros/guides-documents) by extension 'ros'
[0.274s] Level 1:colcon.colcon_core.package_identification:_identify(ros/guides-documents) by extensions ['cmake', 'python']
[0.274s] Level 1:colcon.colcon_core.package_identification:_identify(ros/guides-documents) by extension 'cmake'
[0.274s] Level 1:colcon.colcon_core.package_identification:_identify(ros/guides-documents) by extension 'python'
[0.274s] Level 1:colcon.colcon_core.package_identification:_identify(ros/guides-documents) by extensions ['python_setup_py']
[0.274s] Level 1:colcon.colcon_core.package_identification:_identify(ros/guides-documents) by extension 'python_setup_py'
[0.274s] Level 1:colcon.colcon_core.package_identification:_identify(ros/guides-documents/ros setup) by extensions ['ignore', 'ignore_ament_install']
[0.274s] Level 1:colcon.colcon_core.package_identification:_identify(ros/guides-documents/ros setup) by extension 'ignore'
[0.274s] Level 1:colcon.colcon_core.package_identification:_identify(ros/guides-documents/ros setup) by extension 'ignore_ament_install'
[0.274s] Level 1:colcon.colcon_core.package_identification:_identify(ros/guides-documents/ros setup) by extensions ['colcon_pkg']
[0.274s] Level 1:colcon.colcon_core.package_identification:_identify(ros/guides-documents/ros setup) by extension 'colcon_pkg'
[0.274s] Level 1:colcon.colcon_core.package_identification:_identify(ros/guides-documents/ros setup) by extensions ['colcon_meta']
[0.275s] Level 1:colcon.colcon_core.package_identification:_identify(ros/guides-documents/ros setup) by extension 'colcon_meta'
[0.275s] Level 1:colcon.colcon_core.package_identification:_identify(ros/guides-documents/ros setup) by extensions ['ros']
[0.275s] Level 1:colcon.colcon_core.package_identification:_identify(ros/guides-documents/ros setup) by extension 'ros'
[0.275s] Level 1:colcon.colcon_core.package_identification:_identify(ros/guides-documents/ros setup) by extensions ['cmake', 'python']
[0.275s] Level 1:colcon.colcon_core.package_identification:_identify(ros/guides-documents/ros setup) by extension 'cmake'
[0.275s] Level 1:colcon.colcon_core.package_identification:_identify(ros/guides-documents/ros setup) by extension 'python'
[0.275s] Level 1:colcon.colcon_core.package_identification:_identify(ros/guides-documents/ros setup) by extensions ['python_setup_py']
[0.275s] Level 1:colcon.colcon_core.package_identification:_identify(ros/guides-documents/ros setup) by extension 'python_setup_py'
[0.275s] Level 1:colcon.colcon_core.package_identification:_identify(ros/guides-documents/ros setup/ros2_ws) by extensions ['ignore', 'ignore_ament_install']
[0.275s] Level 1:colcon.colcon_core.package_identification:_identify(ros/guides-documents/ros setup/ros2_ws) by extension 'ignore'
[0.275s] Level 1:colcon.colcon_core.package_identification:_identify(ros/guides-documents/ros setup/ros2_ws) by extension 'ignore_ament_install'
[0.275s] Level 1:colcon.colcon_core.package_identification:_identify(ros/guides-documents/ros setup/ros2_ws) by extensions ['colcon_pkg']
[0.275s] Level 1:colcon.colcon_core.package_identification:_identify(ros/guides-documents/ros setup/ros2_ws) by extension 'colcon_pkg'
[0.275s] Level 1:colcon.colcon_core.package_identification:_identify(ros/guides-documents/ros setup/ros2_ws) by extensions ['colcon_meta']
[0.275s] Level 1:colcon.colcon_core.package_identification:_identify(ros/guides-documents/ros setup/ros2_ws) by extension 'colcon_meta'
[0.275s] Level 1:colcon.colcon_core.package_identification:_identify(ros/guides-documents/ros setup/ros2_ws) by extensions ['ros']
[0.275s] Level 1:colcon.colcon_core.package_identification:_identify(ros/guides-documents/ros setup/ros2_ws) by extension 'ros'
[0.275s] Level 1:colcon.colcon_core.package_identification:_identify(ros/guides-documents/ros setup/ros2_ws) by extensions ['cmake', 'python']
[0.275s] Level 1:colcon.colcon_core.package_identification:_identify(ros/guides-documents/ros setup/ros2_ws) by extension 'cmake'
[0.275s] Level 1:colcon.colcon_core.package_identification:_identify(ros/guides-documents/ros setup/ros2_ws) by extension 'python'
[0.275s] Level 1:colcon.colcon_core.package_identification:_identify(ros/guides-documents/ros setup/ros2_ws) by extensions ['python_setup_py']
[0.275s] Level 1:colcon.colcon_core.package_identification:_identify(ros/guides-documents/ros setup/ros2_ws) by extension 'python_setup_py'
[0.275s] Level 1:colcon.colcon_core.package_identification:_identify(ros/guides-documents/using_ros) by extensions ['ignore', 'ignore_ament_install']
[0.275s] Level 1:colcon.colcon_core.package_identification:_identify(ros/guides-documents/using_ros) by extension 'ignore'
[0.276s] Level 1:colcon.colcon_core.package_identification:_identify(ros/guides-documents/using_ros) by extension 'ignore_ament_install'
[0.276s] Level 1:colcon.colcon_core.package_identification:_identify(ros/guides-documents/using_ros) by extensions ['colcon_pkg']
[0.276s] Level 1:colcon.colcon_core.package_identification:_identify(ros/guides-documents/using_ros) by extension 'colcon_pkg'
[0.276s] Level 1:colcon.colcon_core.package_identification:_identify(ros/guides-documents/using_ros) by extensions ['colcon_meta']
[0.276s] Level 1:colcon.colcon_core.package_identification:_identify(ros/guides-documents/using_ros) by extension 'colcon_meta'
[0.276s] Level 1:colcon.colcon_core.package_identification:_identify(ros/guides-documents/using_ros) by extensions ['ros']
[0.276s] Level 1:colcon.colcon_core.package_identification:_identify(ros/guides-documents/using_ros) by extension 'ros'
[0.276s] Level 1:colcon.colcon_core.package_identification:_identify(ros/guides-documents/using_ros) by extensions ['cmake', 'python']
[0.276s] Level 1:colcon.colcon_core.package_identification:_identify(ros/guides-documents/using_ros) by extension 'cmake'
[0.276s] Level 1:colcon.colcon_core.package_identification:_identify(ros/guides-documents/using_ros) by extension 'python'
[0.276s] Level 1:colcon.colcon_core.package_identification:_identify(ros/guides-documents/using_ros) by extensions ['python_setup_py']
[0.276s] Level 1:colcon.colcon_core.package_identification:_identify(ros/guides-documents/using_ros) by extension 'python_setup_py'
[0.276s] Level 1:colcon.colcon_core.package_identification:_identify(ros/ros2_ws) by extensions ['ignore', 'ignore_ament_install']
[0.276s] Level 1:colcon.colcon_core.package_identification:_identify(ros/ros2_ws) by extension 'ignore'
[0.276s] Level 1:colcon.colcon_core.package_identification:_identify(ros/ros2_ws) by extension 'ignore_ament_install'
[0.276s] Level 1:colcon.colcon_core.package_identification:_identify(ros/ros2_ws) by extensions ['colcon_pkg']
[0.276s] Level 1:colcon.colcon_core.package_identification:_identify(ros/ros2_ws) by extension 'colcon_pkg'
[0.276s] Level 1:colcon.colcon_core.package_identification:_identify(ros/ros2_ws) by extensions ['colcon_meta']
[0.276s] Level 1:colcon.colcon_core.package_identification:_identify(ros/ros2_ws) by extension 'colcon_meta'
[0.276s] Level 1:colcon.colcon_core.package_identification:_identify(ros/ros2_ws) by extensions ['ros']
[0.276s] Level 1:colcon.colcon_core.package_identification:_identify(ros/ros2_ws) by extension 'ros'
[0.276s] Level 1:colcon.colcon_core.package_identification:_identify(ros/ros2_ws) by extensions ['cmake', 'python']
[0.276s] Level 1:colcon.colcon_core.package_identification:_identify(ros/ros2_ws) by extension 'cmake'
[0.276s] Level 1:colcon.colcon_core.package_identification:_identify(ros/ros2_ws) by extension 'python'
[0.276s] Level 1:colcon.colcon_core.package_identification:_identify(ros/ros2_ws) by extensions ['python_setup_py']
[0.276s] Level 1:colcon.colcon_core.package_identification:_identify(ros/ros2_ws) by extension 'python_setup_py'
[0.277s] Level 1:colcon.colcon_core.package_identification:_identify(ros/ros2_ws/src) by extensions ['ignore', 'ignore_ament_install']
[0.277s] Level 1:colcon.colcon_core.package_identification:_identify(ros/ros2_ws/src) by extension 'ignore'
[0.277s] Level 1:colcon.colcon_core.package_identification:_identify(ros/ros2_ws/src) by extension 'ignore_ament_install'
[0.277s] Level 1:colcon.colcon_core.package_identification:_identify(ros/ros2_ws/src) by extensions ['colcon_pkg']
[0.277s] Level 1:colcon.colcon_core.package_identification:_identify(ros/ros2_ws/src) by extension 'colcon_pkg'
[0.277s] Level 1:colcon.colcon_core.package_identification:_identify(ros/ros2_ws/src) by extensions ['colcon_meta']
[0.277s] Level 1:colcon.colcon_core.package_identification:_identify(ros/ros2_ws/src) by extension 'colcon_meta'
[0.277s] Level 1:colcon.colcon_core.package_identification:_identify(ros/ros2_ws/src) by extensions ['ros']
[0.277s] Level 1:colcon.colcon_core.package_identification:_identify(ros/ros2_ws/src) by extension 'ros'
[0.277s] Level 1:colcon.colcon_core.package_identification:_identify(ros/ros2_ws/src) by extensions ['cmake', 'python']
[0.277s] Level 1:colcon.colcon_core.package_identification:_identify(ros/ros2_ws/src) by extension 'cmake'
[0.277s] Level 1:colcon.colcon_core.package_identification:_identify(ros/ros2_ws/src) by extension 'python'
[0.277s] Level 1:colcon.colcon_core.package_identification:_identify(ros/ros2_ws/src) by extensions ['python_setup_py']
[0.277s] Level 1:colcon.colcon_core.package_identification:_identify(ros/ros2_ws/src) by extension 'python_setup_py'
[0.277s] Level 1:colcon.colcon_core.package_identification:_identify(ros/ros2_ws/src/setup_package) by extensions ['ignore', 'ignore_ament_install']
[0.277s] Level 1:colcon.colcon_core.package_identification:_identify(ros/ros2_ws/src/setup_package) by extension 'ignore'
[0.277s] Level 1:colcon.colcon_core.package_identification:_identify(ros/ros2_ws/src/setup_package) by extension 'ignore_ament_install'
[0.277s] Level 1:colcon.colcon_core.package_identification:_identify(ros/ros2_ws/src/setup_package) by extensions ['colcon_pkg']
[0.277s] Level 1:colcon.colcon_core.package_identification:_identify(ros/ros2_ws/src/setup_package) by extension 'colcon_pkg'
[0.277s] Level 1:colcon.colcon_core.package_identification:_identify(ros/ros2_ws/src/setup_package) by extensions ['colcon_meta']
[0.277s] Level 1:colcon.colcon_core.package_identification:_identify(ros/ros2_ws/src/setup_package) by extension 'colcon_meta'
[0.277s] Level 1:colcon.colcon_core.package_identification:_identify(ros/ros2_ws/src/setup_package) by extensions ['ros']
[0.277s] Level 1:colcon.colcon_core.package_identification:_identify(ros/ros2_ws/src/setup_package) by extension 'ros'
[0.280s] DEBUG:colcon.colcon_core.package_identification:Package 'ros/ros2_ws/src/setup_package' with type 'ros.ament_python' and name 'setup_package'
[0.280s] Level 1:colcon.colcon_core.package_identification:_identify(serial_connection) by extensions ['ignore', 'ignore_ament_install']
[0.280s] Level 1:colcon.colcon_core.package_identification:_identify(serial_connection) by extension 'ignore'
[0.281s] Level 1:colcon.colcon_core.package_identification:_identify(serial_connection) by extension 'ignore_ament_install'
[0.281s] Level 1:colcon.colcon_core.package_identification:_identify(serial_connection) by extensions ['colcon_pkg']
[0.281s] Level 1:colcon.colcon_core.package_identification:_identify(serial_connection) by extension 'colcon_pkg'
[0.281s] Level 1:colcon.colcon_core.package_identification:_identify(serial_connection) by extensions ['colcon_meta']
[0.281s] Level 1:colcon.colcon_core.package_identification:_identify(serial_connection) by extension 'colcon_meta'
[0.281s] Level 1:colcon.colcon_core.package_identification:_identify(serial_connection) by extensions ['ros']
[0.281s] Level 1:colcon.colcon_core.package_identification:_identify(serial_connection) by extension 'ros'
[0.281s] Level 1:colcon.colcon_core.package_identification:_identify(serial_connection) by extensions ['cmake', 'python']
[0.281s] Level 1:colcon.colcon_core.package_identification:_identify(serial_connection) by extension 'cmake'
[0.281s] Level 1:colcon.colcon_core.package_identification:_identify(serial_connection) by extension 'python'
[0.281s] Level 1:colcon.colcon_core.package_identification:_identify(serial_connection) by extensions ['python_setup_py']
[0.281s] Level 1:colcon.colcon_core.package_identification:_identify(serial_connection) by extension 'python_setup_py'
[0.281s] Level 1:colcon.colcon_core.package_identification:_identify(serial_connection/recieve_message) by extensions ['ignore', 'ignore_ament_install']
[0.281s] Level 1:colcon.colcon_core.package_identification:_identify(serial_connection/recieve_message) by extension 'ignore'
[0.281s] Level 1:colcon.colcon_core.package_identification:_identify(serial_connection/recieve_message) by extension 'ignore_ament_install'
[0.281s] Level 1:colcon.colcon_core.package_identification:_identify(serial_connection/recieve_message) by extensions ['colcon_pkg']
[0.281s] Level 1:colcon.colcon_core.package_identification:_identify(serial_connection/recieve_message) by extension 'colcon_pkg'
[0.281s] Level 1:colcon.colcon_core.package_identification:_identify(serial_connection/recieve_message) by extensions ['colcon_meta']
[0.281s] Level 1:colcon.colcon_core.package_identification:_identify(serial_connection/recieve_message) by extension 'colcon_meta'
[0.281s] Level 1:colcon.colcon_core.package_identification:_identify(serial_connection/recieve_message) by extensions ['ros']
[0.281s] Level 1:colcon.colcon_core.package_identification:_identify(serial_connection/recieve_message) by extension 'ros'
[0.281s] Level 1:colcon.colcon_core.package_identification:_identify(serial_connection/recieve_message) by extensions ['cmake', 'python']
[0.281s] Level 1:colcon.colcon_core.package_identification:_identify(serial_connection/recieve_message) by extension 'cmake'
[0.282s] Level 1:colcon.colcon_core.package_identification:_identify(serial_connection/recieve_message) by extension 'python'
[0.282s] Level 1:colcon.colcon_core.package_identification:_identify(serial_connection/recieve_message) by extensions ['python_setup_py']
[0.282s] Level 1:colcon.colcon_core.package_identification:_identify(serial_connection/recieve_message) by extension 'python_setup_py'
[0.282s] Level 1:colcon.colcon_core.package_discovery:discover_packages(recursive) using defaults
[0.282s] Level 1:colcon.colcon_core.package_discovery:discover_packages(ignore) discover
[0.282s] Level 1:colcon.colcon_core.package_discovery:discover_packages(ignore) using defaults
[0.282s] Level 1:colcon.colcon_core.package_discovery:discover_packages(path) discover
[0.282s] Level 1:colcon.colcon_core.package_discovery:discover_packages(path) using defaults
[0.305s] Level 5:colcon.colcon_core.verb:set package 'setup_package' build argument 'cmake_args' from command line to 'None'
[0.306s] Level 5:colcon.colcon_core.verb:set package 'setup_package' build argument 'cmake_target' from command line to 'None'
[0.306s] Level 5:colcon.colcon_core.verb:set package 'setup_package' build argument 'cmake_target_skip_unavailable' from command line to 'False'
[0.306s] Level 5:colcon.colcon_core.verb:set package 'setup_package' build argument 'cmake_clean_cache' from command line to 'False'
[0.306s] Level 5:colcon.colcon_core.verb:set package 'setup_package' build argument 'cmake_clean_first' from command line to 'False'
[0.306s] Level 5:colcon.colcon_core.verb:set package 'setup_package' build argument 'cmake_force_configure' from command line to 'False'
[0.306s] Level 5:colcon.colcon_core.verb:set package 'setup_package' build argument 'ament_cmake_args' from command line to 'None'
[0.306s] Level 5:colcon.colcon_core.verb:set package 'setup_package' build argument 'catkin_cmake_args' from command line to 'None'
[0.306s] Level 5:colcon.colcon_core.verb:set package 'setup_package' build argument 'catkin_skip_building_tests' from command line to 'False'
[0.306s] DEBUG:colcon.colcon_core.verb:Building package 'setup_package' with the following arguments: {'ament_cmake_args': None, 'build_base': '/ros2_ws/build/setup_package', 'catkin_cmake_args': None, 'catkin_skip_building_tests': False, 'cmake_args': None, 'cmake_clean_cache': False, 'cmake_clean_first': False, 'cmake_force_configure': False, 'cmake_target': None, 'cmake_target_skip_unavailable': False, 'install_base': '/ros2_ws/install/setup_package', 'merge_install': False, 'path': '/ros2_ws/ros/ros2_ws/src/setup_package', 'symlink_install': True, 'test_result_base': None}
[0.306s] INFO:colcon.colcon_core.executor:Executing jobs using 'parallel' executor
[0.307s] DEBUG:colcon.colcon_parallel_executor.executor.parallel:run_until_complete
[0.308s] INFO:colcon.colcon_ros.task.ament_python.build:Building ROS package in '/ros2_ws/ros/ros2_ws/src/setup_package' with build type 'ament_python'
[0.308s] Level 1:colcon.colcon_core.shell:create_environment_hook('setup_package', 'ament_prefix_path')
[0.310s] INFO:colcon.colcon_core.plugin_system:Skipping extension 'colcon_core.shell.bat': Not used on non-Windows systems
[0.311s] INFO:colcon.colcon_core.shell:Creating environment hook '/ros2_ws/install/setup_package/share/setup_package/hook/ament_prefix_path.ps1'
[0.312s] INFO:colcon.colcon_core.shell:Creating environment descriptor '/ros2_ws/install/setup_package/share/setup_package/hook/ament_prefix_path.dsv'
[0.312s] INFO:colcon.colcon_core.shell:Creating environment hook '/ros2_ws/install/setup_package/share/setup_package/hook/ament_prefix_path.sh'
[0.314s] INFO:colcon.colcon_core.shell:Skip shell extension 'powershell' for command environment: Not usable outside of PowerShell
[0.314s] DEBUG:colcon.colcon_core.shell:Skip shell extension 'dsv' for command environment
[0.548s] INFO:colcon.colcon_core.task.python.build:Building Python package in '/ros2_ws/ros/ros2_ws/src/setup_package'
[0.548s] INFO:colcon.colcon_core.shell:Skip shell extension 'powershell' for command environment: Not usable outside of PowerShell
[0.548s] DEBUG:colcon.colcon_core.shell:Skip shell extension 'dsv' for command environment
[0.875s] DEBUG:colcon.colcon_core.event_handler.log_command:Invoking command in '/ros2_ws/build/setup_package': PYTHONPATH=/ros2_ws/build/setup_package/prefix_override:/usr/lib/python3/dist-packages/colcon_core/task/python/colcon_distutils_commands:/ros2_ws/install/setup_package/lib/python3.10/site-packages:${PYTHONPATH} /usr/bin/python3 -W ignore:setup.py install is deprecated -W ignore:easy_install command is deprecated setup.py develop --editable --build-directory /ros2_ws/build/setup_package/build --no-deps symlink_data
[1.248s] Level 1:colcon.colcon_core.shell:create_environment_hook('setup_package', 'pythonpath_develop')
[1.249s] INFO:colcon.colcon_core.shell:Creating environment hook '/ros2_ws/build/setup_package/share/setup_package/hook/pythonpath_develop.ps1'
[1.249s] DEBUG:colcon.colcon_core.event_handler.log_command:Invoked command in '/ros2_ws/build/setup_package' returned '0': PYTHONPATH=/ros2_ws/build/setup_package/prefix_override:/usr/lib/python3/dist-packages/colcon_core/task/python/colcon_distutils_commands:/ros2_ws/install/setup_package/lib/python3.10/site-packages:${PYTHONPATH} /usr/bin/python3 -W ignore:setup.py install is deprecated -W ignore:easy_install command is deprecated setup.py develop --editable --build-directory /ros2_ws/build/setup_package/build --no-deps symlink_data
[1.249s] INFO:colcon.colcon_core.shell:Creating environment descriptor '/ros2_ws/build/setup_package/share/setup_package/hook/pythonpath_develop.dsv'
[1.250s] INFO:colcon.colcon_core.shell:Creating environment hook '/ros2_ws/build/setup_package/share/setup_package/hook/pythonpath_develop.sh'
[1.253s] Level 1:colcon.colcon_core.environment:checking '/ros2_ws/install/setup_package' for CMake module files
[1.254s] Level 1:colcon.colcon_core.environment:checking '/ros2_ws/install/setup_package' for CMake config files
[1.254s] Level 1:colcon.colcon_core.environment:checking '/ros2_ws/install/setup_package/lib'
[1.254s] Level 1:colcon.colcon_core.environment:checking '/ros2_ws/install/setup_package/bin'
[1.255s] Level 1:colcon.colcon_core.environment:checking '/ros2_ws/install/setup_package/lib/pkgconfig/setup_package.pc'
[1.255s] Level 1:colcon.colcon_core.environment:checking '/ros2_ws/install/setup_package/lib/python3.10/site-packages'
[1.255s] Level 1:colcon.colcon_core.shell:create_environment_hook('setup_package', 'pythonpath')
[1.255s] INFO:colcon.colcon_core.shell:Creating environment hook '/ros2_ws/install/setup_package/share/setup_package/hook/pythonpath.ps1'
[1.256s] INFO:colcon.colcon_core.shell:Creating environment descriptor '/ros2_ws/install/setup_package/share/setup_package/hook/pythonpath.dsv'
[1.257s] INFO:colcon.colcon_core.shell:Creating environment hook '/ros2_ws/install/setup_package/share/setup_package/hook/pythonpath.sh'
[1.258s] Level 1:colcon.colcon_core.environment:checking '/ros2_ws/install/setup_package/bin'
[1.258s] Level 1:colcon.colcon_core.environment:create_environment_scripts_only(setup_package)
[1.258s] INFO:colcon.colcon_core.shell:Creating package script '/ros2_ws/install/setup_package/share/setup_package/package.ps1'
[1.259s] INFO:colcon.colcon_core.shell:Creating package descriptor '/ros2_ws/install/setup_package/share/setup_package/package.dsv'
[1.260s] INFO:colcon.colcon_core.shell:Creating package script '/ros2_ws/install/setup_package/share/setup_package/package.sh'
[1.261s] INFO:colcon.colcon_core.shell:Creating package script '/ros2_ws/install/setup_package/share/setup_package/package.bash'
[1.261s] INFO:colcon.colcon_core.shell:Creating package script '/ros2_ws/install/setup_package/share/setup_package/package.zsh'
[1.262s] Level 1:colcon.colcon_core.environment:create_file_with_runtime_dependencies(/ros2_ws/install/setup_package/share/colcon-core/packages/setup_package)
[1.263s] DEBUG:colcon.colcon_parallel_executor.executor.parallel:closing loop
[1.264s] DEBUG:colcon.colcon_parallel_executor.executor.parallel:loop closed
[1.264s] DEBUG:colcon.colcon_parallel_executor.executor.parallel:run_until_complete finished with '0'
[1.264s] DEBUG:colcon.colcon_core.event_reactor:joining thread
[1.269s] INFO:colcon.colcon_core.plugin_system:Skipping extension 'colcon_notification.desktop_notification.notify_send': Could not find 'notify-send'
[1.269s] INFO:colcon.colcon_core.plugin_system:Skipping extension 'colcon_notification.desktop_notification.terminal_notifier': Not used on non-Darwin systems
[1.269s] INFO:colcon.colcon_core.plugin_system:Skipping extension 'colcon_notification.desktop_notification.win32': Not used on non-Windows systems
[1.269s] INFO:colcon.colcon_notification.desktop_notification:Sending desktop notification using 'notify2'
[1.269s] DEBUG:colcon.colcon_notification.desktop_notification.notify2:Failed to initialize notify2: org.freedesktop.DBus.Error.NotSupported: Unable to autolaunch a dbus-daemon without a $DISPLAY for X11
[1.270s] DEBUG:colcon.colcon_core.event_reactor:joined thread
[1.270s] INFO:colcon.colcon_core.shell:Creating prefix script '/ros2_ws/install/local_setup.ps1'
[1.271s] INFO:colcon.colcon_core.shell:Creating prefix util module '/ros2_ws/install/_local_setup_util_ps1.py'
[1.273s] INFO:colcon.colcon_core.shell:Creating prefix chain script '/ros2_ws/install/setup.ps1'
[1.274s] INFO:colcon.colcon_core.shell:Creating prefix script '/ros2_ws/install/local_setup.sh'
[1.274s] INFO:colcon.colcon_core.shell:Creating prefix util module '/ros2_ws/install/_local_setup_util_sh.py'
[1.275s] INFO:colcon.colcon_core.shell:Creating prefix chain script '/ros2_ws/install/setup.sh'
[1.277s] INFO:colcon.colcon_core.shell:Creating prefix script '/ros2_ws/install/local_setup.bash'
[1.278s] INFO:colcon.colcon_core.shell:Creating prefix chain script '/ros2_ws/install/setup.bash'
[1.279s] INFO:colcon.colcon_core.shell:Creating prefix script '/ros2_ws/install/local_setup.zsh'
[1.280s] INFO:colcon.colcon_core.shell:Creating prefix chain script '/ros2_ws/install/setup.zsh'
