running develop
running egg_info
creating package_name.egg-info
writing package_name.egg-info/PKG-INFO
writing dependency_links to package_name.egg-info/dependency_links.txt
writing entry points to package_name.egg-info/entry_points.txt
writing requirements to package_name.egg-info/requires.txt
writing top-level names to package_name.egg-info/top_level.txt
writing manifest file 'package_name.egg-info/SOURCES.txt'
reading manifest file 'package_name.egg-info/SOURCES.txt'
writing manifest file 'package_name.egg-info/SOURCES.txt'
running build_ext
Creating /ros2_ws/install/package_name/lib/python3.10/site-packages/package-name.egg-link (link to .)

Installed /ros2_ws/build/package_name
running symlink_data
creating /ros2_ws/install/package_name/share/ament_index
creating /ros2_ws/install/package_name/share/ament_index/resource_index
creating /ros2_ws/install/package_name/share/ament_index/resource_index/packages
symbolically linking /ros2_ws/build/package_name/resource/package_name -> /ros2_ws/install/package_name/share/ament_index/resource_index/packages
symbolically linking /ros2_ws/build/package_name/package.xml -> /ros2_ws/install/package_name/share/package_name
