[1.189s] Invoking command in '/ros2_ws/build/package_name': PYTHONPATH=/ros2_ws/build/package_name/prefix_override:/usr/lib/python3/dist-packages/colcon_core/task/python/colcon_distutils_commands:/ros2_ws/install/package_name/lib/python3.10/site-packages:${PYTHONPATH} /usr/bin/python3 -W ignore:setup.py install is deprecated -W ignore:easy_install command is deprecated setup.py develop --editable --build-directory /ros2_ws/build/package_name/build --no-deps symlink_data
[1.444s] running develop
[1.533s] running egg_info
[1.533s] creating package_name.egg-info
[1.533s] writing package_name.egg-info/PKG-INFO
[1.533s] writing dependency_links to package_name.egg-info/dependency_links.txt
[1.533s] writing entry points to package_name.egg-info/entry_points.txt
[1.533s] writing requirements to package_name.egg-info/requires.txt
[1.534s] writing top-level names to package_name.egg-info/top_level.txt
[1.534s] writing manifest file 'package_name.egg-info/SOURCES.txt'
[1.536s] reading manifest file 'package_name.egg-info/SOURCES.txt'
[1.536s] writing manifest file 'package_name.egg-info/SOURCES.txt'
[1.538s] running build_ext
[1.539s] Creating /ros2_ws/install/package_name/lib/python3.10/site-packages/package-name.egg-link (link to .)
[1.539s] 
[1.540s] Installed /ros2_ws/build/package_name
[1.540s] running symlink_data
[1.540s] creating /ros2_ws/install/package_name/share/ament_index
[1.540s] creating /ros2_ws/install/package_name/share/ament_index/resource_index
[1.540s] creating /ros2_ws/install/package_name/share/ament_index/resource_index/packages
[1.540s] symbolically linking /ros2_ws/build/package_name/resource/package_name -> /ros2_ws/install/package_name/share/ament_index/resource_index/packages
[1.540s] symbolically linking /ros2_ws/build/package_name/package.xml -> /ros2_ws/install/package_name/share/package_name
[1.633s] Invoked command in '/ros2_ws/build/package_name' returned '0': PYTHONPATH=/ros2_ws/build/package_name/prefix_override:/usr/lib/python3/dist-packages/colcon_core/task/python/colcon_distutils_commands:/ros2_ws/install/package_name/lib/python3.10/site-packages:${PYTHONPATH} /usr/bin/python3 -W ignore:setup.py install is deprecated -W ignore:easy_install command is deprecated setup.py develop --editable --build-directory /ros2_ws/build/package_name/build --no-deps symlink_data
