running develop
running egg_info
creating simple_chat.egg-info
writing simple_chat.egg-info/PKG-INFO
writing dependency_links to simple_chat.egg-info/dependency_links.txt
writing entry points to simple_chat.egg-info/entry_points.txt
writing requirements to simple_chat.egg-info/requires.txt
writing top-level names to simple_chat.egg-info/top_level.txt
writing manifest file 'simple_chat.egg-info/SOURCES.txt'
reading manifest file 'simple_chat.egg-info/SOURCES.txt'
writing manifest file 'simple_chat.egg-info/SOURCES.txt'
running build_ext
Creating /ros2_ws/ros/ros2_ws/install/simple_chat/lib/python3.10/site-packages/simple-chat.egg-link (link to .)
Installing chat_node script to /ros2_ws/ros/ros2_ws/install/simple_chat/lib/simple_chat

Installed /ros2_ws/ros/ros2_ws/build/simple_chat
running symlink_data
creating /ros2_ws/ros/ros2_ws/install/simple_chat/share/ament_index
creating /ros2_ws/ros/ros2_ws/install/simple_chat/share/ament_index/resource_index
creating /ros2_ws/ros/ros2_ws/install/simple_chat/share/ament_index/resource_index/packages
symbolically linking /ros2_ws/ros/ros2_ws/build/simple_chat/resource/simple_chat -> /ros2_ws/ros/ros2_ws/install/simple_chat/share/ament_index/resource_index/packages
symbolically linking /ros2_ws/ros/ros2_ws/build/simple_chat/package.xml -> /ros2_ws/ros/ros2_ws/install/simple_chat/share/simple_chat
