[0.580s] Invoking command in '/ros2_ws/ros/ros2_ws/build/simple_chat': PYTHONPATH=/ros2_ws/ros/ros2_ws/build/simple_chat/prefix_override:/usr/lib/python3/dist-packages/colcon_core/task/python/colcon_distutils_commands:/ros2_ws/ros/ros2_ws/install/simple_chat/lib/python3.10/site-packages:${PYTHONPATH} /usr/bin/python3 -W ignore:setup.py install is deprecated -W ignore:easy_install command is deprecated setup.py develop --editable --build-directory /ros2_ws/ros/ros2_ws/build/simple_chat/build --no-deps symlink_data
[0.804s] running develop
[0.890s] running egg_info
[0.890s] creating simple_chat.egg-info
[0.890s] writing simple_chat.egg-info/PKG-INFO
[0.890s] writing dependency_links to simple_chat.egg-info/dependency_links.txt
[0.890s] writing entry points to simple_chat.egg-info/entry_points.txt
[0.890s] writing requirements to simple_chat.egg-info/requires.txt
[0.890s] writing top-level names to simple_chat.egg-info/top_level.txt
[0.890s] writing manifest file 'simple_chat.egg-info/SOURCES.txt'
[0.890s] reading manifest file 'simple_chat.egg-info/SOURCES.txt'
[0.890s] writing manifest file 'simple_chat.egg-info/SOURCES.txt'
[0.891s] running build_ext
[0.891s] Creating /ros2_ws/ros/ros2_ws/install/simple_chat/lib/python3.10/site-packages/simple-chat.egg-link (link to .)
[0.892s] Installing chat_node script to /ros2_ws/ros/ros2_ws/install/simple_chat/lib/simple_chat
[0.892s] 
[0.892s] Installed /ros2_ws/ros/ros2_ws/build/simple_chat
[0.892s] running symlink_data
[0.892s] creating /ros2_ws/ros/ros2_ws/install/simple_chat/share/ament_index
[0.892s] creating /ros2_ws/ros/ros2_ws/install/simple_chat/share/ament_index/resource_index
[0.892s] creating /ros2_ws/ros/ros2_ws/install/simple_chat/share/ament_index/resource_index/packages
[0.892s] symbolically linking /ros2_ws/ros/ros2_ws/build/simple_chat/resource/simple_chat -> /ros2_ws/ros/ros2_ws/install/simple_chat/share/ament_index/resource_index/packages
[0.892s] symbolically linking /ros2_ws/ros/ros2_ws/build/simple_chat/package.xml -> /ros2_ws/ros/ros2_ws/install/simple_chat/share/simple_chat
[0.946s] Invoked command in '/ros2_ws/ros/ros2_ws/build/simple_chat' returned '0': PYTHONPATH=/ros2_ws/ros/ros2_ws/build/simple_chat/prefix_override:/usr/lib/python3/dist-packages/colcon_core/task/python/colcon_distutils_commands:/ros2_ws/ros/ros2_ws/install/simple_chat/lib/python3.10/site-packages:${PYTHONPATH} /usr/bin/python3 -W ignore:setup.py install is deprecated -W ignore:easy_install command is deprecated setup.py develop --editable --build-directory /ros2_ws/ros/ros2_ws/build/simple_chat/build --no-deps symlink_data
