running egg_info
creating ../../build/usb_camera/usb_camera.egg-info
writing ../../build/usb_camera/usb_camera.egg-info/PKG-INFO
writing dependency_links to ../../build/usb_camera/usb_camera.egg-info/dependency_links.txt
writing entry points to ../../build/usb_camera/usb_camera.egg-info/entry_points.txt
writing requirements to ../../build/usb_camera/usb_camera.egg-info/requires.txt
writing top-level names to ../../build/usb_camera/usb_camera.egg-info/top_level.txt
writing manifest file '../../build/usb_camera/usb_camera.egg-info/SOURCES.txt'
reading manifest file '../../build/usb_camera/usb_camera.egg-info/SOURCES.txt'
writing manifest file '../../build/usb_camera/usb_camera.egg-info/SOURCES.txt'
running build
running build_py
creating /home/luna/ros2_ws/build/usb_camera/build
creating /home/luna/ros2_ws/build/usb_camera/build/lib
creating /home/luna/ros2_ws/build/usb_camera/build/lib/usb_camera
copying usb_camera/usb_camera_node.py -> /home/luna/ros2_ws/build/usb_camera/build/lib/usb_camera
copying usb_camera/__init__.py -> /home/luna/ros2_ws/build/usb_camera/build/lib/usb_camera
running install
running install_lib
creating /home/luna/ros2_ws/install/usb_camera/lib/python3.10/site-packages/usb_camera
copying /home/luna/ros2_ws/build/usb_camera/build/lib/usb_camera/usb_camera_node.py -> /home/luna/ros2_ws/install/usb_camera/lib/python3.10/site-packages/usb_camera
copying /home/luna/ros2_ws/build/usb_camera/build/lib/usb_camera/__init__.py -> /home/luna/ros2_ws/install/usb_camera/lib/python3.10/site-packages/usb_camera
byte-compiling /home/luna/ros2_ws/install/usb_camera/lib/python3.10/site-packages/usb_camera/usb_camera_node.py to usb_camera_node.cpython-310.pyc
byte-compiling /home/luna/ros2_ws/install/usb_camera/lib/python3.10/site-packages/usb_camera/__init__.py to __init__.cpython-310.pyc
running install_egg_info
Copying ../../build/usb_camera/usb_camera.egg-info to /home/luna/ros2_ws/install/usb_camera/lib/python3.10/site-packages/usb_camera-0.0.1-py3.10.egg-info
running install_scripts
Installing usb_camera_node script to /home/luna/ros2_ws/install/usb_camera/bin
writing list of installed files to '/home/luna/ros2_ws/build/usb_camera/install.log'
