[0.932s] Invoking command in '/home/luna/ros2_ws/src/usb_camera': PYTHONPATH=/home/luna/ros2_ws/build/usb_camera/prefix_override:/usr/lib/python3/dist-packages/colcon_core/task/python/colcon_distutils_commands:/home/luna/ros2_ws/install/usb_camera/lib/python3.10/site-packages:${PYTHONPATH} /usr/bin/python3 -W ignore:setup.py install is deprecated -W ignore:easy_install command is deprecated setup.py egg_info --egg-base ../../build/usb_camera build --build-base /home/luna/ros2_ws/build/usb_camera/build install --record /home/luna/ros2_ws/build/usb_camera/install.log --single-version-externally-managed
[1.265s] running egg_info
[1.267s] creating ../../build/usb_camera/usb_camera.egg-info
[1.267s] writing ../../build/usb_camera/usb_camera.egg-info/PKG-INFO
[1.267s] writing dependency_links to ../../build/usb_camera/usb_camera.egg-info/dependency_links.txt
[1.267s] writing entry points to ../../build/usb_camera/usb_camera.egg-info/entry_points.txt
[1.268s] writing requirements to ../../build/usb_camera/usb_camera.egg-info/requires.txt
[1.268s] writing top-level names to ../../build/usb_camera/usb_camera.egg-info/top_level.txt
[1.268s] writing manifest file '../../build/usb_camera/usb_camera.egg-info/SOURCES.txt'
[1.271s] reading manifest file '../../build/usb_camera/usb_camera.egg-info/SOURCES.txt'
[1.272s] writing manifest file '../../build/usb_camera/usb_camera.egg-info/SOURCES.txt'
[1.272s] running build
[1.272s] running build_py
[1.273s] creating /home/luna/ros2_ws/build/usb_camera/build
[1.273s] creating /home/luna/ros2_ws/build/usb_camera/build/lib
[1.273s] creating /home/luna/ros2_ws/build/usb_camera/build/lib/usb_camera
[1.273s] copying usb_camera/usb_camera_node.py -> /home/luna/ros2_ws/build/usb_camera/build/lib/usb_camera
[1.273s] copying usb_camera/__init__.py -> /home/luna/ros2_ws/build/usb_camera/build/lib/usb_camera
[1.273s] running install
[1.273s] running install_lib
[1.275s] creating /home/luna/ros2_ws/install/usb_camera/lib/python3.10/site-packages/usb_camera
[1.275s] copying /home/luna/ros2_ws/build/usb_camera/build/lib/usb_camera/usb_camera_node.py -> /home/luna/ros2_ws/install/usb_camera/lib/python3.10/site-packages/usb_camera
[1.275s] copying /home/luna/ros2_ws/build/usb_camera/build/lib/usb_camera/__init__.py -> /home/luna/ros2_ws/install/usb_camera/lib/python3.10/site-packages/usb_camera
[1.276s] byte-compiling /home/luna/ros2_ws/install/usb_camera/lib/python3.10/site-packages/usb_camera/usb_camera_node.py to usb_camera_node.cpython-310.pyc
[1.277s] byte-compiling /home/luna/ros2_ws/install/usb_camera/lib/python3.10/site-packages/usb_camera/__init__.py to __init__.cpython-310.pyc
[1.277s] running install_egg_info
[1.280s] Copying ../../build/usb_camera/usb_camera.egg-info to /home/luna/ros2_ws/install/usb_camera/lib/python3.10/site-packages/usb_camera-0.0.1-py3.10.egg-info
[1.280s] running install_scripts
[1.328s] Installing usb_camera_node script to /home/luna/ros2_ws/install/usb_camera/bin
[1.329s] writing list of installed files to '/home/luna/ros2_ws/build/usb_camera/install.log'
[1.374s] Invoked command in '/home/luna/ros2_ws/src/usb_camera' returned '0': PYTHONPATH=/home/luna/ros2_ws/build/usb_camera/prefix_override:/usr/lib/python3/dist-packages/colcon_core/task/python/colcon_distutils_commands:/home/luna/ros2_ws/install/usb_camera/lib/python3.10/site-packages:${PYTHONPATH} /usr/bin/python3 -W ignore:setup.py install is deprecated -W ignore:easy_install command is deprecated setup.py egg_info --egg-base ../../build/usb_camera build --build-base /home/luna/ros2_ws/build/usb_camera/build install --record /home/luna/ros2_ws/build/usb_camera/install.log --single-version-externally-managed
