[1.183s] Invoking command in '/ros2_ws/build/package_name2': PYTHONPATH=/ros2_ws/build/package_name2/prefix_override:/usr/lib/python3/dist-packages/colcon_core/task/python/colcon_distutils_commands:/ros2_ws/install/package_name2/lib/python3.10/site-packages:${PYTHONPATH} /usr/bin/python3 -W ignore:setup.py install is deprecated -W ignore:easy_install command is deprecated setup.py develop --editable --build-directory /ros2_ws/build/package_name2/build --no-deps symlink_data
[1.453s] running develop
[1.549s] running egg_info
[1.549s] creating package_name2.egg-info
[1.550s] writing package_name2.egg-info/PKG-INFO
[1.550s] writing dependency_links to package_name2.egg-info/dependency_links.txt
[1.551s] writing entry points to package_name2.egg-info/entry_points.txt
[1.551s] writing requirements to package_name2.egg-info/requires.txt
[1.551s] writing top-level names to package_name2.egg-info/top_level.txt
[1.552s] writing manifest file 'package_name2.egg-info/SOURCES.txt'
[1.555s] reading manifest file 'package_name2.egg-info/SOURCES.txt'
[1.557s] writing manifest file 'package_name2.egg-info/SOURCES.txt'
[1.560s] running build_ext
[1.560s] Creating /ros2_ws/install/package_name2/lib/python3.10/site-packages/package-name2.egg-link (link to .)
[1.562s] 
[1.562s] Installed /ros2_ws/build/package_name2
[1.562s] running symlink_data
[1.562s] creating /ros2_ws/install/package_name2/share/ament_index
[1.563s] creating /ros2_ws/install/package_name2/share/ament_index/resource_index
[1.563s] creating /ros2_ws/install/package_name2/share/ament_index/resource_index/packages
[1.563s] symbolically linking /ros2_ws/build/package_name2/resource/package_name2 -> /ros2_ws/install/package_name2/share/ament_index/resource_index/packages
[1.563s] symbolically linking /ros2_ws/build/package_name2/package.xml -> /ros2_ws/install/package_name2/share/package_name2
[1.654s] Invoked command in '/ros2_ws/build/package_name2' returned '0': PYTHONPATH=/ros2_ws/build/package_name2/prefix_override:/usr/lib/python3/dist-packages/colcon_core/task/python/colcon_distutils_commands:/ros2_ws/install/package_name2/lib/python3.10/site-packages:${PYTHONPATH} /usr/bin/python3 -W ignore:setup.py install is deprecated -W ignore:easy_install command is deprecated setup.py develop --editable --build-directory /ros2_ws/build/package_name2/build --no-deps symlink_data
